<html>
<body>
<pre>
<h1>µVision Build Log</h1>
<h2>Tool Versions:</h2>
IDE-Version: ¦ÌVision V5.29.0.0
Copyright (C) 2019 ARM Ltd and ARM Germany GmbH. All rights reserved.
License Information: Li JunkYu, guet, LIC=CZLX7-E1WA3-UGC7Q-NA518-CULXN-794AH
 
Tool Versions:
Toolchain:       MDK-ARM Plus  Version: 5.29.0.0
Toolchain Path:  D:\Software\Keil_v5\ARM\ARMCC\Bin
C Compiler:      Armcc.exe V5.06 update 6 (build 750)
Assembler:       Armasm.exe V5.06 update 6 (build 750)
Linker/Locator:  ArmLink.exe V5.06 update 6 (build 750)
Library Manager: ArmAr.exe V5.06 update 6 (build 750)
Hex Converter:   FromElf.exe V5.06 update 6 (build 750)
CPU DLL:         SARMCM3.DLL V5.29.0.0
Dialog DLL:      DCM.DLL V1.17.3.0
Target DLL:      STLink\ST-LINKIII-KEIL_SWO.dll V3.0.7.0
Dialog DLL:      TCM.DLL V1.36.5.0
 
<h2>Project:</h2>
D:\Code\Curtch\curtch\LowerComputer\project\USER\curtch_lp.uvprojx
Project File Date:  05/10/2020

<h2>Output:</h2>
*** Using Compiler 'V5.06 update 6 (build 750)', folder: 'D:\Software\Keil_v5\ARM\ARMCC\Bin'
Build target 'Curtch'
compiling main.c...
..\HARDWARE\ATGM336H\atgm336h.h(29): warning:  #1295-D: Deprecated declaration clrStruct - give arg types
  void clrStruct();
..\HARDWARE\ATGM336H\atgm336h.h(31): warning:  #1295-D: Deprecated declaration parseGpsBuffer - give arg types
  void parseGpsBuffer();
..\HARDWARE\ATGM336H\atgm336h.h(32): warning:  #1295-D: Deprecated declaration printGpsBuffer - give arg types
  void printGpsBuffer();
..\HARDWARE\ATGM336H\atgm336h.h(33): warning:  #1295-D: Deprecated declaration gpsToBaiduMap - give arg types
  void gpsToBaiduMap();
..\HARDWARE\ATGM336H\atgm336h.h(35): warning:  #1-D: last line of file ends without a newline
  #endif
..\HARDWARE\HCSR04\hcsr04.h(11): warning:  #1295-D: Deprecated declaration HCSR04_Get_Distance - give arg types
  int HCSR04_Get_Distance();
..\HARDWARE\HCSR04\hcsr04.h(13): warning:  #1-D: last line of file ends without a newline
  #endif
..\HARDWARE\LED\led.h(11): warning:  #1-D: last line of file ends without a newline
  #endif
..\HARDWARE\KEY\key.h(18): warning:  #1-D: last line of file ends without a newline
  #endif
..\HARDWARE\BEEP\beep.h(10): warning:  #1-D: last line of file ends without a newline
  #endif
main.c(99): warning:  #223-D: function "memset" declared implicitly
  				memset(sendBuffer, 0, sizeof(sendBuffer));
main.c(107): warning:  #223-D: function "memset" declared implicitly
  			memset(sendBuffer, 0, sizeof(sendBuffer));
main.c(147): warning:  #223-D: function "memset" declared implicitly
  			memset(sendBuffer, 0, sizeof(sendBuffer));
main.c(150): warning:  #167-D: argument of type "char *" is incompatible with parameter of type "u8 *"
  			esp8266_send_data_tcp(sendBuffer, 20);
main.c(154): warning:  #167-D: argument of type "char *" is incompatible with parameter of type "u8 *"
  			esp8266_send_data_tcp(sendBuffer, 20);
main.c(159): warning:  #111-D: statement is unreachable
  	return 0;
main.c(29): warning:  #177-D: variable "points"  was declared but never referenced
  	char points[10][21] = {			//Ä£Äâ×ø±ê
main.c(43): warning:  #177-D: variable "temp"  was declared but never referenced
  	short temp;						//ÎÂ¶È	
main.c(45): warning:  #177-D: variable "i"  was declared but never referenced
  	u8 i = 0, t = 1;
main.c(45): warning:  #177-D: variable "t"  was declared but never referenced
  	u8 i = 0, t = 1;
main.c: 20 warnings, 0 errors
linking...
Program Size: Code=38048 RO-data=4636 RW-data=444 ZI-data=3900  
FromELF: creating hex file...
"..\OBJ\curtch_lp.axf" - 0 Error(s), 20 Warning(s).

<h2>Software Packages used:</h2>

Package Vendor: Keil
                http://www.keil.com/pack/Keil.STM32F1xx_DFP.2.3.0.pack
                Keil.STM32F1xx_DFP.2.3.0
                STMicroelectronics STM32F1 Series Device Support, Drivers and Examples

<h2>Collection of Component include folders:</h2>
  .\RTE\_Curtch
  D:\Software\Keil_v5\ARM\PACK\Keil\STM32F1xx_DFP\2.3.0\Device\Include

<h2>Collection of Component Files used:</h2>
Build Time Elapsed:  00:00:01
</pre>
</body>
</html>
