Component: ARM Compiler 5.06 update 6 (build 750) Tool: armlink [4d35ed]

==============================================================================

Section Cross References

    system_stm32f10x.o(i.SetSysClock) refers to system_stm32f10x.o(i.SetSysClockTo72) for SetSysClockTo72
    system_stm32f10x.o(i.SystemCoreClockUpdate) refers to system_stm32f10x.o(.data) for SystemCoreClock
    system_stm32f10x.o(i.SystemInit) refers to system_stm32f10x.o(i.SetSysClock) for SetSysClock
    startup_stm32f10x_md.o(STACK) refers (Special) to heapauxi.o(.text) for __use_two_region_memory
    startup_stm32f10x_md.o(HEAP) refers (Special) to heapauxi.o(.text) for __use_two_region_memory
    startup_stm32f10x_md.o(RESET) refers (Special) to heapauxi.o(.text) for __use_two_region_memory
    startup_stm32f10x_md.o(RESET) refers to startup_stm32f10x_md.o(STACK) for __initial_sp
    startup_stm32f10x_md.o(RESET) refers to startup_stm32f10x_md.o(.text) for Reset_Handler
    startup_stm32f10x_md.o(RESET) refers to stm32f10x_it.o(i.NMI_Handler) for NMI_Handler
    startup_stm32f10x_md.o(RESET) refers to stm32f10x_it.o(i.HardFault_Handler) for HardFault_Handler
    startup_stm32f10x_md.o(RESET) refers to stm32f10x_it.o(i.MemManage_Handler) for MemManage_Handler
    startup_stm32f10x_md.o(RESET) refers to stm32f10x_it.o(i.BusFault_Handler) for BusFault_Handler
    startup_stm32f10x_md.o(RESET) refers to stm32f10x_it.o(i.UsageFault_Handler) for UsageFault_Handler
    startup_stm32f10x_md.o(RESET) refers to stm32f10x_it.o(i.SVC_Handler) for SVC_Handler
    startup_stm32f10x_md.o(RESET) refers to stm32f10x_it.o(i.DebugMon_Handler) for DebugMon_Handler
    startup_stm32f10x_md.o(RESET) refers to stm32f10x_it.o(i.PendSV_Handler) for PendSV_Handler
    startup_stm32f10x_md.o(RESET) refers to stm32f10x_it.o(i.SysTick_Handler) for SysTick_Handler
    startup_stm32f10x_md.o(RESET) refers to hcsr04.o(i.TIM2_IRQHandler) for TIM2_IRQHandler
    startup_stm32f10x_md.o(RESET) refers to timer.o(i.TIM3_IRQHandler) for TIM3_IRQHandler
    startup_stm32f10x_md.o(RESET) refers to usmart.o(i.TIM4_IRQHandler) for TIM4_IRQHandler
    startup_stm32f10x_md.o(RESET) refers to usart.o(i.USART1_IRQHandler) for USART1_IRQHandler
    startup_stm32f10x_md.o(RESET) refers to usart2.o(i.USART2_IRQHandler) for USART2_IRQHandler
    startup_stm32f10x_md.o(RESET) refers to usart3.o(i.USART3_IRQHandler) for USART3_IRQHandler
    startup_stm32f10x_md.o(.text) refers (Special) to heapauxi.o(.text) for __use_two_region_memory
    startup_stm32f10x_md.o(.text) refers to system_stm32f10x.o(i.SystemInit) for SystemInit
    startup_stm32f10x_md.o(.text) refers to __main.o(!!!main) for __main
    startup_stm32f10x_md.o(.text) refers to startup_stm32f10x_md.o(HEAP) for Heap_Mem
    startup_stm32f10x_md.o(.text) refers to startup_stm32f10x_md.o(STACK) for Stack_Mem
    stm32f10x_adc.o(i.ADC_DeInit) refers to stm32f10x_rcc.o(i.RCC_APB2PeriphResetCmd) for RCC_APB2PeriphResetCmd
    stm32f10x_bkp.o(i.BKP_DeInit) refers to stm32f10x_rcc.o(i.RCC_BackupResetCmd) for RCC_BackupResetCmd
    stm32f10x_can.o(i.CAN_DeInit) refers to stm32f10x_rcc.o(i.RCC_APB1PeriphResetCmd) for RCC_APB1PeriphResetCmd
    stm32f10x_can.o(i.CAN_GetITStatus) refers to stm32f10x_can.o(i.CheckITStatus) for CheckITStatus
    stm32f10x_cec.o(i.CEC_DeInit) refers to stm32f10x_rcc.o(i.RCC_APB1PeriphResetCmd) for RCC_APB1PeriphResetCmd
    stm32f10x_dac.o(i.DAC_DeInit) refers to stm32f10x_rcc.o(i.RCC_APB1PeriphResetCmd) for RCC_APB1PeriphResetCmd
    stm32f10x_flash.o(i.FLASH_EnableWriteProtection) refers to stm32f10x_flash.o(i.FLASH_WaitForLastOperation) for FLASH_WaitForLastOperation
    stm32f10x_flash.o(i.FLASH_EraseAllBank1Pages) refers to stm32f10x_flash.o(i.FLASH_WaitForLastBank1Operation) for FLASH_WaitForLastBank1Operation
    stm32f10x_flash.o(i.FLASH_EraseAllPages) refers to stm32f10x_flash.o(i.FLASH_WaitForLastOperation) for FLASH_WaitForLastOperation
    stm32f10x_flash.o(i.FLASH_EraseOptionBytes) refers to stm32f10x_flash.o(i.FLASH_GetReadOutProtectionStatus) for FLASH_GetReadOutProtectionStatus
    stm32f10x_flash.o(i.FLASH_EraseOptionBytes) refers to stm32f10x_flash.o(i.FLASH_WaitForLastOperation) for FLASH_WaitForLastOperation
    stm32f10x_flash.o(i.FLASH_ErasePage) refers to stm32f10x_flash.o(i.FLASH_WaitForLastOperation) for FLASH_WaitForLastOperation
    stm32f10x_flash.o(i.FLASH_ProgramHalfWord) refers to stm32f10x_flash.o(i.FLASH_WaitForLastOperation) for FLASH_WaitForLastOperation
    stm32f10x_flash.o(i.FLASH_ProgramOptionByteData) refers to stm32f10x_flash.o(i.FLASH_WaitForLastOperation) for FLASH_WaitForLastOperation
    stm32f10x_flash.o(i.FLASH_ProgramWord) refers to stm32f10x_flash.o(i.FLASH_WaitForLastOperation) for FLASH_WaitForLastOperation
    stm32f10x_flash.o(i.FLASH_ReadOutProtection) refers to stm32f10x_flash.o(i.FLASH_WaitForLastOperation) for FLASH_WaitForLastOperation
[...]
    _memset                                  0x08000871   Thumb Code     0  rt_memclr.o(.text)
    __aeabi_memclr4                          0x080008b1   Thumb Code     0  rt_memclr_w.o(.text)
    __aeabi_memclr8                          0x080008b1   Thumb Code     0  rt_memclr_w.o(.text)
    __rt_memclr_w                            0x080008b1   Thumb Code    78  rt_memclr_w.o(.text)
    _memset_w                                0x080008b5   Thumb Code     0  rt_memclr_w.o(.text)
    __use_two_region_memory                  0x080008ff   Thumb Code     2  heapauxi.o(.text)
    __rt_heap_escrow$2region                 0x08000901   Thumb Code     2  heapauxi.o(.text)
    __rt_heap_expand$2region                 0x08000903   Thumb Code     2  heapauxi.o(.text)
    __I$use$semihosting                      0x08000905   Thumb Code     0  use_no_semi.o(.text)
    __use_no_semihosting_swi                 0x08000905   Thumb Code     2  use_no_semi.o(.text)
    __aeabi_uldivmod                         0x08000907   Thumb Code     0  lludivv7m.o(.text)
    _ll_udiv                                 0x08000907   Thumb Code   238  lludivv7m.o(.text)
    __read_errno                             0x080009f5   Thumb Code    10  _rserrno.o(.text)
    __set_errno                              0x080009ff   Thumb Code    12  _rserrno.o(.text)
    _printf_truncate_signed                  0x08000a0b   Thumb Code    18  _printf_truncate.o(.text)
    _printf_truncate_unsigned                0x08000a1d   Thumb Code    18  _printf_truncate.o(.text)
    _printf_int_common                       0x08000a2f   Thumb Code   178  _printf_intcommon.o(.text)
    _printf_charcount                        0x08000ae1   Thumb Code    40  _printf_charcount.o(.text)
    __lib_sel_fp_printf                      0x08000b09   Thumb Code     2  _printf_fp_dec.o(.text)
    _printf_fp_dec_real                      0x08000cbb   Thumb Code   620  _printf_fp_dec.o(.text)
    _printf_char_common                      0x08000f33   Thumb Code    32  _printf_char_common.o(.text)
    _sputc                                   0x08000f59   Thumb Code    10  _sputc.o(.text)
    _printf_cs_common                        0x08000f63   Thumb Code    20  _printf_char.o(.text)
    _printf_char                             0x08000f77   Thumb Code    16  _printf_char.o(.text)
    _printf_string                           0x08000f87   Thumb Code     8  _printf_char.o(.text)
    _printf_char_file                        0x08000f91   Thumb Code    32  _printf_char_file.o(.text)
    _printf_wctomb                           0x08000fb5   Thumb Code   182  _printf_wctomb.o(.text)
    _printf_longlong_dec                     0x08001071   Thumb Code   108  _printf_longlong_dec.o(.text)
    _printf_longlong_oct                     0x080010ed   Thumb Code    66  _printf_oct_int_ll.o(.text)
    _printf_int_oct                          0x0800112f   Thumb Code    24  _printf_oct_int_ll.o(.text)
    _printf_ll_oct                           0x08001147   Thumb Code    12  _printf_oct_int_ll.o(.text)
    __rt_locale                              0x0800115d   Thumb Code     8  rt_locale_intlibspace.o(.text)
    __aeabi_errno_addr                       0x08001165   Thumb Code     8  rt_errno_addr_intlibspace.o(.text)
    __errno$intlibspace                      0x08001165   Thumb Code     0  rt_errno_addr_intlibspace.o(.text)
    __rt_errno_addr$intlibspace              0x08001165   Thumb Code     0  rt_errno_addr_intlibspace.o(.text)
    _ll_udiv10                               0x0800116d   Thumb Code   138  lludiv10.o(.text)
    _printf_fp_hex_real                      0x080011f9   Thumb Code   756  _printf_fp_hex.o(.text)
    _printf_fp_infnan                        0x080014f5   Thumb Code   112  _printf_fp_infnan.o(.text)
    _printf_lcs_common                       0x08001575   Thumb Code    20  _printf_wchar.o(.text)
    _printf_wchar                            0x08001589   Thumb Code    16  _printf_wchar.o(.text)
    _printf_wstring                          0x08001599   Thumb Code     8  _printf_wchar.o(.text)
    _btod_etento                             0x080015a1   Thumb Code   224  bigflt0.o(.text)
    ferror                                   0x08001685   Thumb Code     8  ferror.o(.text)
    _wcrtomb                                 0x0800168d   Thumb Code    64  _wcrtomb.o(.text)
    __user_libspace                          0x080016cd   Thumb Code     8  libspace.o(.text)
    __user_perproc_libspace                  0x080016cd   Thumb Code     0  libspace.o(.text)
    __user_perthread_libspace                0x080016cd   Thumb Code     0  libspace.o(.text)
    __user_setup_stackheap                   0x080016d5   Thumb Code    74  sys_stackheap_outer.o(.text)
    __rt_ctype_table                         0x08001721   Thumb Code    16  rt_ctype_table.o(.text)
    exit                                     0x08001731   Thumb Code    18  exit.o(.text)
    strcmp                                   0x08001745   Thumb Code   128  strcmpv7m.o(.text)
    _btod_d2e                                0x080017c5   Thumb Code    62  btod.o(CL$$btod_d2e)
    _d2e_denorm_low                          0x08001803   Thumb Code    70  btod.o(CL$$btod_d2e_denorm_low)
    _d2e_norm_op1                            0x08001849   Thumb Code    96  btod.o(CL$$btod_d2e_norm_op1)
    __btod_div_common                        0x080018a9   Thumb Code   696  btod.o(CL$$btod_div_common)
    _e2e                                     0x08001be1   Thumb Code   220  btod.o(CL$$btod_e2e)
    _btod_ediv                               0x08001cbd   Thumb Code    42  btod.o(CL$$btod_ediv)
    _btod_emul                               0x08001ce7   Thumb Code    42  btod.o(CL$$btod_emul)
    __btod_mult_common                       0x08001d11   Thumb Code   580  btod.o(CL$$btod_mult_common)
    BEEP_Init                                0x08001f55   Thumb Code    46  beep.o(i.BEEP_Init)
    BusFault_Handler                         0x08001f89   Thumb Code     4  stm32f10x_it.o(i.BusFault_Handler)
    CLR_Buf                                  0x08001f8d   Thumb Code    18  usart2.o(i.CLR_Buf)
    DebugMon_Handler                         0x08001fa9   Thumb Code     2  stm32f10x_it.o(i.DebugMon_Handler)
    GPIO_Init                                0x08001fab   Thumb Code   278  stm32f10x_gpio.o(i.GPIO_Init)
    GPIO_PinRemapConfig                      0x080020c1   Thumb Code   138  stm32f10x_gpio.o(i.GPIO_PinRemapConfig)
    GPIO_ReadInputDataBit                    0x08002151   Thumb Code    18  stm32f10x_gpio.o(i.GPIO_ReadInputDataBit)
    GPIO_ResetBits                           0x08002163   Thumb Code     4  stm32f10x_gpio.o(i.GPIO_ResetBits)
    GPIO_SetBits                             0x08002167   Thumb Code     4  stm32f10x_gpio.o(i.GPIO_SetBits)
    HCSR04_Get_Distance                      0x0800216d   Thumb Code   120  hcsr04.o(i.HCSR04_Get_Distance)
    HCSR04_Init                              0x080021f9   Thumb Code   192  hcsr04.o(i.HCSR04_Init)
    HardFault_Handler                        0x080022bd   Thumb Code     4  stm32f10x_it.o(i.HardFault_Handler)
    KEY_Init                                 0x080022c1   Thumb Code    32  key.o(i.KEY_Init)
    KEY_Scan                                 0x080022e5   Thumb Code   110  key.o(i.KEY_Scan)
    LED_Init                                 0x0800235d   Thumb Code    76  led.o(i.LED_Init)
    MPU_Get_Accelerometer                    0x080023ad   Thumb Code    80  mpu6050.o(i.MPU_Get_Accelerometer)
    MPU_Get_Gyroscope                        0x080023fd   Thumb Code    80  mpu6050.o(i.MPU_Get_Gyroscope)
    MPU_Get_Temperature                      0x0800244d   Thumb Code    86  mpu6050.o(i.MPU_Get_Temperature)
    MPU_IIC_Ack                              0x080024b5   Thumb Code    62  mpuiic.o(i.MPU_IIC_Ack)
    MPU_IIC_Delay                            0x08002501   Thumb Code    10  mpuiic.o(i.MPU_IIC_Delay)
    MPU_IIC_Init                             0x0800250d   Thumb Code    50  mpuiic.o(i.MPU_IIC_Init)
    MPU_IIC_NAck                             0x08002545   Thumb Code    62  mpuiic.o(i.MPU_IIC_NAck)
    MPU_IIC_Read_Byte                        0x08002591   Thumb Code    94  mpuiic.o(i.MPU_IIC_Read_Byte)
    MPU_IIC_Send_Byte                        0x080025fd   Thumb Code    80  mpuiic.o(i.MPU_IIC_Send_Byte)
    MPU_IIC_Start                            0x08002659   Thumb Code    60  mpuiic.o(i.MPU_IIC_Start)
    MPU_IIC_Stop                             0x080026a1   Thumb Code    58  mpuiic.o(i.MPU_IIC_Stop)
    MPU_IIC_Wait_Ack                         0x080026e9   Thumb Code    86  mpuiic.o(i.MPU_IIC_Wait_Ack)
    MPU_Init                                 0x0800274d   Thumb Code   180  mpu6050.o(i.MPU_Init)
    MPU_Read_Byte                            0x0800280d   Thumb Code    58  mpu6050.o(i.MPU_Read_Byte)
    MPU_Read_Len                             0x08002847   Thumb Code   116  mpu6050.o(i.MPU_Read_Len)
    MPU_Set_Accel_Fsr                        0x080028bb   Thumb Code    16  mpu6050.o(i.MPU_Set_Accel_Fsr)
    MPU_Set_Gyro_Fsr                         0x080028cb   Thumb Code    16  mpu6050.o(i.MPU_Set_Gyro_Fsr)
    MPU_Set_LPF                              0x080028db   Thumb Code    58  mpu6050.o(i.MPU_Set_LPF)
    MPU_Set_Rate                             0x08002915   Thumb Code    58  mpu6050.o(i.MPU_Set_Rate)
    MPU_Write_Byte                           0x0800294f   Thumb Code    68  mpu6050.o(i.MPU_Write_Byte)
    MPU_Write_Len                            0x08002993   Thumb Code    96  mpu6050.o(i.MPU_Write_Len)
    MemManage_Handler                        0x080029f3   Thumb Code     4  stm32f10x_it.o(i.MemManage_Handler)
    NMI_Handler                              0x080029f7   Thumb Code     2  stm32f10x_it.o(i.NMI_Handler)
    NVIC_Init                                0x080029f9   Thumb Code   100  misc.o(i.NVIC_Init)
    NVIC_PriorityGroupConfig                 0x08002a69   Thumb Code    10  misc.o(i.NVIC_PriorityGroupConfig)
    PendSV_Handler                           0x08002a7d   Thumb Code     2  stm32f10x_it.o(i.PendSV_Handler)
    RCC_APB1PeriphClockCmd                   0x08002a81   Thumb Code    26  stm32f10x_rcc.o(i.RCC_APB1PeriphClockCmd)
    RCC_APB1PeriphResetCmd                   0x08002aa1   Thumb Code    26  stm32f10x_rcc.o(i.RCC_APB1PeriphResetCmd)
    RCC_APB2PeriphClockCmd                   0x08002ac1   Thumb Code    26  stm32f10x_rcc.o(i.RCC_APB2PeriphClockCmd)
    RCC_APB2PeriphResetCmd                   0x08002ae1   Thumb Code    26  stm32f10x_rcc.o(i.RCC_APB2PeriphResetCmd)
    RCC_GetClocksFreq                        0x08002b01   Thumb Code   192  stm32f10x_rcc.o(i.RCC_GetClocksFreq)
    SVC_Handler                              0x08002bd5   Thumb Code     2  stm32f10x_it.o(i.SVC_Handler)
    SysTick_CLKSourceConfig                  0x08002cc1   Thumb Code    40  misc.o(i.SysTick_CLKSourceConfig)
    SysTick_Handler                          0x08002ce9   Thumb Code     2  stm32f10x_it.o(i.SysTick_Handler)
    SystemInit                               0x08002ced   Thumb Code    78  system_stm32f10x.o(i.SystemInit)
    TIM2_IRQHandler                          0x08002f8d   Thumb Code   186  hcsr04.o(i.TIM2_IRQHandler)
    TIM3_IRQHandler                          0x08003051   Thumb Code    42  timer.o(i.TIM3_IRQHandler)
    TIM3_Int_Init                            0x08003085   Thumb Code    90  timer.o(i.TIM3_Int_Init)
    TIM4_IRQHandler                          0x080030e5   Thumb Code    46  usmart.o(i.TIM4_IRQHandler)
    TIM_ClearFlag                            0x0800311d   Thumb Code     6  stm32f10x_tim.o(i.TIM_ClearFlag)
    TIM_ClearITPendingBit                    0x08003123   Thumb Code     6  stm32f10x_tim.o(i.TIM_ClearITPendingBit)
    TIM_Cmd                                  0x08003129   Thumb Code    24  stm32f10x_tim.o(i.TIM_Cmd)
    TIM_GetCapture1                          0x08003141   Thumb Code     6  stm32f10x_tim.o(i.TIM_GetCapture1)
    TIM_GetCounter                           0x08003147   Thumb Code     6  stm32f10x_tim.o(i.TIM_GetCounter)
    TIM_GetFlagStatus                        0x0800314d   Thumb Code    18  stm32f10x_tim.o(i.TIM_GetFlagStatus)
    TIM_GetITStatus                          0x0800315f   Thumb Code    34  stm32f10x_tim.o(i.TIM_GetITStatus)
    TIM_ICInit                               0x08003181   Thumb Code   150  stm32f10x_tim.o(i.TIM_ICInit)
    TIM_ITConfig                             0x0800322d   Thumb Code    18  stm32f10x_tim.o(i.TIM_ITConfig)
    TIM_OC1PolarityConfig                    0x0800323f   Thumb Code    18  stm32f10x_tim.o(i.TIM_OC1PolarityConfig)
    TIM_SetAutoreload                        0x08003251   Thumb Code     4  stm32f10x_tim.o(i.TIM_SetAutoreload)
    TIM_SetCounter                           0x08003255   Thumb Code     4  stm32f10x_tim.o(i.TIM_SetCounter)
    TIM_SetIC1Prescaler                      0x08003259   Thumb Code    18  stm32f10x_tim.o(i.TIM_SetIC1Prescaler)
    TIM_SetIC2Prescaler                      0x0800326b   Thumb Code    26  stm32f10x_tim.o(i.TIM_SetIC2Prescaler)
    TIM_SetIC3Prescaler                      0x08003285   Thumb Code    18  stm32f10x_tim.o(i.TIM_SetIC3Prescaler)
    TIM_SetIC4Prescaler                      0x08003297   Thumb Code    26  stm32f10x_tim.o(i.TIM_SetIC4Prescaler)
    TIM_TimeBaseInit                         0x080032b1   Thumb Code   122  stm32f10x_tim.o(i.TIM_TimeBaseInit)
    Timer4_Init                              0x08003355   Thumb Code    88  usmart.o(i.Timer4_Init)
    USART1_IRQHandler                        0x080033b1   Thumb Code   122  usart.o(i.USART1_IRQHandler)
    USART2_IRQHandler                        0x08003439   Thumb Code   134  usart2.o(i.USART2_IRQHandler)
    USART3_IRQHandler                        0x080034d1   Thumb Code    94  usart3.o(i.USART3_IRQHandler)
    USART_Cmd                                0x08003541   Thumb Code    24  stm32f10x_usart.o(i.USART_Cmd)
    USART_DeInit                             0x08003559   Thumb Code   134  stm32f10x_usart.o(i.USART_DeInit)
    USART_GetFlagStatus                      0x080035f5   Thumb Code    26  stm32f10x_usart.o(i.USART_GetFlagStatus)
    USART_GetITStatus                        0x0800360f   Thumb Code    84  stm32f10x_usart.o(i.USART_GetITStatus)
    USART_ITConfig                           0x08003663   Thumb Code    74  stm32f10x_usart.o(i.USART_ITConfig)
    USART_Init                               0x080036ad   Thumb Code   210  stm32f10x_usart.o(i.USART_Init)
    USART_ReceiveData                        0x08003785   Thumb Code    10  stm32f10x_usart.o(i.USART_ReceiveData)
    USART_SendData                           0x0800378f   Thumb Code     8  stm32f10x_usart.o(i.USART_SendData)
    UsageFault_Handler                       0x08003797   Thumb Code     4  stm32f10x_it.o(i.UsageFault_Handler)
    __ARM_fpclassify                         0x0800379b   Thumb Code    40  fpclassify.o(i.__ARM_fpclassify)
    __kernel_poly                            0x080037c3   Thumb Code   170  poly.o(i.__kernel_poly)
    __mathlib_dbl_infnan                     0x0800386d   Thumb Code     6  dunder.o(i.__mathlib_dbl_infnan)
    __mathlib_dbl_infnan2                    0x08003873   Thumb Code     4  dunder.o(i.__mathlib_dbl_infnan2)
    __mathlib_dbl_invalid                    0x08003877   Thumb Code    12  dunder.o(i.__mathlib_dbl_invalid)
    __mathlib_dbl_underflow                  0x08003885   Thumb Code    10  dunder.o(i.__mathlib_dbl_underflow)
    _is_digit                                0x08003895   Thumb Code    14  __printf_wp.o(i._is_digit)
    _sys_exit                                0x080038a3   Thumb Code     6  usart.o(i._sys_exit)
    asin                                     0x08003955   Thumb Code   572  asin.o(i.asin)
    atan                                     0x08003bc5   Thumb Code   474  atan.o(i.atan)
    atan2                                    0x08003de5   Thumb Code   346  atan2.o(i.atan2)
    clrStruct                                0x08003f65   Thumb Code    72  atgm336h.o(i.clrStruct)
    delay_init                               0x08004015   Thumb Code    50  delay.o(i.delay_init)
    delay_ms                                 0x08004059   Thumb Code    72  delay.o(i.delay_ms)
    delay_us                                 0x080040a5   Thumb Code    72  delay.o(i.delay_us)
    dmp_enable_6x_lp_quat                    0x080040f1   Thumb Code    60  inv_mpu_dmp_motion_driver.o(i.dmp_enable_6x_lp_quat)
    dmp_enable_feature                       0x0800412d   Thumb Code   530  inv_mpu_dmp_motion_driver.o(i.dmp_enable_feature)
    dmp_enable_gyro_cal                      0x08004349   Thumb Code    62  inv_mpu_dmp_motion_driver.o(i.dmp_enable_gyro_cal)
    dmp_enable_lp_quat                       0x080043a1   Thumb Code    60  inv_mpu_dmp_motion_driver.o(i.dmp_enable_lp_quat)
    dmp_load_motion_driver_firmware          0x080043dd   Thumb Code    20  inv_mpu_dmp_motion_driver.o(i.dmp_load_motion_driver_firmware)
    dmp_read_fifo                            0x080043f5   Thumb Code   456  inv_mpu_dmp_motion_driver.o(i.dmp_read_fifo)
    dmp_set_accel_bias                       0x080045c1   Thumb Code   300  inv_mpu_dmp_motion_driver.o(i.dmp_set_accel_bias)
    dmp_set_fifo_rate                        0x080046f1   Thumb Code    96  inv_mpu_dmp_motion_driver.o(i.dmp_set_fifo_rate)
    dmp_set_gyro_bias                        0x08004761   Thumb Code   294  inv_mpu_dmp_motion_driver.o(i.dmp_set_gyro_bias)
    dmp_set_orientation                      0x08004891   Thumb Code   290  inv_mpu_dmp_motion_driver.o(i.dmp_set_orientation)
    dmp_set_shake_reject_thresh              0x080049c9   Thumb Code    56  inv_mpu_dmp_motion_driver.o(i.dmp_set_shake_reject_thresh)
    dmp_set_shake_reject_time                0x08004a01   Thumb Code    38  inv_mpu_dmp_motion_driver.o(i.dmp_set_shake_reject_time)
    dmp_set_shake_reject_timeout             0x08004a27   Thumb Code    38  inv_mpu_dmp_motion_driver.o(i.dmp_set_shake_reject_timeout)
    dmp_set_tap_axes                         0x08004a4d   Thumb Code    70  inv_mpu_dmp_motion_driver.o(i.dmp_set_tap_axes)
    dmp_set_tap_count                        0x08004a93   Thumb Code    38  inv_mpu_dmp_motion_driver.o(i.dmp_set_tap_count)
    dmp_set_tap_thresh                       0x08004ab9   Thumb Code   396  inv_mpu_dmp_motion_driver.o(i.dmp_set_tap_thresh)
    dmp_set_tap_time                         0x08004c59   Thumb Code    38  inv_mpu_dmp_motion_driver.o(i.dmp_set_tap_time)
    dmp_set_tap_time_multi                   0x08004c7f   Thumb Code    38  inv_mpu_dmp_motion_driver.o(i.dmp_set_tap_time_multi)
    errorLog                                 0x08004ca5   Thumb Code    14  atgm336h.o(i.errorLog)
    esp8266_check_cmd                        0x08004cc1   Thumb Code    44  esp8266.o(i.esp8266_check_cmd)
    esp8266_send_cmd                         0x08004cf5   Thumb Code    92  esp8266.o(i.esp8266_send_cmd)
    esp8266_send_data_tcp                    0x08004d69   Thumb Code    58  esp8266.o(i.esp8266_send_data_tcp)
    esp8266_start_trans                      0x08004dbd   Thumb Code    86  esp8266.o(i.esp8266_start_trans)
    fputc                                    0x08004e79   Thumb Code    24  usart.o(i.fputc)
    inv_orientation_matrix_to_scalar         0x080054d1   Thumb Code    40  inv_mpu.o(i.inv_orientation_matrix_to_scalar)
    inv_row_2_scale                          0x080054f9   Thumb Code    78  inv_mpu.o(i.inv_row_2_scale)
    main                                     0x08005549   Thumb Code   752  main.o(i.main)
    mget_ms                                  0x0800590d   Thumb Code     2  inv_mpu.o(i.mget_ms)
    mpu_configure_fifo                       0x08005911   Thumb Code   106  inv_mpu.o(i.mpu_configure_fifo)
    mpu_dmp_get_data                         0x08005981   Thumb Code   544  inv_mpu.o(i.mpu_dmp_get_data)
    mpu_dmp_init                             0x08005ba5   Thumb Code   154  inv_mpu.o(i.mpu_dmp_init)
    mpu_get_accel_fsr                        0x08005c45   Thumb Code    72  inv_mpu.o(i.mpu_get_accel_fsr)
    mpu_get_accel_sens                       0x08005c91   Thumb Code    78  inv_mpu.o(i.mpu_get_accel_sens)
    mpu_get_fifo_config                      0x08005ce5   Thumb Code    12  inv_mpu.o(i.mpu_get_fifo_config)
    mpu_get_gyro_fsr                         0x08005cf5   Thumb Code    64  inv_mpu.o(i.mpu_get_gyro_fsr)
    mpu_get_gyro_sens                        0x08005d39   Thumb Code    58  inv_mpu.o(i.mpu_get_gyro_sens)
    mpu_get_lpf                              0x08005d89   Thumb Code    74  inv_mpu.o(i.mpu_get_lpf)
    mpu_get_sample_rate                      0x08005dd9   Thumb Code    26  inv_mpu.o(i.mpu_get_sample_rate)
    mpu_init                                 0x08005df9   Thumb Code   416  inv_mpu.o(i.mpu_init)
    mpu_load_firmware                        0x08005fe9   Thumb Code   180  inv_mpu.o(i.mpu_load_firmware)
    mpu_lp_accel_mode                        0x080060a1   Thumb Code   218  inv_mpu.o(i.mpu_lp_accel_mode)
    mpu_read_fifo_stream                     0x08006181   Thumb Code   186  inv_mpu.o(i.mpu_read_fifo_stream)
    mpu_read_mem                             0x08006241   Thumb Code   122  inv_mpu.o(i.mpu_read_mem)
    mpu_reset_fifo                           0x080062c1   Thumb Code   450  inv_mpu.o(i.mpu_reset_fifo)
    mpu_run_self_test                        0x08006489   Thumb Code   278  inv_mpu.o(i.mpu_run_self_test)
    mpu_set_accel_fsr                        0x080065a5   Thumb Code   126  inv_mpu.o(i.mpu_set_accel_fsr)
    mpu_set_bypass                           0x08006629   Thumb Code   328  inv_mpu.o(i.mpu_set_bypass)
    mpu_set_dmp_state                        0x08006775   Thumb Code   138  inv_mpu.o(i.mpu_set_dmp_state)
    mpu_set_gyro_fsr                         0x08006805   Thumb Code   132  inv_mpu.o(i.mpu_set_gyro_fsr)
    mpu_set_int_latched                      0x0800688d   Thumb Code   102  inv_mpu.o(i.mpu_set_int_latched)
    mpu_set_lpf                              0x080068f9   Thumb Code   126  inv_mpu.o(i.mpu_set_lpf)
    mpu_set_sample_rate                      0x0800697d   Thumb Code   152  inv_mpu.o(i.mpu_set_sample_rate)
    mpu_set_sensors                          0x08006a19   Thumb Code   202  inv_mpu.o(i.mpu_set_sensors)
    mpu_write_mem                            0x08006ae9   Thumb Code   122  inv_mpu.o(i.mpu_write_mem)
    parseGpsBuffer                           0x08006b69   Thumb Code   234  atgm336h.o(i.parseGpsBuffer)
    read_addr                                0x08006c71   Thumb Code     6  usmart.o(i.read_addr)
    run_self_test                            0x08006c77   Thumb Code   152  inv_mpu.o(i.run_self_test)
    sqrt                                     0x08006da1   Thumb Code    76  sqrt.o(i.sqrt)
    u2_printf                                0x08006ded   Thumb Code    72  usart2.o(i.u2_printf)
    u3_printf                                0x08006e3d   Thumb Code    72  usart3.o(i.u3_printf)
    uart2_init                               0x08006e8d   Thumb Code   156  usart2.o(i.uart2_init)
    uart_init                                0x08006f31   Thumb Code   152  usart.o(i.uart_init)
    usart3_init                              0x08006fd1   Thumb Code   190  usart3.o(i.usart3_init)
    usmart_cmd_rec                           0x080070a1   Thumb Code   170  usmart.o(i.usmart_cmd_rec)
    usmart_exe                               0x08007151   Thumb Code   632  usmart.o(i.usmart_exe)
    usmart_get_aparm                         0x08007425   Thumb Code   200  usmart_str.o(i.usmart_get_aparm)
    usmart_get_cmdname                       0x080074ed   Thumb Code    54  usmart_str.o(i.usmart_get_cmdname)
    usmart_get_fname                         0x08007525   Thumb Code   440  usmart_str.o(i.usmart_get_fname)
    usmart_get_fparam                        0x080076e5   Thumb Code   262  usmart_str.o(i.usmart_get_fparam)
    usmart_get_parmpos                       0x080077f1   Thumb Code    26  usmart_str.o(i.usmart_get_parmpos)
    usmart_get_runtime                       0x08007811   Thumb Code    60  usmart.o(i.usmart_get_runtime)
    usmart_init                              0x08007855   Thumb Code    36  usmart.o(i.usmart_init)
    usmart_pow                               0x0800787d   Thumb Code    22  usmart_str.o(i.usmart_pow)
    usmart_reset_runtime                     0x08007895   Thumb Code    38  usmart.o(i.usmart_reset_runtime)
    usmart_scan                              0x080078c5   Thumb Code   120  usmart.o(i.usmart_scan)
    usmart_search_nextc                      0x08007981   Thumb Code    22  usmart_str.o(i.usmart_search_nextc)
    usmart_str2num                           0x08007997   Thumb Code   202  usmart_str.o(i.usmart_str2num)
    usmart_strcmp                            0x08007a61   Thumb Code    34  usmart_str.o(i.usmart_strcmp)
    usmart_strcopy                           0x08007a83   Thumb Code    22  usmart_str.o(i.usmart_strcopy)
    usmart_strlen                            0x08007a99   Thumb Code    24  usmart_str.o(i.usmart_strlen)
    usmart_sys_cmd_exe                       0x08007ab1   Thumb Code  1554  usmart.o(i.usmart_sys_cmd_exe)
    write_addr                               0x08008195   Thumb Code     4  usmart.o(i.write_addr)
    _get_lc_numeric                          0x08008199   Thumb Code    44  lc_numeric_c.o(locale$$code)
    _get_lc_ctype                            0x080081c5   Thumb Code    44  lc_ctype_c.o(locale$$code)
    __aeabi_d2f                              0x080081f1   Thumb Code     0  d2f.o(x$fpl$d2f)
    _d2f                                     0x080081f1   Thumb Code    98  d2f.o(x$fpl$d2f)
    __aeabi_dadd                             0x08008255   Thumb Code     0  daddsub_clz.o(x$fpl$dadd)
    _dadd                                    0x08008255   Thumb Code   332  daddsub_clz.o(x$fpl$dadd)
    __fpl_dcheck_NaN1                        0x080083a5   Thumb Code    10  dcheck1.o(x$fpl$dcheck1)
    __fpl_dcmp_Inf                           0x080083b5   Thumb Code    24  dcmpi.o(x$fpl$dcmpinf)
    __aeabi_ddiv                             0x080083cd   Thumb Code     0  ddiv.o(x$fpl$ddiv)
    _ddiv                                    0x080083cd   Thumb Code   552  ddiv.o(x$fpl$ddiv)
    __aeabi_d2iz                             0x0800867d   Thumb Code     0  dfix.o(x$fpl$dfix)
    _dfix                                    0x0800867d   Thumb Code    94  dfix.o(x$fpl$dfix)
    __aeabi_i2d                              0x080086db   Thumb Code     0  dflt_clz.o(x$fpl$dflt)
    _dflt                                    0x080086db   Thumb Code    46  dflt_clz.o(x$fpl$dflt)
    __aeabi_ui2d                             0x08008709   Thumb Code     0  dflt_clz.o(x$fpl$dfltu)
    _dfltu                                   0x08008709   Thumb Code    38  dflt_clz.o(x$fpl$dfltu)
    __aeabi_cdcmple                          0x08008731   Thumb Code     0  dleqf.o(x$fpl$dleqf)
    _dcmple                                  0x08008731   Thumb Code   120  dleqf.o(x$fpl$dleqf)
    __fpl_dcmple_InfNaN                      0x08008793   Thumb Code     0  dleqf.o(x$fpl$dleqf)
    __aeabi_dmul                             0x080087a9   Thumb Code     0  dmul.o(x$fpl$dmul)
    _dmul                                    0x080087a9   Thumb Code   332  dmul.o(x$fpl$dmul)
    __fpl_dnaninf                            0x080088fd   Thumb Code   156  dnaninf.o(x$fpl$dnaninf)
    __fpl_dretinf                            0x08008999   Thumb Code    12  dretinf.o(x$fpl$dretinf)
    __aeabi_cdrcmple                         0x080089a5   Thumb Code     0  drleqf.o(x$fpl$drleqf)
    _drcmple                                 0x080089a5   Thumb Code   108  drleqf.o(x$fpl$drleqf)
    __aeabi_drsub                            0x08008a11   Thumb Code     0  daddsub_clz.o(x$fpl$drsb)
    _drsb                                    0x08008a11   Thumb Code    22  daddsub_clz.o(x$fpl$drsb)
    _dsqrt                                   0x08008a29   Thumb Code   456  dsqrt_noumaal.o(x$fpl$dsqrt)
    __aeabi_dsub                             0x08008bf5   Thumb Code     0  daddsub_clz.o(x$fpl$dsub)
    _dsub                                    0x08008bf5   Thumb Code   464  daddsub_clz.o(x$fpl$dsub)
    __aeabi_f2d                              0x08008dc9   Thumb Code     0  f2d.o(x$fpl$f2d)
    _f2d                                     0x08008dc9   Thumb Code    86  f2d.o(x$fpl$f2d)
    __aeabi_fadd                             0x08008e21   Thumb Code     0  faddsub_clz.o(x$fpl$fadd)
    _fadd                                    0x08008e21   Thumb Code   196  faddsub_clz.o(x$fpl$fadd)
    __fpl_fcmp_Inf                           0x08008ee5   Thumb Code    24  fcmpi.o(x$fpl$fcmpinf)
    __aeabi_fdiv                             0x08008efd   Thumb Code     0  fdiv.o(x$fpl$fdiv)
    _fdiv                                    0x08008efd   Thumb Code   384  fdiv.o(x$fpl$fdiv)
    __aeabi_cfcmpeq                          0x08009081   Thumb Code     0  feqf.o(x$fpl$feqf)
    _fcmpeq                                  0x08009081   Thumb Code   104  feqf.o(x$fpl$feqf)
    __aeabi_f2iz                             0x080090e9   Thumb Code     0  ffix.o(x$fpl$ffix)
    _ffix                                    0x080090e9   Thumb Code    54  ffix.o(x$fpl$ffix)
    __aeabi_f2uiz                            0x08009121   Thumb Code     0  ffixu.o(x$fpl$ffixu)
    _ffixu                                   0x08009121   Thumb Code    62  ffixu.o(x$fpl$ffixu)
    __aeabi_i2f                              0x08009161   Thumb Code     0  fflt_clz.o(x$fpl$fflt)
    _fflt                                    0x08009161   Thumb Code    48  fflt_clz.o(x$fpl$fflt)
    __aeabi_ui2f                             0x08009191   Thumb Code     0  fflt_clz.o(x$fpl$ffltu)
    _ffltu                                   0x08009191   Thumb Code    38  fflt_clz.o(x$fpl$ffltu)
    __aeabi_cfcmple                          0x080091b9   Thumb Code     0  fleqf.o(x$fpl$fleqf)
    _fcmple                                  0x080091b9   Thumb Code   104  fleqf.o(x$fpl$fleqf)
    __fpl_fcmple_InfNaN                      0x0800920b   Thumb Code     0  fleqf.o(x$fpl$fleqf)
    __aeabi_fmul                             0x08009221   Thumb Code     0  fmul.o(x$fpl$fmul)
    _fmul                                    0x08009221   Thumb Code   258  fmul.o(x$fpl$fmul)
    __fpl_fnaninf                            0x08009323   Thumb Code   140  fnaninf.o(x$fpl$fnaninf)
    __fpl_fretinf                            0x080093af   Thumb Code    10  fretinf.o(x$fpl$fretinf)
    __aeabi_cfrcmple                         0x080093b9   Thumb Code     0  frleqf.o(x$fpl$frleqf)
    _frcmple                                 0x080093b9   Thumb Code    98  frleqf.o(x$fpl$frleqf)
    __aeabi_fsub                             0x0800941d   Thumb Code     0  faddsub_clz.o(x$fpl$fsub)
    _fsub                                    0x0800941d   Thumb Code   234  faddsub_clz.o(x$fpl$fsub)
    _printf_fp_dec                           0x08009507   Thumb Code     4  printf1.o(x$fpl$printf1)
    _printf_fp_hex                           0x0800950b   Thumb Code     4  printf2.o(x$fpl$printf2)
    __fpl_return_NaN                         0x0800950f   Thumb Code   100  retnan.o(x$fpl$retnan)
    __ARM_scalbn                             0x08009573   Thumb Code    92  scalbn.o(x$fpl$scalbn)
    __fpl_cmpreturn                          0x080095cf   Thumb Code    48  trapv.o(x$fpl$trapveneer)
    __I$use$fp                               0x080095fe   Number         0  usenofp.o(x$fpl$usenofp)
    reg                                      0x0800966c   Data          27  inv_mpu.o(.constdata)
    hw                                       0x08009688   Data          12  inv_mpu.o(.constdata)
    test                                     0x08009694   Data          40  inv_mpu.o(.constdata)
    __mathlib_zero                           0x0800a3e0   Data           8  qnan.o(.constdata)
    Region$$Table$$Base                      0x0800a5e8   Number         0  anon$$obj.o(Region$$Table)
    Region$$Table$$Limit                     0x0800a608   Number         0  anon$$obj.o(Region$$Table)
    __ctype                                  0x0800a631   Data           0  lc_ctype_c.o(locale$$data)
    SystemCoreClock                          0x20000000   Data           4  system_stm32f10x.o(.data)
    AHBPrescTable                            0x20000004   Data          16  system_stm32f10x.o(.data)
    TIM2CH1_CAPTURE_STA                      0x2000005e   Data           1  hcsr04.o(.data)
    TIM2CH1_CAPTURE_VAL                      0x20000060   Data           2  hcsr04.o(.data)
    __stdout                                 0x20000064   Data           4  usart.o(.data)
    USART_RX_STA                             0x20000068   Data           2  usart.o(.data)
    USART3_RX_STA                            0x2000006e   Data           2  usart3.o(.data)
    point1                                   0x20000070   Data           2  usart2.o(.data)
    USART2_RX_STA                            0x20000072   Data           2  usart2.o(.data)
    sys_cmd_tab                              0x20000074   Data          28  usmart.o(.data)
    usmart_nametab                           0x20000090   Data          56  usmart_config.o(.data)
    usmart_dev                               0x200000c8   Data         244  usmart_config.o(.data)
    Save_Data                                0x200001cc   Data         121  atgm336h.o(.bss)
    USART_RX_BUF                             0x20000245   Data         200  usart.o(.bss)
    USART3_RX_BUF                            0x2000030d   Data         512  usart3.o(.bss)
    USART3_TX_BUF                            0x2000050d   Data         512  usart3.o(.bss)
    USART2_TX_BUF                            0x2000070d   Data         128  usart2.o(.bss)
    USART2_RX_BUF                            0x2000078d   Data         512  usart2.o(.bss)
    __libspace_start                         0x20000990   Data          96  libspace.o(.bss)
    __temporary_stack_top$libspace           0x200009f0   Data           0  libspace.o(.bss)



==============================================================================

Memory Map of the image

  Image Entry point : 0x080000ed

  Load Region LR_IROM1 (Base: 0x08000000, Size: 0x0000a8f0, Max: 0x00010000, ABSOLUTE, COMPRESSED[0x0000a7c0])

    Execution Region ER_IROM1 (Exec base: 0x08000000, Load base: 0x08000000, Size: 0x0000a734, Max: 0x00010000, ABSOLUTE)

    Exec Addr    Load Addr    Size         Type   Attr      Idx    E Section Name        Object

    0x08000000   0x08000000   0x000000ec   Data   RO          132    RESET               startup_stm32f10x_md.o
    0x080000ec   0x080000ec   0x00000008   Code   RO         4547  * !!!main             c_w.l(__main.o)
    0x080000f4   0x080000f4   0x00000034   Code   RO         5028    !!!scatter          c_w.l(__scatter.o)
    0x08000128   0x08000128   0x0000005a   Code   RO         5026    !!dczerorl2         c_w.l(__dczerorl2.o)
    0x08000182   0x08000182   0x00000002   PAD
    0x08000184   0x08000184   0x0000001c   Code   RO         5030    !!handler_zi        c_w.l(__scatter_zi.o)
    0x080001a0   0x080001a0   0x00000000   Code   RO         4522    .ARM.Collect$$_printf_percent$$00000000  c_w.l(_printf_percent.o)
    0x080001a0   0x080001a0   0x00000006   Code   RO         4667    .ARM.Collect$$_printf_percent$$00000001  c_w.l(_printf_n.o)
    0x080001a6   0x080001a6   0x00000006   Code   RO         4668    .ARM.Collect$$_printf_percent$$00000002  c_w.l(_printf_p.o)
    0x080001ac   0x080001ac   0x00000006   Code   RO         4521    .ARM.Collect$$_printf_percent$$00000003  c_w.l(_printf_f.o)
    0x080001b2   0x080001b2   0x00000006   Code   RO         4671    .ARM.Collect$$_printf_percent$$00000004  c_w.l(_printf_e.o)
    0x080001b8   0x080001b8   0x00000006   Code   RO         4672    .ARM.Collect$$_printf_percent$$00000005  c_w.l(_printf_g.o)
    0x080001be   0x080001be   0x00000006   Code   RO         4673    .ARM.Collect$$_printf_percent$$00000006  c_w.l(_printf_a.o)
    0x080001c4   0x080001c4   0x0000000a   Code   RO         4678    .ARM.Collect$$_printf_percent$$00000007  c_w.l(_printf_ll.o)
    0x080001ce   0x080001ce   0x00000006   Code   RO         4670    .ARM.Collect$$_printf_percent$$00000008  c_w.l(_printf_i.o)
    0x080001d4   0x080001d4   0x00000006   Code   RO         4519    .ARM.Collect$$_printf_percent$$00000009  c_w.l(_printf_d.o)
    0x080001da   0x080001da   0x00000006   Code   RO         4520    .ARM.Collect$$_printf_percent$$0000000A  c_w.l(_printf_u.o)
    0x080001e0   0x080001e0   0x00000006   Code   RO         4669    .ARM.Collect$$_printf_percent$$0000000B  c_w.l(_printf_o.o)
    0x080001e6   0x080001e6   0x00000006   Code   RO         4518    .ARM.Collect$$_printf_percent$$0000000C  c_w.l(_printf_x.o)
    0x080001ec   0x080001ec   0x00000006   Code   RO         4675    .ARM.Collect$$_printf_percent$$0000000D  c_w.l(_printf_lli.o)
    0x080001f2   0x080001f2   0x00000006   Code   RO         4676    .ARM.Collect$$_printf_percent$$0000000E  c_w.l(_printf_lld.o)
    0x080001f8   0x080001f8   0x00000006   Code   RO         4677    .ARM.Collect$$_printf_percent$$0000000F  c_w.l(_printf_llu.o)
    0x080001fe   0x080001fe   0x00000006   Code   RO         4682    .ARM.Collect$$_printf_percent$$00000010  c_w.l(_printf_llo.o)
    0x08000204   0x08000204   0x00000006   Code   RO         4683    .ARM.Collect$$_printf_percent$$00000011  c_w.l(_printf_llx.o)
    0x0800020a   0x0800020a   0x0000000a   Code   RO         4679    .ARM.Collect$$_printf_percent$$00000012  c_w.l(_printf_l.o)
    0x08000214   0x08000214   0x00000006   Code   RO         4516    .ARM.Collect$$_printf_percent$$00000013  c_w.l(_printf_c.o)
    0x0800021a   0x0800021a   0x00000006   Code   RO         4517    .ARM.Collect$$_printf_percent$$00000014  c_w.l(_printf_s.o)
    0x08000220   0x08000220   0x00000006   Code   RO         4680    .ARM.Collect$$_printf_percent$$00000015  c_w.l(_printf_lc.o)
    0x08000226   0x08000226   0x00000006   Code   RO         4681    .ARM.Collect$$_printf_percent$$00000016  c_w.l(_printf_ls.o)
    0x0800022c   0x0800022c   0x00000004   Code   RO         4674    .ARM.Collect$$_printf_percent$$00000017  c_w.l(_printf_percent_end.o)
    0x08000230   0x08000230   0x00000002   Code   RO         4872    .ARM.Collect$$libinit$$00000000  c_w.l(libinit.o)
    0x08000232   0x08000232   0x00000000   Code   RO         4874    .ARM.Collect$$libinit$$00000002  c_w.l(libinit2.o)
    0x08000232   0x08000232   0x00000000   Code   RO         4876    .ARM.Collect$$libinit$$00000004  c_w.l(libinit2.o)
    0x08000232   0x08000232   0x00000000   Code   RO         4879    .ARM.Collect$$libinit$$0000000A  c_w.l(libinit2.o)
    0x08000232   0x08000232   0x00000000   Code   RO         4881    .ARM.Collect$$libinit$$0000000C  c_w.l(libinit2.o)
    0x08000232   0x08000232   0x00000000   Code   RO         4883    .ARM.Collect$$libinit$$0000000E  c_w.l(libinit2.o)
    0x08000232   0x08000232   0x00000006   Code   RO         4884    .ARM.Collect$$libinit$$0000000F  c_w.l(libinit2.o)
    0x08000238   0x08000238   0x00000000   Code   RO         4886    .ARM.Collect$$libinit$$00000011  c_w.l(libinit2.o)
    0x08000238   0x08000238   0x0000000c   Code   RO         4887    .ARM.Collect$$libinit$$00000012  c_w.l(libinit2.o)
    0x08000244   0x08000244   0x00000000   Code   RO         4888    .ARM.Collect$$libinit$$00000013  c_w.l(libinit2.o)
    0x08000244   0x08000244   0x00000000   Code   RO         4890    .ARM.Collect$$libinit$$00000015  c_w.l(libinit2.o)
    0x08000244   0x08000244   0x0000000a   Code   RO         4891    .ARM.Collect$$libinit$$00000016  c_w.l(libinit2.o)
    0x0800024e   0x0800024e   0x00000000   Code   RO         4892    .ARM.Collect$$libinit$$00000017  c_w.l(libinit2.o)
    0x0800024e   0x0800024e   0x00000000   Code   RO         4894    .ARM.Collect$$libinit$$00000019  c_w.l(libinit2.o)
    0x0800024e   0x0800024e   0x00000000   Code   RO         4896    .ARM.Collect$$libinit$$0000001B  c_w.l(libinit2.o)
    0x0800024e   0x0800024e   0x00000000   Code   RO         4898    .ARM.Collect$$libinit$$0000001D  c_w.l(libinit2.o)
    0x0800024e   0x0800024e   0x00000000   Code   RO         4900    .ARM.Collect$$libinit$$0000001F  c_w.l(libinit2.o)
    0x0800024e   0x0800024e   0x00000000   Code   RO         4902    .ARM.Collect$$libinit$$00000021  c_w.l(libinit2.o)
    0x0800024e   0x0800024e   0x00000000   Code   RO         4904    .ARM.Collect$$libinit$$00000023  c_w.l(libinit2.o)
    0x0800024e   0x0800024e   0x00000000   Code   RO         4906    .ARM.Collect$$libinit$$00000025  c_w.l(libinit2.o)
    0x0800024e   0x0800024e   0x00000000   Code   RO         4910    .ARM.Collect$$libinit$$0000002C  c_w.l(libinit2.o)
    0x0800024e   0x0800024e   0x00000000   Code   RO         4912    .ARM.Collect$$libinit$$0000002E  c_w.l(libinit2.o)
    0x0800024e   0x0800024e   0x00000000   Code   RO         4914    .ARM.Collect$$libinit$$00000030  c_w.l(libinit2.o)
    0x0800024e   0x0800024e   0x00000000   Code   RO         4916    .ARM.Collect$$libinit$$00000032  c_w.l(libinit2.o)
    0x0800024e   0x0800024e   0x00000002   Code   RO         4917    .ARM.Collect$$libinit$$00000033  c_w.l(libinit2.o)
    0x08000250   0x08000250   0x00000002   Code   RO         4986    .ARM.Collect$$libshutdown$$00000000  c_w.l(libshutdown.o)
    0x08000252   0x08000252   0x00000000   Code   RO         4995    .ARM.Collect$$libshutdown$$00000002  c_w.l(libshutdown2.o)
    0x08000252   0x08000252   0x00000000   Code   RO         4997    .ARM.Collect$$libshutdown$$00000004  c_w.l(libshutdown2.o)
    0x08000252   0x08000252   0x00000000   Code   RO         5000    .ARM.Collect$$libshutdown$$00000007  c_w.l(libshutdown2.o)
    0x08000252   0x08000252   0x00000000   Code   RO         5003    .ARM.Collect$$libshutdown$$0000000A  c_w.l(libshutdown2.o)
    0x08000252   0x08000252   0x00000000   Code   RO         5005    .ARM.Collect$$libshutdown$$0000000C  c_w.l(libshutdown2.o)
    0x08000252   0x08000252   0x00000000   Code   RO         5008    .ARM.Collect$$libshutdown$$0000000F  c_w.l(libshutdown2.o)
    0x08000252   0x08000252   0x00000002   Code   RO         5009    .ARM.Collect$$libshutdown$$00000010  c_w.l(libshutdown2.o)
    0x08000254   0x08000254   0x00000000   Code   RO         4635    .ARM.Collect$$rtentry$$00000000  c_w.l(__rtentry.o)
    0x08000254   0x08000254   0x00000000   Code   RO         4751    .ARM.Collect$$rtentry$$00000002  c_w.l(__rtentry2.o)
    0x08000254   0x08000254   0x00000006   Code   RO         4763    .ARM.Collect$$rtentry$$00000004  c_w.l(__rtentry4.o)
    0x0800025a   0x0800025a   0x00000000   Code   RO         4753    .ARM.Collect$$rtentry$$00000009  c_w.l(__rtentry2.o)
    0x0800025a   0x0800025a   0x00000004   Code   RO         4754    .ARM.Collect$$rtentry$$0000000A  c_w.l(__rtentry2.o)
    0x0800025e   0x0800025e   0x00000000   Code   RO         4756    .ARM.Collect$$rtentry$$0000000C  c_w.l(__rtentry2.o)
    0x0800025e   0x0800025e   0x00000008   Code   RO         4757    .ARM.Collect$$rtentry$$0000000D  c_w.l(__rtentry2.o)
    0x08000266   0x08000266   0x00000002   Code   RO         4926    .ARM.Collect$$rtexit$$00000000  c_w.l(rtexit.o)
    0x08000268   0x08000268   0x00000000   Code   RO         4956    .ARM.Collect$$rtexit$$00000002  c_w.l(rtexit2.o)
    0x08000268   0x08000268   0x00000004   Code   RO         4957    .ARM.Collect$$rtexit$$00000003  c_w.l(rtexit2.o)
    0x0800026c   0x0800026c   0x00000006   Code   RO         4958    .ARM.Collect$$rtexit$$00000004  c_w.l(rtexit2.o)
    0x08000272   0x08000272   0x00000002   PAD
    0x08000274   0x08000274   0x00000040   Code   RO          133    .text               startup_stm32f10x_md.o
    0x080002b4   0x080002b4   0x00000002   Code   RO         4451    .text               c_w.l(use_no_semi_2.o)
    0x080002b6   0x080002b6   0x00000048   Code   RO         4453    .text               c_w.l(llsdiv.o)
    0x080002fe   0x080002fe   0x00000002   PAD
    0x08000300   0x08000300   0x00000018   Code   RO         4455    .text               c_w.l(printf.o)
    0x08000318   0x08000318   0x00000024   Code   RO         4457    .text               c_w.l(vsprintf.o)
    0x0800033c   0x0800033c   0x00000018   Code   RO         4459    .text               c_w.l(__2printf.o)
    0x08000354   0x08000354   0x0000002c   Code   RO         4461    .text               c_w.l(__2sprintf.o)
    0x08000380   0x08000380   0x0000004e   Code   RO         4469    .text               c_w.l(_printf_pad.o)
    0x080003ce   0x080003ce   0x00000052   Code   RO         4471    .text               c_w.l(_printf_str.o)
    0x08000420   0x08000420   0x00000078   Code   RO         4473    .text               c_w.l(_printf_dec.o)
    0x08000498   0x08000498   0x00000094   Code   RO         4493    .text               c_w.l(_printf_hex_int_ll_ptr.o)
    0x0800052c   0x0800052c   0x00000188   Code   RO         4513    .text               c_w.l(__printf_flags_ss_wp.o)
    0x080006b4   0x080006b4   0x00000024   Code   RO         4527    .text               c_w.l(strstr.o)
    0x080006d8   0x080006d8   0x00000058   Code   RO         4529    .text               c_w.l(memcmp.o)
    0x08000730   0x08000730   0x0000003e   Code   RO         4533    .text               c_w.l(strlen.o)
    0x0800076e   0x0800076e   0x0000008a   Code   RO         4535    .text               c_w.l(rt_memcpy_v6.o)
    0x080007f8   0x080007f8   0x00000064   Code   RO         4537    .text               c_w.l(rt_memcpy_w.o)
    0x0800085c   0x0800085c   0x00000010   Code   RO         4539    .text               c_w.l(aeabi_memset.o)
    0x0800086c   0x0800086c   0x00000044   Code   RO         4541    .text               c_w.l(rt_memclr.o)
    0x080008b0   0x080008b0   0x0000004e   Code   RO         4543    .text               c_w.l(rt_memclr_w.o)
    0x080008fe   0x080008fe   0x00000006   Code   RO         4545    .text               c_w.l(heapauxi.o)
    0x08000904   0x08000904   0x00000002   Code   RO         4633    .text               c_w.l(use_no_semi.o)
    0x08000906   0x08000906   0x000000ee   Code   RO         4636    .text               c_w.l(lludivv7m.o)
    0x080009f4   0x080009f4   0x00000016   Code   RO         4638    .text               c_w.l(_rserrno.o)
    0x08000a0a   0x08000a0a   0x00000024   Code   RO         4640    .text               c_w.l(_printf_truncate.o)
    0x08000a2e   0x08000a2e   0x000000b2   Code   RO         4642    .text               c_w.l(_printf_intcommon.o)
    0x08000ae0   0x08000ae0   0x00000028   Code   RO         4644    .text               c_w.l(_printf_charcount.o)
    0x08000b08   0x08000b08   0x0000041e   Code   RO         4646    .text               c_w.l(_printf_fp_dec.o)
    0x08000f26   0x08000f26   0x00000002   PAD
    0x08000f28   0x08000f28   0x00000030   Code   RO         4648    .text               c_w.l(_printf_char_common.o)
    0x08000f58   0x08000f58   0x0000000a   Code   RO         4650    .text               c_w.l(_sputc.o)
    0x08000f62   0x08000f62   0x0000002c   Code   RO         4652    .text               c_w.l(_printf_char.o)
    0x08000f8e   0x08000f8e   0x00000002   PAD
    0x08000f90   0x08000f90   0x00000024   Code   RO         4654    .text               c_w.l(_printf_char_file.o)
    0x08000fb4   0x08000fb4   0x000000bc   Code   RO         4656    .text               c_w.l(_printf_wctomb.o)
    0x08001070   0x08001070   0x0000007c   Code   RO         4659    .text               c_w.l(_printf_longlong_dec.o)
    0x080010ec   0x080010ec   0x00000070   Code   RO         4665    .text               c_w.l(_printf_oct_int_ll.o)
    0x0800115c   0x0800115c   0x00000008   Code   RO         4772    .text               c_w.l(rt_locale_intlibspace.o)
    0x08001164   0x08001164   0x00000008   Code   RO         4777    .text               c_w.l(rt_errno_addr_intlibspace.o)
    0x0800116c   0x0800116c   0x0000008a   Code   RO         4779    .text               c_w.l(lludiv10.o)
    0x080011f6   0x080011f6   0x00000002   PAD
    0x080011f8   0x080011f8   0x000002fc   Code   RO         4783    .text               c_w.l(_printf_fp_hex.o)
    0x080014f4   0x080014f4   0x00000080   Code   RO         4786    .text               c_w.l(_printf_fp_infnan.o)
    0x08001574   0x08001574   0x0000002c   Code   RO         4790    .text               c_w.l(_printf_wchar.o)
    0x080015a0   0x080015a0   0x000000e4   Code   RO         4794    .text               c_w.l(bigflt0.o)
    0x08001684   0x08001684   0x00000008   Code   RO         4819    .text               c_w.l(ferror.o)
    0x0800168c   0x0800168c   0x00000040   Code   RO         4823    .text               c_w.l(_wcrtomb.o)
    0x080016cc   0x080016cc   0x00000008   Code   RO         4850    .text               c_w.l(libspace.o)
    0x080016d4   0x080016d4   0x0000004a   Code   RO         4853    .text               c_w.l(sys_stackheap_outer.o)
    0x0800171e   0x0800171e   0x00000002   PAD
    0x08001720   0x08001720   0x00000010   Code   RO         4855    .text               c_w.l(rt_ctype_table.o)
    0x08001730   0x08001730   0x00000012   Code   RO         4863    .text               c_w.l(exit.o)
    0x08001742   0x08001742   0x00000002   PAD
    0x08001744   0x08001744   0x00000080   Code   RO         4865    .text               c_w.l(strcmpv7m.o)
    0x080017c4   0x080017c4   0x0000003e   Code   RO         4797    CL$$btod_d2e        c_w.l(btod.o)
    0x08001802   0x08001802   0x00000046   Code   RO         4799    CL$$btod_d2e_denorm_low  c_w.l(btod.o)
    0x08001848   0x08001848   0x00000060   Code   RO         4798    CL$$btod_d2e_norm_op1  c_w.l(btod.o)
    0x080018a8   0x080018a8   0x00000338   Code   RO         4807    CL$$btod_div_common  c_w.l(btod.o)
    0x08001be0   0x08001be0   0x000000dc   Code   RO         4804    CL$$btod_e2e        c_w.l(btod.o)
    0x08001cbc   0x08001cbc   0x0000002a   Code   RO         4801    CL$$btod_ediv       c_w.l(btod.o)
    0x08001ce6   0x08001ce6   0x0000002a   Code   RO         4800    CL$$btod_emul       c_w.l(btod.o)
    0x08001d10   0x08001d10   0x00000244   Code   RO         4806    CL$$btod_mult_common  c_w.l(btod.o)
    0x08001f54   0x08001f54   0x00000034   Code   RO         4059    i.BEEP_Init         beep.o
    0x08001f88   0x08001f88   0x00000004   Code   RO         3182    i.BusFault_Handler  stm32f10x_it.o
    0x08001f8c   0x08001f8c   0x0000001c   Code   RO         4226    i.CLR_Buf           usart2.o
    0x08001fa8   0x08001fa8   0x00000002   Code   RO         3183    i.DebugMon_Handler  stm32f10x_it.o
    0x08001faa   0x08001faa   0x00000116   Code   RO         1292    i.GPIO_Init         stm32f10x_gpio.o
    0x080020c0   0x080020c0   0x00000090   Code   RO         1294    i.GPIO_PinRemapConfig  stm32f10x_gpio.o
    0x08002150   0x08002150   0x00000012   Code   RO         1296    i.GPIO_ReadInputDataBit  stm32f10x_gpio.o
    0x08002162   0x08002162   0x00000004   Code   RO         1299    i.GPIO_ResetBits    stm32f10x_gpio.o
    0x08002166   0x08002166   0x00000004   Code   RO         1300    i.GPIO_SetBits      stm32f10x_gpio.o
    0x0800216a   0x0800216a   0x00000002   PAD
    0x0800216c   0x0800216c   0x0000008c   Code   RO         4001    i.HCSR04_Get_Distance  hcsr04.o
    0x080021f8   0x080021f8   0x000000c4   Code   RO         4002    i.HCSR04_Init       hcsr04.o
    0x080022bc   0x080022bc   0x00000004   Code   RO         3184    i.HardFault_Handler  stm32f10x_it.o
    0x080022c0   0x080022c0   0x00000024   Code   RO         4040    i.KEY_Init          key.o
    0x080022e4   0x080022e4   0x00000078   Code   RO         4041    i.KEY_Scan          key.o
    0x0800235c   0x0800235c   0x00000050   Code   RO         4028    i.LED_Init          led.o
    0x080023ac   0x080023ac   0x00000050   Code   RO         3294    i.MPU_Get_Accelerometer  mpu6050.o
    0x080023fc   0x080023fc   0x00000050   Code   RO         3295    i.MPU_Get_Gyroscope  mpu6050.o
    0x0800244c   0x0800244c   0x00000068   Code   RO         3296    i.MPU_Get_Temperature  mpu6050.o
    0x080024b4   0x080024b4   0x0000004c   Code   RO         3895    i.MPU_IIC_Ack       mpuiic.o
    0x08002500   0x08002500   0x0000000a   Code   RO         3896    i.MPU_IIC_Delay     mpuiic.o
    0x0800250a   0x0800250a   0x00000002   PAD
    0x0800250c   0x0800250c   0x00000038   Code   RO         3897    i.MPU_IIC_Init      mpuiic.o
    0x08002544   0x08002544   0x0000004c   Code   RO         3898    i.MPU_IIC_NAck      mpuiic.o
    0x08002590   0x08002590   0x0000006c   Code   RO         3899    i.MPU_IIC_Read_Byte  mpuiic.o
    0x080025fc   0x080025fc   0x0000005c   Code   RO         3900    i.MPU_IIC_Send_Byte  mpuiic.o
    0x08002658   0x08002658   0x00000048   Code   RO         3901    i.MPU_IIC_Start     mpuiic.o
    0x080026a0   0x080026a0   0x00000048   Code   RO         3902    i.MPU_IIC_Stop      mpuiic.o
    0x080026e8   0x080026e8   0x00000064   Code   RO         3903    i.MPU_IIC_Wait_Ack  mpuiic.o
    0x0800274c   0x0800274c   0x000000c0   Code   RO         3297    i.MPU_Init          mpu6050.o
    0x0800280c   0x0800280c   0x0000003a   Code   RO         3298    i.MPU_Read_Byte     mpu6050.o
    0x08002846   0x08002846   0x00000074   Code   RO         3299    i.MPU_Read_Len      mpu6050.o
    0x080028ba   0x080028ba   0x00000010   Code   RO         3300    i.MPU_Set_Accel_Fsr  mpu6050.o
    0x080028ca   0x080028ca   0x00000010   Code   RO         3301    i.MPU_Set_Gyro_Fsr  mpu6050.o
    0x080028da   0x080028da   0x0000003a   Code   RO         3302    i.MPU_Set_LPF       mpu6050.o
    0x08002914   0x08002914   0x0000003a   Code   RO         3303    i.MPU_Set_Rate      mpu6050.o
    0x0800294e   0x0800294e   0x00000044   Code   RO         3304    i.MPU_Write_Byte    mpu6050.o
    0x08002992   0x08002992   0x00000060   Code   RO         3305    i.MPU_Write_Len     mpu6050.o
    0x080029f2   0x080029f2   0x00000004   Code   RO         3185    i.MemManage_Handler  stm32f10x_it.o
    0x080029f6   0x080029f6   0x00000002   Code   RO         3186    i.NMI_Handler       stm32f10x_it.o
    0x080029f8   0x080029f8   0x00000070   Code   RO          137    i.NVIC_Init         misc.o
    0x08002a68   0x08002a68   0x00000014   Code   RO          138    i.NVIC_PriorityGroupConfig  misc.o
    0x08002a7c   0x08002a7c   0x00000002   Code   RO         3187    i.PendSV_Handler    stm32f10x_it.o
    0x08002a7e   0x08002a7e   0x00000002   PAD
    0x08002a80   0x08002a80   0x00000020   Code   RO         1708    i.RCC_APB1PeriphClockCmd  stm32f10x_rcc.o
    0x08002aa0   0x08002aa0   0x00000020   Code   RO         1709    i.RCC_APB1PeriphResetCmd  stm32f10x_rcc.o
    0x08002ac0   0x08002ac0   0x00000020   Code   RO         1710    i.RCC_APB2PeriphClockCmd  stm32f10x_rcc.o
    0x08002ae0   0x08002ae0   0x00000020   Code   RO         1711    i.RCC_APB2PeriphResetCmd  stm32f10x_rcc.o
    0x08002b00   0x08002b00   0x000000d4   Code   RO         1718    i.RCC_GetClocksFreq  stm32f10x_rcc.o
    0x08002bd4   0x08002bd4   0x00000002   Code   RO         3188    i.SVC_Handler       stm32f10x_it.o
    0x08002bd6   0x08002bd6   0x00000008   Code   RO           17    i.SetSysClock       system_stm32f10x.o
    0x08002bde   0x08002bde   0x00000002   PAD
    0x08002be0   0x08002be0   0x000000e0   Code   RO           18    i.SetSysClockTo72   system_stm32f10x.o
    0x08002cc0   0x08002cc0   0x00000028   Code   RO          141    i.SysTick_CLKSourceConfig  misc.o
    0x08002ce8   0x08002ce8   0x00000002   Code   RO         3189    i.SysTick_Handler   stm32f10x_it.o
    0x08002cea   0x08002cea   0x00000002   PAD
    0x08002cec   0x08002cec   0x00000060   Code   RO           20    i.SystemInit        system_stm32f10x.o
    0x08002d4c   0x08002d4c   0x00000080   Code   RO         2326    i.TI1_Config        stm32f10x_tim.o
    0x08002dcc   0x08002dcc   0x00000098   Code   RO         2327    i.TI2_Config        stm32f10x_tim.o
    0x08002e64   0x08002e64   0x00000090   Code   RO         2328    i.TI3_Config        stm32f10x_tim.o
    0x08002ef4   0x08002ef4   0x00000098   Code   RO         2329    i.TI4_Config        stm32f10x_tim.o
    0x08002f8c   0x08002f8c   0x000000c4   Code   RO         4003    i.TIM2_IRQHandler   hcsr04.o
    0x08003050   0x08003050   0x00000034   Code   RO         4207    i.TIM3_IRQHandler   timer.o
    0x08003084   0x08003084   0x00000060   Code   RO         4208    i.TIM3_Int_Init     timer.o
    0x080030e4   0x080030e4   0x00000038   Code   RO         4284    i.TIM4_IRQHandler   usmart.o
    0x0800311c   0x0800311c   0x00000006   Code   RO         2336    i.TIM_ClearFlag     stm32f10x_tim.o
    0x08003122   0x08003122   0x00000006   Code   RO         2337    i.TIM_ClearITPendingBit  stm32f10x_tim.o
    0x08003128   0x08003128   0x00000018   Code   RO         2342    i.TIM_Cmd           stm32f10x_tim.o
    0x08003140   0x08003140   0x00000006   Code   RO         2357    i.TIM_GetCapture1   stm32f10x_tim.o
    0x08003146   0x08003146   0x00000006   Code   RO         2361    i.TIM_GetCounter    stm32f10x_tim.o
    0x0800314c   0x0800314c   0x00000012   Code   RO         2362    i.TIM_GetFlagStatus  stm32f10x_tim.o
    0x0800315e   0x0800315e   0x00000022   Code   RO         2363    i.TIM_GetITStatus   stm32f10x_tim.o
    0x08003180   0x08003180   0x000000ac   Code   RO         2365    i.TIM_ICInit        stm32f10x_tim.o
    0x0800322c   0x0800322c   0x00000012   Code   RO         2367    i.TIM_ITConfig      stm32f10x_tim.o
    0x0800323e   0x0800323e   0x00000012   Code   RO         2373    i.TIM_OC1PolarityConfig  stm32f10x_tim.o
    0x08003250   0x08003250   0x00000004   Code   RO         2401    i.TIM_SetAutoreload  stm32f10x_tim.o
    0x08003254   0x08003254   0x00000004   Code   RO         2407    i.TIM_SetCounter    stm32f10x_tim.o
    0x08003258   0x08003258   0x00000012   Code   RO         2408    i.TIM_SetIC1Prescaler  stm32f10x_tim.o
    0x0800326a   0x0800326a   0x0000001a   Code   RO         2409    i.TIM_SetIC2Prescaler  stm32f10x_tim.o
    0x08003284   0x08003284   0x00000012   Code   RO         2410    i.TIM_SetIC3Prescaler  stm32f10x_tim.o
    0x08003296   0x08003296   0x0000001a   Code   RO         2411    i.TIM_SetIC4Prescaler  stm32f10x_tim.o
    0x080032b0   0x080032b0   0x000000a4   Code   RO         2413    i.TIM_TimeBaseInit  stm32f10x_tim.o
    0x08003354   0x08003354   0x0000005c   Code   RO         4285    i.Timer4_Init       usmart.o
    0x080033b0   0x080033b0   0x00000088   Code   RO         4071    i.USART1_IRQHandler  usart.o
    0x08003438   0x08003438   0x00000098   Code   RO         4228    i.USART2_IRQHandler  usart2.o
    0x080034d0   0x080034d0   0x00000070   Code   RO         4166    i.USART3_IRQHandler  usart3.o
    0x08003540   0x08003540   0x00000018   Code   RO         2878    i.USART_Cmd         stm32f10x_usart.o
    0x08003558   0x08003558   0x0000009c   Code   RO         2880    i.USART_DeInit      stm32f10x_usart.o
    0x080035f4   0x080035f4   0x0000001a   Code   RO         2881    i.USART_GetFlagStatus  stm32f10x_usart.o
    0x0800360e   0x0800360e   0x00000054   Code   RO         2882    i.USART_GetITStatus  stm32f10x_usart.o
    0x08003662   0x08003662   0x0000004a   Code   RO         2884    i.USART_ITConfig    stm32f10x_usart.o
    0x080036ac   0x080036ac   0x000000d8   Code   RO         2885    i.USART_Init        stm32f10x_usart.o
    0x08003784   0x08003784   0x0000000a   Code   RO         2892    i.USART_ReceiveData  stm32f10x_usart.o
    0x0800378e   0x0800378e   0x00000008   Code   RO         2895    i.USART_SendData    stm32f10x_usart.o
    0x08003796   0x08003796   0x00000004   Code   RO         3190    i.UsageFault_Handler  stm32f10x_it.o
    0x0800379a   0x0800379a   0x00000028   Code   RO         4737    i.__ARM_fpclassify  m_ws.l(fpclassify.o)
    0x080037c2   0x080037c2   0x000000aa   Code   RO         4739    i.__kernel_poly     m_ws.l(poly.o)
    0x0800386c   0x0800386c   0x00000006   Code   RO         4724    i.__mathlib_dbl_infnan  m_ws.l(dunder.o)
    0x08003872   0x08003872   0x00000004   Code   RO         4725    i.__mathlib_dbl_infnan2  m_ws.l(dunder.o)
    0x08003876   0x08003876   0x0000000c   Code   RO         4726    i.__mathlib_dbl_invalid  m_ws.l(dunder.o)
    0x08003882   0x08003882   0x00000002   PAD
    0x08003884   0x08003884   0x00000010   Code   RO         4729    i.__mathlib_dbl_underflow  m_ws.l(dunder.o)
    0x08003894   0x08003894   0x0000000e   Code   RO         4506    i._is_digit         c_w.l(__printf_wp.o)
    0x080038a2   0x080038a2   0x00000006   Code   RO         4072    i._sys_exit         usart.o
    0x080038a8   0x080038a8   0x000000ac   Code   RO         3376    i.accel_self_test   inv_mpu.o
    0x08003954   0x08003954   0x00000270   Code   RO         4616    i.asin              m_ws.l(asin.o)
    0x08003bc4   0x08003bc4   0x00000220   Code   RO         4714    i.atan              m_ws.l(atan.o)
    0x08003de4   0x08003de4   0x00000180   Code   RO         4626    i.atan2             m_ws.l(atan2.o)
    0x08003f64   0x08003f64   0x0000004c   Code   RO         3955    i.clrStruct         atgm336h.o
    0x08003fb0   0x08003fb0   0x00000064   Code   RO         3705    i.decode_gesture    inv_mpu_dmp_motion_driver.o
    0x08004014   0x08004014   0x00000044   Code   RO         4112    i.delay_init        delay.o
    0x08004058   0x08004058   0x0000004c   Code   RO         4113    i.delay_ms          delay.o
    0x080040a4   0x080040a4   0x0000004c   Code   RO         4114    i.delay_us          delay.o
    0x080040f0   0x080040f0   0x0000003c   Code   RO         3706    i.dmp_enable_6x_lp_quat  inv_mpu_dmp_motion_driver.o
    0x0800412c   0x0800412c   0x0000021c   Code   RO         3707    i.dmp_enable_feature  inv_mpu_dmp_motion_driver.o
    0x08004348   0x08004348   0x00000058   Code   RO         3708    i.dmp_enable_gyro_cal  inv_mpu_dmp_motion_driver.o
    0x080043a0   0x080043a0   0x0000003c   Code   RO         3709    i.dmp_enable_lp_quat  inv_mpu_dmp_motion_driver.o
    0x080043dc   0x080043dc   0x00000018   Code   RO         3714    i.dmp_load_motion_driver_firmware  inv_mpu_dmp_motion_driver.o
    0x080043f4   0x080043f4   0x000001cc   Code   RO         3715    i.dmp_read_fifo     inv_mpu_dmp_motion_driver.o
    0x080045c0   0x080045c0   0x00000130   Code   RO         3718    i.dmp_set_accel_bias  inv_mpu_dmp_motion_driver.o
    0x080046f0   0x080046f0   0x00000070   Code   RO         3719    i.dmp_set_fifo_rate  inv_mpu_dmp_motion_driver.o
    0x08004760   0x08004760   0x00000130   Code   RO         3720    i.dmp_set_gyro_bias  inv_mpu_dmp_motion_driver.o
    0x08004890   0x08004890   0x00000138   Code   RO         3722    i.dmp_set_orientation  inv_mpu_dmp_motion_driver.o
    0x080049c8   0x080049c8   0x00000038   Code   RO         3725    i.dmp_set_shake_reject_thresh  inv_mpu_dmp_motion_driver.o
    0x08004a00   0x08004a00   0x00000026   Code   RO         3726    i.dmp_set_shake_reject_time  inv_mpu_dmp_motion_driver.o
    0x08004a26   0x08004a26   0x00000026   Code   RO         3727    i.dmp_set_shake_reject_timeout  inv_mpu_dmp_motion_driver.o
    0x08004a4c   0x08004a4c   0x00000046   Code   RO         3728    i.dmp_set_tap_axes  inv_mpu_dmp_motion_driver.o
    0x08004a92   0x08004a92   0x00000026   Code   RO         3729    i.dmp_set_tap_count  inv_mpu_dmp_motion_driver.o
    0x08004ab8   0x08004ab8   0x000001a0   Code   RO         3730    i.dmp_set_tap_thresh  inv_mpu_dmp_motion_driver.o
    0x08004c58   0x08004c58   0x00000026   Code   RO         3731    i.dmp_set_tap_time  inv_mpu_dmp_motion_driver.o
    0x08004c7e   0x08004c7e   0x00000026   Code   RO         3732    i.dmp_set_tap_time_multi  inv_mpu_dmp_motion_driver.o
    0x08004ca4   0x08004ca4   0x0000001c   Code   RO         3956    i.errorLog          atgm336h.o
    0x08004cc0   0x08004cc0   0x00000034   Code   RO         3245    i.esp8266_check_cmd  esp8266.o
    0x08004cf4   0x08004cf4   0x00000074   Code   RO         3247    i.esp8266_send_cmd  esp8266.o
    0x08004d68   0x08004d68   0x00000054   Code   RO         3249    i.esp8266_send_data_tcp  esp8266.o
    0x08004dbc   0x08004dbc   0x000000bc   Code   RO         3250    i.esp8266_start_trans  esp8266.o
    0x08004e78   0x08004e78   0x0000001c   Code   RO         4073    i.fputc             usart.o
    0x08004e94   0x08004e94   0x000000b4   Code   RO         3377    i.get_accel_prod_shift  inv_mpu.o
    0x08004f48   0x08004f48   0x00000470   Code   RO         3378    i.get_st_biases     inv_mpu.o
    0x080053b8   0x080053b8   0x00000118   Code   RO         3379    i.gyro_self_test    inv_mpu.o
    0x080054d0   0x080054d0   0x00000028   Code   RO         3380    i.inv_orientation_matrix_to_scalar  inv_mpu.o
    0x080054f8   0x080054f8   0x0000004e   Code   RO         3381    i.inv_row_2_scale   inv_mpu.o
    0x08005546   0x08005546   0x00000002   PAD
    0x08005548   0x08005548   0x000003c4   Code   RO         3108    i.main              main.o
    0x0800590c   0x0800590c   0x00000002   Code   RO         3382    i.mget_ms           inv_mpu.o
    0x0800590e   0x0800590e   0x00000002   PAD
    0x08005910   0x08005910   0x00000070   Code   RO         3383    i.mpu_configure_fifo  inv_mpu.o
    0x08005980   0x08005980   0x00000224   Code   RO         3384    i.mpu_dmp_get_data  inv_mpu.o
    0x08005ba4   0x08005ba4   0x000000a0   Code   RO         3385    i.mpu_dmp_init      inv_mpu.o
    0x08005c44   0x08005c44   0x0000004c   Code   RO         3386    i.mpu_get_accel_fsr  inv_mpu.o
    0x08005c90   0x08005c90   0x00000054   Code   RO         3388    i.mpu_get_accel_sens  inv_mpu.o
    0x08005ce4   0x08005ce4   0x00000010   Code   RO         3393    i.mpu_get_fifo_config  inv_mpu.o
    0x08005cf4   0x08005cf4   0x00000044   Code   RO         3394    i.mpu_get_gyro_fsr  inv_mpu.o
    0x08005d38   0x08005d38   0x00000050   Code   RO         3396    i.mpu_get_gyro_sens  inv_mpu.o
    0x08005d88   0x08005d88   0x00000050   Code   RO         3398    i.mpu_get_lpf       inv_mpu.o
    0x08005dd8   0x08005dd8   0x00000020   Code   RO         3400    i.mpu_get_sample_rate  inv_mpu.o
    0x08005df8   0x08005df8   0x000001f0   Code   RO         3402    i.mpu_init          inv_mpu.o
    0x08005fe8   0x08005fe8   0x000000b8   Code   RO         3403    i.mpu_load_firmware  inv_mpu.o
    0x080060a0   0x080060a0   0x000000e0   Code   RO         3404    i.mpu_lp_accel_mode  inv_mpu.o
    0x08006180   0x08006180   0x000000c0   Code   RO         3407    i.mpu_read_fifo_stream  inv_mpu.o
    0x08006240   0x08006240   0x00000080   Code   RO         3408    i.mpu_read_mem      inv_mpu.o
    0x080062c0   0x080062c0   0x000001c8   Code   RO         3411    i.mpu_reset_fifo    inv_mpu.o
    0x08006488   0x08006488   0x0000011c   Code   RO         3412    i.mpu_run_self_test  inv_mpu.o
    0x080065a4   0x080065a4   0x00000084   Code   RO         3414    i.mpu_set_accel_fsr  inv_mpu.o
    0x08006628   0x08006628   0x0000014c   Code   RO         3415    i.mpu_set_bypass    inv_mpu.o
    0x08006774   0x08006774   0x00000090   Code   RO         3417    i.mpu_set_dmp_state  inv_mpu.o
    0x08006804   0x08006804   0x00000088   Code   RO         3418    i.mpu_set_gyro_fsr  inv_mpu.o
    0x0800688c   0x0800688c   0x0000006c   Code   RO         3419    i.mpu_set_int_latched  inv_mpu.o
    0x080068f8   0x080068f8   0x00000084   Code   RO         3421    i.mpu_set_lpf       inv_mpu.o
    0x0800697c   0x0800697c   0x0000009c   Code   RO         3422    i.mpu_set_sample_rate  inv_mpu.o
    0x08006a18   0x08006a18   0x000000d0   Code   RO         3423    i.mpu_set_sensors   inv_mpu.o
    0x08006ae8   0x08006ae8   0x00000080   Code   RO         3424    i.mpu_write_mem     inv_mpu.o
    0x08006b68   0x08006b68   0x00000108   Code   RO         3958    i.parseGpsBuffer    atgm336h.o
    0x08006c70   0x08006c70   0x00000006   Code   RO         4286    i.read_addr         usmart.o
    0x08006c76   0x08006c76   0x00000098   Code   RO         3425    i.run_self_test     inv_mpu.o
    0x08006d0e   0x08006d0e   0x00000002   PAD
    0x08006d10   0x08006d10   0x00000090   Code   RO         3426    i.set_int_enable    inv_mpu.o
    0x08006da0   0x08006da0   0x0000004c   Code   RO         4743    i.sqrt              m_ws.l(sqrt.o)
    0x08006dec   0x08006dec   0x00000050   Code   RO         4229    i.u2_printf         usart2.o
    0x08006e3c   0x08006e3c   0x00000050   Code   RO         4167    i.u3_printf         usart3.o
    0x08006e8c   0x08006e8c   0x000000a4   Code   RO         4230    i.uart2_init        usart2.o
    0x08006f30   0x08006f30   0x000000a0   Code   RO         4074    i.uart_init         usart.o
    0x08006fd0   0x08006fd0   0x000000d0   Code   RO         4168    i.usart3_init       usart3.o
    0x080070a0   0x080070a0   0x000000b0   Code   RO         4287    i.usmart_cmd_rec    usmart.o
    0x08007150   0x08007150   0x000002d4   Code   RO         4288    i.usmart_exe        usmart.o
    0x08007424   0x08007424   0x000000c8   Code   RO         4377    i.usmart_get_aparm  usmart_str.o
    0x080074ec   0x080074ec   0x00000036   Code   RO         4378    i.usmart_get_cmdname  usmart_str.o
    0x08007522   0x08007522   0x00000002   PAD
    0x08007524   0x08007524   0x000001c0   Code   RO         4379    i.usmart_get_fname  usmart_str.o
    0x080076e4   0x080076e4   0x0000010c   Code   RO         4380    i.usmart_get_fparam  usmart_str.o
    0x080077f0   0x080077f0   0x00000020   Code   RO         4381    i.usmart_get_parmpos  usmart_str.o
    0x08007810   0x08007810   0x00000044   Code   RO         4289    i.usmart_get_runtime  usmart.o
    0x08007854   0x08007854   0x00000028   Code   RO         4290    i.usmart_init       usmart.o
    0x0800787c   0x0800787c   0x00000016   Code   RO         4382    i.usmart_pow        usmart_str.o
    0x08007892   0x08007892   0x00000002   PAD
    0x08007894   0x08007894   0x00000030   Code   RO         4291    i.usmart_reset_runtime  usmart.o
    0x080078c4   0x080078c4   0x000000bc   Code   RO         4292    i.usmart_scan       usmart.o
    0x08007980   0x08007980   0x00000016   Code   RO         4383    i.usmart_search_nextc  usmart_str.o
    0x08007996   0x08007996   0x000000ca   Code   RO         4384    i.usmart_str2num    usmart_str.o
    0x08007a60   0x08007a60   0x00000022   Code   RO         4385    i.usmart_strcmp     usmart_str.o
    0x08007a82   0x08007a82   0x00000016   Code   RO         4386    i.usmart_strcopy    usmart_str.o
    0x08007a98   0x08007a98   0x00000018   Code   RO         4387    i.usmart_strlen     usmart_str.o
    0x08007ab0   0x08007ab0   0x000006e4   Code   RO         4293    i.usmart_sys_cmd_exe  usmart.o
    0x08008194   0x08008194   0x00000004   Code   RO         4294    i.write_addr        usmart.o
    0x08008198   0x08008198   0x0000002c   Code   RO         4826    locale$$code        c_w.l(lc_numeric_c.o)
    0x080081c4   0x080081c4   0x0000002c   Code   RO         4931    locale$$code        c_w.l(lc_ctype_c.o)
    0x080081f0   0x080081f0   0x00000062   Code   RO         4549    x$fpl$d2f           fz_ws.l(d2f.o)
    0x08008252   0x08008252   0x00000002   PAD
    0x08008254   0x08008254   0x00000150   Code   RO         4551    x$fpl$dadd          fz_ws.l(daddsub_clz.o)
    0x080083a4   0x080083a4   0x00000010   Code   RO         4828    x$fpl$dcheck1       fz_ws.l(dcheck1.o)
    0x080083b4   0x080083b4   0x00000018   Code   RO         4692    x$fpl$dcmpinf       fz_ws.l(dcmpi.o)
    0x080083cc   0x080083cc   0x000002b0   Code   RO         4558    x$fpl$ddiv          fz_ws.l(ddiv.o)
    0x0800867c   0x0800867c   0x0000005e   Code   RO         4561    x$fpl$dfix          fz_ws.l(dfix.o)
    0x080086da   0x080086da   0x0000002e   Code   RO         4566    x$fpl$dflt          fz_ws.l(dflt_clz.o)
    0x08008708   0x08008708   0x00000026   Code   RO         4565    x$fpl$dfltu         fz_ws.l(dflt_clz.o)
    0x0800872e   0x0800872e   0x00000002   PAD
    0x08008730   0x08008730   0x00000078   Code   RO         4571    x$fpl$dleqf         fz_ws.l(dleqf.o)
    0x080087a8   0x080087a8   0x00000154   Code   RO         4573    x$fpl$dmul          fz_ws.l(dmul.o)
    0x080088fc   0x080088fc   0x0000009c   Code   RO         4694    x$fpl$dnaninf       fz_ws.l(dnaninf.o)
    0x08008998   0x08008998   0x0000000c   Code   RO         4696    x$fpl$dretinf       fz_ws.l(dretinf.o)
    0x080089a4   0x080089a4   0x0000006c   Code   RO         4575    x$fpl$drleqf        fz_ws.l(drleqf.o)
    0x08008a10   0x08008a10   0x00000016   Code   RO         4552    x$fpl$drsb          fz_ws.l(daddsub_clz.o)
    0x08008a26   0x08008a26   0x00000002   PAD
    0x08008a28   0x08008a28   0x000001cc   Code   RO         4830    x$fpl$dsqrt         fz_ws.l(dsqrt_noumaal.o)
    0x08008bf4   0x08008bf4   0x000001d4   Code   RO         4553    x$fpl$dsub          fz_ws.l(daddsub_clz.o)
    0x08008dc8   0x08008dc8   0x00000056   Code   RO         4577    x$fpl$f2d           fz_ws.l(f2d.o)
    0x08008e1e   0x08008e1e   0x00000002   PAD
    0x08008e20   0x08008e20   0x000000c4   Code   RO         4579    x$fpl$fadd          fz_ws.l(faddsub_clz.o)
    0x08008ee4   0x08008ee4   0x00000018   Code   RO         4698    x$fpl$fcmpinf       fz_ws.l(fcmpi.o)
    0x08008efc   0x08008efc   0x00000184   Code   RO         4586    x$fpl$fdiv          fz_ws.l(fdiv.o)
    0x08009080   0x08009080   0x00000068   Code   RO         4589    x$fpl$feqf          fz_ws.l(feqf.o)
    0x080090e8   0x080090e8   0x00000036   Code   RO         4591    x$fpl$ffix          fz_ws.l(ffix.o)
    0x0800911e   0x0800911e   0x00000002   PAD
    0x08009120   0x08009120   0x0000003e   Code   RO         4595    x$fpl$ffixu         fz_ws.l(ffixu.o)
    0x0800915e   0x0800915e   0x00000002   PAD
    0x08009160   0x08009160   0x00000030   Code   RO         4600    x$fpl$fflt          fz_ws.l(fflt_clz.o)
    0x08009190   0x08009190   0x00000026   Code   RO         4599    x$fpl$ffltu         fz_ws.l(fflt_clz.o)
    0x080091b6   0x080091b6   0x00000002   PAD
    0x080091b8   0x080091b8   0x00000068   Code   RO         4605    x$fpl$fleqf         fz_ws.l(fleqf.o)
    0x08009220   0x08009220   0x00000102   Code   RO         4607    x$fpl$fmul          fz_ws.l(fmul.o)
    0x08009322   0x08009322   0x0000008c   Code   RO         4700    x$fpl$fnaninf       fz_ws.l(fnaninf.o)
    0x080093ae   0x080093ae   0x0000000a   Code   RO         4702    x$fpl$fretinf       fz_ws.l(fretinf.o)
    0x080093b8   0x080093b8   0x00000062   Code   RO         4609    x$fpl$frleqf        fz_ws.l(frleqf.o)
    0x0800941a   0x0800941a   0x00000002   PAD
    0x0800941c   0x0800941c   0x000000ea   Code   RO         4581    x$fpl$fsub          fz_ws.l(faddsub_clz.o)
    0x08009506   0x08009506   0x00000004   Code   RO         4611    x$fpl$printf1       fz_ws.l(printf1.o)
    0x0800950a   0x0800950a   0x00000004   Code   RO         4704    x$fpl$printf2       fz_ws.l(printf2.o)
    0x0800950e   0x0800950e   0x00000064   Code   RO         4920    x$fpl$retnan        fz_ws.l(retnan.o)
    0x08009572   0x08009572   0x0000005c   Code   RO         4710    x$fpl$scalbn        fz_ws.l(scalbn.o)
    0x080095ce   0x080095ce   0x00000030   Code   RO         4941    x$fpl$trapveneer    fz_ws.l(trapv.o)
    0x080095fe   0x080095fe   0x00000000   Code   RO         4712    x$fpl$usenofp       fz_ws.l(usenofp.o)
    0x080095fe   0x080095fe   0x00000002   PAD
    0x08009600   0x08009600   0x0000006c   Data   RO         3109    .constdata          main.o
    0x0800966c   0x0800966c   0x00000050   Data   RO         3428    .constdata          inv_mpu.o
    0x080096bc   0x080096bc   0x00000bf6   Data   RO         3734    .constdata          inv_mpu_dmp_motion_driver.o
    0x0800a2b2   0x0800a2b2   0x00000028   Data   RO         4494    .constdata          c_w.l(_printf_hex_int_ll_ptr.o)
    0x0800a2da   0x0800a2da   0x00000011   Data   RO         4514    .constdata          c_w.l(__printf_flags_ss_wp.o)
    0x0800a2eb   0x0800a2eb   0x00000005   PAD
    0x0800a2f0   0x0800a2f0   0x00000050   Data   RO         4617    .constdata          m_ws.l(asin.o)
    0x0800a340   0x0800a340   0x00000008   Data   RO         4657    .constdata          c_w.l(_printf_wctomb.o)
    0x0800a348   0x0800a348   0x00000098   Data   RO         4715    .constdata          m_ws.l(atan.o)
    0x0800a3e0   0x0800a3e0   0x00000008   Data   RO         4741    .constdata          m_ws.l(qnan.o)
    0x0800a3e8   0x0800a3e8   0x00000026   Data   RO         4784    .constdata          c_w.l(_printf_fp_hex.o)
    0x0800a40e   0x0800a40e   0x00000002   PAD
    0x0800a410   0x0800a410   0x00000094   Data   RO         4795    .constdata          c_w.l(bigflt0.o)
    0x0800a4a4   0x0800a4a4   0x0000004d   Data   RO         3429    .conststring        inv_mpu.o
    0x0800a4f1   0x0800a4f1   0x00000003   PAD
    0x0800a4f4   0x0800a4f4   0x00000028   Data   RO         4295    .conststring        usmart.o
    0x0800a51c   0x0800a51c   0x000000cb   Data   RO         4364    .conststring        usmart_config.o
    0x0800a5e7   0x0800a5e7   0x00000001   PAD
    0x0800a5e8   0x0800a5e8   0x00000020   Data   RO         5024    Region$$Table       anon$$obj.o
    0x0800a608   0x0800a608   0x0000001c   Data   RO         4825    locale$$data        c_w.l(lc_numeric_c.o)
    0x0800a624   0x0800a624   0x00000110   Data   RO         4930    locale$$data        c_w.l(lc_ctype_c.o)


    Execution Region RW_IRAM1 (Exec base: 0x20000000, Load base: 0x0800a734, Size: 0x00000ff0, Max: 0x00005000, ABSOLUTE, COMPRESSED[0x0000008c])

    Exec Addr    Load Addr    Size         Type   Attr      Idx    E Section Name        Object

    0x20000000   COMPRESSED   0x00000014   Data   RW           21    .data               system_stm32f10x.o
    0x20000014   COMPRESSED   0x00000014   Data   RW         1738    .data               stm32f10x_rcc.o
    0x20000028   COMPRESSED   0x00000035   Data   RW         3430    .data               inv_mpu.o
    0x2000005d   COMPRESSED   0x00000001   PAD
    0x2000005e   COMPRESSED   0x00000004   Data   RW         4004    .data               hcsr04.o
    0x20000062   COMPRESSED   0x00000001   Data   RW         4042    .data               key.o
    0x20000063   COMPRESSED   0x00000001   PAD
    0x20000064   COMPRESSED   0x00000006   Data   RW         4076    .data               usart.o
    0x2000006a   COMPRESSED   0x00000004   Data   RW         4115    .data               delay.o
    0x2000006e   COMPRESSED   0x00000002   Data   RW         4170    .data               usart3.o
    0x20000070   COMPRESSED   0x00000004   Data   RW         4232    .data               usart2.o
    0x20000074   COMPRESSED   0x0000001c   Data   RW         4296    .data               usmart.o
    0x20000090   COMPRESSED   0x0000012c   Data   RW         4365    .data               usmart_config.o
    0x200001bc        -       0x00000010   Zero   RW         3733    .bss                inv_mpu_dmp_motion_driver.o
    0x200001cc        -       0x00000079   Zero   RW         3960    .bss                atgm336h.o
    0x20000245        -       0x000000c8   Zero   RW         4075    .bss                usart.o
    0x2000030d        -       0x00000400   Zero   RW         4169    .bss                usart3.o
    0x2000070d        -       0x00000280   Zero   RW         4231    .bss                usart2.o
    0x2000098d   COMPRESSED   0x00000003   PAD
    0x20000990        -       0x00000060   Zero   RW         4851    .bss                c_w.l(libspace.o)
    0x200009f0        -       0x00000200   Zero   RW          131    HEAP                startup_stm32f10x_md.o
    0x20000bf0        -       0x00000400   Zero   RW          130    STACK               startup_stm32f10x_md.o


==============================================================================

Image component sizes


      Code (inc. data)   RO Data    RW Data    ZI Data      Debug   Object Name

       368         56          0          0        121       2632   atgm336h.o
        52          6          0          0          0        476   beep.o
         0          0          0          0          0       4556   core_cm3.o
       220         26          0          4          0       1655   delay.o
       440        160          0          0          0       3089   esp8266.o
       532         34          0          4          0       2272   hcsr04.o
      6880        292        157         53          0      35455   inv_mpu.o
      3096        122       3062          0         16      20574   inv_mpu_dmp_motion_driver.o
       156         14          0          1          0       1074   key.o
        80          4          0          0          0        479   led.o
       964        212        108          0          0       1275   main.o
       172         22          0          0          0       2025   misc.o
       942         30          0          0          0       8201   mpu6050.o
       662        100          0          0          0       4690   mpuiic.o
        64         26        236          0       1536        812   startup_stm32f10x_md.o
       448          6          0          0          0       4382   stm32f10x_gpio.o
        26          0          0          0          0       3562   stm32f10x_it.o
       340         44          0         20          0       5456   stm32f10x_rcc.o
      1144        150          0          0          0      12731   stm32f10x_tim.o
       598         28          0          0          0       6556   stm32f10x_usart.o
       328         28          0         20          0     248929   system_stm32f10x.o
       148         16          0          0          0       1094   timer.o
       330         26          0          6        200       4176   usart.o
       424         44          0          4        640       3146   usart2.o
       400         44          0          2       1024       3326   usart3.o
      3166       1330         40         28          0       7478   usmart.o
         0          0        203        300          0       1660   usmart_config.o
      1328         20          0          0          0       8385   usmart_str.o

    ----------------------------------------------------------------------
     23328       2840       3842        444       3540     400146   Object Totals
         0          0         32          0          0          0   (incl. Generated)
        20          0          4          2          3          0   (incl. Padding)

    ----------------------------------------------------------------------

      Code (inc. data)   RO Data    RW Data    ZI Data      Debug   Library Member Name

        24          4          0          0          0         84   __2printf.o
        44          6          0          0          0         84   __2sprintf.o
        90          0          0          0          0          0   __dczerorl2.o
         8          0          0          0          0         68   __main.o
       392          4         17          0          0         92   __printf_flags_ss_wp.o
        14          0          0          0          0         68   __printf_wp.o
         0          0          0          0          0          0   __rtentry.o
        12          0          0          0          0          0   __rtentry2.o
         6          0          0          0          0          0   __rtentry4.o
        52          8          0          0          0          0   __scatter.o
        28          0          0          0          0          0   __scatter_zi.o
         6          0          0          0          0          0   _printf_a.o
         6          0          0          0          0          0   _printf_c.o
        44          0          0          0          0        108   _printf_char.o
        48          6          0          0          0         96   _printf_char_common.o
        36          4          0          0          0         80   _printf_char_file.o
        40          0          0          0          0         68   _printf_charcount.o
         6          0          0          0          0          0   _printf_d.o
       120         16          0          0          0         92   _printf_dec.o
         6          0          0          0          0          0   _printf_e.o
         6          0          0          0          0          0   _printf_f.o
      1054          0          0          0          0        216   _printf_fp_dec.o
       764          8         38          0          0        100   _printf_fp_hex.o
       128         16          0          0          0         84   _printf_fp_infnan.o
         6          0          0          0          0          0   _printf_g.o
       148          4         40          0          0        160   _printf_hex_int_ll_ptr.o
         6          0          0          0          0          0   _printf_i.o
       178          0          0          0          0         88   _printf_intcommon.o
        10          0          0          0          0          0   _printf_l.o
         6          0          0          0          0          0   _printf_lc.o
        10          0          0          0          0          0   _printf_ll.o
         6          0          0          0          0          0   _printf_lld.o
         6          0          0          0          0          0   _printf_lli.o
         6          0          0          0          0          0   _printf_llo.o
         6          0          0          0          0          0   _printf_llu.o
         6          0          0          0          0          0   _printf_llx.o
       124         16          0          0          0         92   _printf_longlong_dec.o
         6          0          0          0          0          0   _printf_ls.o
         6          0          0          0          0          0   _printf_n.o
         6          0          0          0          0          0   _printf_o.o
       112         10          0          0          0        124   _printf_oct_int_ll.o
         6          0          0          0          0          0   _printf_p.o
        78          0          0          0          0        108   _printf_pad.o
         0          0          0          0          0          0   _printf_percent.o
         4          0          0          0          0          0   _printf_percent_end.o
         6          0          0          0          0          0   _printf_s.o
        82          0          0          0          0         80   _printf_str.o
        36          0          0          0          0         84   _printf_truncate.o
         6          0          0          0          0          0   _printf_u.o
        44          0          0          0          0        108   _printf_wchar.o
       188          6          8          0          0         92   _printf_wctomb.o
         6          0          0          0          0          0   _printf_x.o
        22          0          0          0          0        100   _rserrno.o
        10          0          0          0          0         68   _sputc.o
        64          0          0          0          0         92   _wcrtomb.o
        16          0          0          0          0         68   aeabi_memset.o
       228          4        148          0          0         96   bigflt0.o
      1936        128          0          0          0        672   btod.o
        18          0          0          0          0         80   exit.o
         8          0          0          0          0         68   ferror.o
         6          0          0          0          0        152   heapauxi.o
        44         10        272          0          0         76   lc_ctype_c.o
        44         10         28          0          0         76   lc_numeric_c.o
         2          0          0          0          0          0   libinit.o
        30          0          0          0          0          0   libinit2.o
         2          0          0          0          0          0   libshutdown.o
         2          0          0          0          0          0   libshutdown2.o
         8          4          0          0         96         68   libspace.o
        72          0          0          0          0         76   llsdiv.o
       138          0          0          0          0         80   lludiv10.o
       238          0          0          0          0        100   lludivv7m.o
        88          0          0          0          0         76   memcmp.o
        24          4          0          0          0         84   printf.o
        16          4          0          0          0         76   rt_ctype_table.o
         8          4          0          0          0         68   rt_errno_addr_intlibspace.o
         8          4          0          0          0         68   rt_locale_intlibspace.o
        68          0          0          0          0         68   rt_memclr.o
        78          0          0          0          0         80   rt_memclr_w.o
       138          0          0          0          0         68   rt_memcpy_v6.o
       100          0          0          0          0         80   rt_memcpy_w.o
         2          0          0          0          0          0   rtexit.o
        10          0          0          0          0          0   rtexit2.o
       128          0          0          0          0         68   strcmpv7m.o
        62          0          0          0          0         76   strlen.o
        36          0          0          0          0         80   strstr.o
        74          0          0          0          0         80   sys_stackheap_outer.o
         2          0          0          0          0         68   use_no_semi.o
         2          0          0          0          0         68   use_no_semi_2.o
        36          4          0          0          0         76   vsprintf.o
        98          4          0          0          0         92   d2f.o
       826         16          0          0          0        348   daddsub_clz.o
        16          4          0          0          0         68   dcheck1.o
        24          0          0          0          0         68   dcmpi.o
       688        140          0          0          0        208   ddiv.o
        94          4          0          0          0         92   dfix.o
        84          0          0          0          0        136   dflt_clz.o
       120          4          0          0          0         92   dleqf.o
       340         12          0          0          0        104   dmul.o
       156          4          0          0          0         92   dnaninf.o
        12          0          0          0          0         68   dretinf.o
       108          0          0          0          0         80   drleqf.o
       460         56          0          0          0        120   dsqrt_noumaal.o
        86          4          0          0          0         84   f2d.o
       430          8          0          0          0        168   faddsub_clz.o
        24          0          0          0          0         68   fcmpi.o
       388         76          0          0          0         96   fdiv.o
       104          4          0          0          0         84   feqf.o
        54          4          0          0          0         84   ffix.o
        62          4          0          0          0         84   ffixu.o
        86          0          0          0          0        136   fflt_clz.o
       104          4          0          0          0         84   fleqf.o
       258          4          0          0          0         84   fmul.o
       140          4          0          0          0         84   fnaninf.o
        10          0          0          0          0         68   fretinf.o
        98          0          0          0          0         68   frleqf.o
         4          0          0          0          0         68   printf1.o
         4          0          0          0          0         68   printf2.o
       100          0          0          0          0         68   retnan.o
        92          0          0          0          0         68   scalbn.o
        48          0          0          0          0         68   trapv.o
         0          0          0          0          0          0   usenofp.o
       624         52         80          0          0        168   asin.o
       544         70        152          0          0        124   atan.o
       384         38          0          0          0        144   atan2.o
        38          6          0          0          0        272   dunder.o
        40          0          0          0          0         68   fpclassify.o
       170          0          0          0          0         96   poly.o
         0          0          8          0          0          0   qnan.o
        76          0          0          0          0         84   sqrt.o

    ----------------------------------------------------------------------
     14836        806        798          0         96       9288   Library Totals
        36          0          7          0          0          0   (incl. Padding)

    ----------------------------------------------------------------------

      Code (inc. data)   RO Data    RW Data    ZI Data      Debug   Library Name

      7806        284        551          0         96       5232   c_w.l
      5118        356          0          0          0       3100   fz_ws.l
      1876        166        240          0          0        956   m_ws.l

    ----------------------------------------------------------------------
     14836        806        798          0         96       9288   Library Totals

    ----------------------------------------------------------------------

==============================================================================


      Code (inc. data)   RO Data    RW Data    ZI Data      Debug   

     38164       3646       4640        444       3636     394870   Grand Totals
     38164       3646       4640        140       3636     394870   ELF Image Totals (compressed)
     38164       3646       4640        140          0          0   ROM Totals

==============================================================================

    Total RO  Size (Code + RO Data)                42804 (  41.80kB)
    Total RW  Size (RW Data + ZI Data)              4080 (   3.98kB)
    Total ROM Size (Code + RO Data + RW Data)      42944 (  41.94kB)

==============================================================================

