Component: ARM Compiler 5.06 update 6 (build 750) Tool: armlink [4d35ed]

==============================================================================

Section Cross References

    system_stm32f10x.o(i.SetSysClock) refers to system_stm32f10x.o(i.SetSysClockTo72) for SetSysClockTo72
    system_stm32f10x.o(i.SystemCoreClockUpdate) refers to system_stm32f10x.o(.data) for SystemCoreClock
    system_stm32f10x.o(i.SystemInit) refers to system_stm32f10x.o(i.SetSysClock) for SetSysClock
    startup_stm32f10x_hd.o(STACK) refers (Special) to heapauxi.o(.text) for __use_two_region_memory
    startup_stm32f10x_hd.o(HEAP) refers (Special) to heapauxi.o(.text) for __use_two_region_memory
    startup_stm32f10x_hd.o(RESET) refers (Special) to heapauxi.o(.text) for __use_two_region_memory
    startup_stm32f10x_hd.o(RESET) refers to startup_stm32f10x_hd.o(STACK) for __initial_sp
    startup_stm32f10x_hd.o(RESET) refers to startup_stm32f10x_hd.o(.text) for Reset_Handler
    startup_stm32f10x_hd.o(RESET) refers to stm32f10x_it.o(i.NMI_Handler) for NMI_Handler
    startup_stm32f10x_hd.o(RESET) refers to stm32f10x_it.o(i.HardFault_Handler) for HardFault_Handler
    startup_stm32f10x_hd.o(RESET) refers to stm32f10x_it.o(i.MemManage_Handler) for MemManage_Handler
    startup_stm32f10x_hd.o(RESET) refers to stm32f10x_it.o(i.BusFault_Handler) for BusFault_Handler
    startup_stm32f10x_hd.o(RESET) refers to stm32f10x_it.o(i.UsageFault_Handler) for UsageFault_Handler
    startup_stm32f10x_hd.o(RESET) refers to stm32f10x_it.o(i.SVC_Handler) for SVC_Handler
    startup_stm32f10x_hd.o(RESET) refers to stm32f10x_it.o(i.DebugMon_Handler) for DebugMon_Handler
    startup_stm32f10x_hd.o(RESET) refers to stm32f10x_it.o(i.PendSV_Handler) for PendSV_Handler
    startup_stm32f10x_hd.o(RESET) refers to stm32f10x_it.o(i.SysTick_Handler) for SysTick_Handler
    startup_stm32f10x_hd.o(RESET) refers to usmart.o(i.TIM4_IRQHandler) for TIM4_IRQHandler
    startup_stm32f10x_hd.o(RESET) refers to usart.o(i.USART1_IRQHandler) for USART1_IRQHandler
    startup_stm32f10x_hd.o(RESET) refers to usart3.o(i.USART3_IRQHandler) for USART3_IRQHandler
    startup_stm32f10x_hd.o(RESET) refers to timer.o(i.TIM7_IRQHandler) for TIM7_IRQHandler
    startup_stm32f10x_hd.o(.text) refers (Special) to heapauxi.o(.text) for __use_two_region_memory
    startup_stm32f10x_hd.o(.text) refers to system_stm32f10x.o(i.SystemInit) for SystemInit
    startup_stm32f10x_hd.o(.text) refers to __main.o(!!!main) for __main
    startup_stm32f10x_hd.o(.text) refers to startup_stm32f10x_hd.o(HEAP) for Heap_Mem
    startup_stm32f10x_hd.o(.text) refers to startup_stm32f10x_hd.o(STACK) for Stack_Mem
    stm32f10x_adc.o(i.ADC_DeInit) refers to stm32f10x_rcc.o(i.RCC_APB2PeriphResetCmd) for RCC_APB2PeriphResetCmd
    stm32f10x_bkp.o(i.BKP_DeInit) refers to stm32f10x_rcc.o(i.RCC_BackupResetCmd) for RCC_BackupResetCmd
    stm32f10x_can.o(i.CAN_DeInit) refers to stm32f10x_rcc.o(i.RCC_APB1PeriphResetCmd) for RCC_APB1PeriphResetCmd
    stm32f10x_can.o(i.CAN_GetITStatus) refers to stm32f10x_can.o(i.CheckITStatus) for CheckITStatus
    stm32f10x_cec.o(i.CEC_DeInit) refers to stm32f10x_rcc.o(i.RCC_APB1PeriphResetCmd) for RCC_APB1PeriphResetCmd
    stm32f10x_dac.o(i.DAC_DeInit) refers to stm32f10x_rcc.o(i.RCC_APB1PeriphResetCmd) for RCC_APB1PeriphResetCmd
    stm32f10x_flash.o(i.FLASH_EnableWriteProtection) refers to stm32f10x_flash.o(i.FLASH_WaitForLastOperation) for FLASH_WaitForLastOperation
    stm32f10x_flash.o(i.FLASH_EraseAllBank1Pages) refers to stm32f10x_flash.o(i.FLASH_WaitForLastBank1Operation) for FLASH_WaitForLastBank1Operation
    stm32f10x_flash.o(i.FLASH_EraseAllPages) refers to stm32f10x_flash.o(i.FLASH_WaitForLastOperation) for FLASH_WaitForLastOperation
    stm32f10x_flash.o(i.FLASH_EraseOptionBytes) refers to stm32f10x_flash.o(i.FLASH_GetReadOutProtectionStatus) for FLASH_GetReadOutProtectionStatus
    stm32f10x_flash.o(i.FLASH_EraseOptionBytes) refers to stm32f10x_flash.o(i.FLASH_WaitForLastOperation) for FLASH_WaitForLastOperation
    stm32f10x_flash.o(i.FLASH_ErasePage) refers to stm32f10x_flash.o(i.FLASH_WaitForLastOperation) for FLASH_WaitForLastOperation
    stm32f10x_flash.o(i.FLASH_ProgramHalfWord) refers to stm32f10x_flash.o(i.FLASH_WaitForLastOperation) for FLASH_WaitForLastOperation
    stm32f10x_flash.o(i.FLASH_ProgramOptionByteData) refers to stm32f10x_flash.o(i.FLASH_WaitForLastOperation) for FLASH_WaitForLastOperation
    stm32f10x_flash.o(i.FLASH_ProgramWord) refers to stm32f10x_flash.o(i.FLASH_WaitForLastOperation) for FLASH_WaitForLastOperation
    stm32f10x_flash.o(i.FLASH_ReadOutProtection) refers to stm32f10x_flash.o(i.FLASH_WaitForLastOperation) for FLASH_WaitForLastOperation
    stm32f10x_flash.o(i.FLASH_UserOptionByteConfig) refers to stm32f10x_flash.o(i.FLASH_WaitForLastOperation) for FLASH_WaitForLastOperation
    stm32f10x_flash.o(i.FLASH_WaitForLastBank1Operation) refers to stm32f10x_flash.o(i.FLASH_GetBank1Status) for FLASH_GetBank1Status
[...]
    _printf_percent                          0x080001e5   Thumb Code     0  _printf_percent.o(.ARM.Collect$$_printf_percent$$00000000)
    _printf_p                                0x080001eb   Thumb Code     0  _printf_p.o(.ARM.Collect$$_printf_percent$$00000002)
    _printf_f                                0x080001f1   Thumb Code     0  _printf_f.o(.ARM.Collect$$_printf_percent$$00000003)
    _printf_e                                0x080001f7   Thumb Code     0  _printf_e.o(.ARM.Collect$$_printf_percent$$00000004)
    _printf_g                                0x080001fd   Thumb Code     0  _printf_g.o(.ARM.Collect$$_printf_percent$$00000005)
    _printf_a                                0x08000203   Thumb Code     0  _printf_a.o(.ARM.Collect$$_printf_percent$$00000006)
    _printf_ll                               0x08000209   Thumb Code     0  _printf_ll.o(.ARM.Collect$$_printf_percent$$00000007)
    _printf_i                                0x08000213   Thumb Code     0  _printf_i.o(.ARM.Collect$$_printf_percent$$00000008)
    _printf_d                                0x08000219   Thumb Code     0  _printf_d.o(.ARM.Collect$$_printf_percent$$00000009)
    _printf_u                                0x0800021f   Thumb Code     0  _printf_u.o(.ARM.Collect$$_printf_percent$$0000000A)
    _printf_o                                0x08000225   Thumb Code     0  _printf_o.o(.ARM.Collect$$_printf_percent$$0000000B)
    _printf_x                                0x0800022b   Thumb Code     0  _printf_x.o(.ARM.Collect$$_printf_percent$$0000000C)
    _printf_lli                              0x08000231   Thumb Code     0  _printf_lli.o(.ARM.Collect$$_printf_percent$$0000000D)
    _printf_lld                              0x08000237   Thumb Code     0  _printf_lld.o(.ARM.Collect$$_printf_percent$$0000000E)
    _printf_llu                              0x0800023d   Thumb Code     0  _printf_llu.o(.ARM.Collect$$_printf_percent$$0000000F)
    _printf_llo                              0x08000243   Thumb Code     0  _printf_llo.o(.ARM.Collect$$_printf_percent$$00000010)
    _printf_llx                              0x08000249   Thumb Code     0  _printf_llx.o(.ARM.Collect$$_printf_percent$$00000011)
    _printf_l                                0x0800024f   Thumb Code     0  _printf_l.o(.ARM.Collect$$_printf_percent$$00000012)
    _printf_c                                0x08000259   Thumb Code     0  _printf_c.o(.ARM.Collect$$_printf_percent$$00000013)
    _printf_s                                0x0800025f   Thumb Code     0  _printf_s.o(.ARM.Collect$$_printf_percent$$00000014)
    _printf_lc                               0x08000265   Thumb Code     0  _printf_lc.o(.ARM.Collect$$_printf_percent$$00000015)
    _printf_ls                               0x0800026b   Thumb Code     0  _printf_ls.o(.ARM.Collect$$_printf_percent$$00000016)
    _printf_percent_end                      0x08000271   Thumb Code     0  _printf_percent_end.o(.ARM.Collect$$_printf_percent$$00000017)
    __rt_lib_init                            0x08000275   Thumb Code     0  libinit.o(.ARM.Collect$$libinit$$00000000)
    __rt_lib_init_fp_1                       0x08000277   Thumb Code     0  libinit2.o(.ARM.Collect$$libinit$$00000002)
    __rt_lib_init_heap_1                     0x08000277   Thumb Code     0  libinit2.o(.ARM.Collect$$libinit$$0000000A)
    __rt_lib_init_lc_common                  0x08000277   Thumb Code     0  libinit2.o(.ARM.Collect$$libinit$$0000000F)
    __rt_lib_init_preinit_1                  0x08000277   Thumb Code     0  libinit2.o(.ARM.Collect$$libinit$$00000004)
    __rt_lib_init_rand_1                     0x08000277   Thumb Code     0  libinit2.o(.ARM.Collect$$libinit$$0000000E)
    __rt_lib_init_user_alloc_1               0x08000277   Thumb Code     0  libinit2.o(.ARM.Collect$$libinit$$0000000C)
    __rt_lib_init_lc_collate_1               0x0800027d   Thumb Code     0  libinit2.o(.ARM.Collect$$libinit$$00000011)
    __rt_lib_init_lc_ctype_2                 0x0800027d   Thumb Code     0  libinit2.o(.ARM.Collect$$libinit$$00000012)
    __rt_lib_init_lc_ctype_1                 0x08000289   Thumb Code     0  libinit2.o(.ARM.Collect$$libinit$$00000013)
    __rt_lib_init_lc_monetary_1              0x08000289   Thumb Code     0  libinit2.o(.ARM.Collect$$libinit$$00000015)
    __rt_lib_init_lc_numeric_2               0x08000289   Thumb Code     0  libinit2.o(.ARM.Collect$$libinit$$00000016)
    __rt_lib_init_alloca_1                   0x08000293   Thumb Code     0  libinit2.o(.ARM.Collect$$libinit$$0000002E)
    __rt_lib_init_argv_1                     0x08000293   Thumb Code     0  libinit2.o(.ARM.Collect$$libinit$$0000002C)
    __rt_lib_init_atexit_1                   0x08000293   Thumb Code     0  libinit2.o(.ARM.Collect$$libinit$$0000001B)
    __rt_lib_init_clock_1                    0x08000293   Thumb Code     0  libinit2.o(.ARM.Collect$$libinit$$00000021)
    __rt_lib_init_cpp_1                      0x08000293   Thumb Code     0  libinit2.o(.ARM.Collect$$libinit$$00000032)
    __rt_lib_init_exceptions_1               0x08000293   Thumb Code     0  libinit2.o(.ARM.Collect$$libinit$$00000030)
    __rt_lib_init_fp_trap_1                  0x08000293   Thumb Code     0  libinit2.o(.ARM.Collect$$libinit$$0000001F)
    __rt_lib_init_getenv_1                   0x08000293   Thumb Code     0  libinit2.o(.ARM.Collect$$libinit$$00000023)
    __rt_lib_init_lc_numeric_1               0x08000293   Thumb Code     0  libinit2.o(.ARM.Collect$$libinit$$00000017)
    __rt_lib_init_lc_time_1                  0x08000293   Thumb Code     0  libinit2.o(.ARM.Collect$$libinit$$00000019)
    __rt_lib_init_return                     0x08000293   Thumb Code     0  libinit2.o(.ARM.Collect$$libinit$$00000033)
    __rt_lib_init_signal_1                   0x08000293   Thumb Code     0  libinit2.o(.ARM.Collect$$libinit$$0000001D)
    __rt_lib_init_stdio_1                    0x08000293   Thumb Code     0  libinit2.o(.ARM.Collect$$libinit$$00000025)
    __rt_lib_shutdown                        0x08000295   Thumb Code     0  libshutdown.o(.ARM.Collect$$libshutdown$$00000000)
    __rt_lib_shutdown_cpp_1                  0x08000297   Thumb Code     0  libshutdown2.o(.ARM.Collect$$libshutdown$$00000002)
    __rt_lib_shutdown_fp_trap_1              0x08000297   Thumb Code     0  libshutdown2.o(.ARM.Collect$$libshutdown$$00000007)
    __rt_lib_shutdown_heap_1                 0x08000297   Thumb Code     0  libshutdown2.o(.ARM.Collect$$libshutdown$$0000000F)
    __rt_lib_shutdown_return                 0x08000297   Thumb Code     0  libshutdown2.o(.ARM.Collect$$libshutdown$$00000010)
    __rt_lib_shutdown_signal_1               0x08000297   Thumb Code     0  libshutdown2.o(.ARM.Collect$$libshutdown$$0000000A)
    __rt_lib_shutdown_stdio_1                0x08000297   Thumb Code     0  libshutdown2.o(.ARM.Collect$$libshutdown$$00000004)
    __rt_lib_shutdown_user_alloc_1           0x08000297   Thumb Code     0  libshutdown2.o(.ARM.Collect$$libshutdown$$0000000C)
    __rt_entry                               0x08000299   Thumb Code     0  __rtentry.o(.ARM.Collect$$rtentry$$00000000)
    __rt_entry_presh_1                       0x08000299   Thumb Code     0  __rtentry2.o(.ARM.Collect$$rtentry$$00000002)
    __rt_entry_sh                            0x08000299   Thumb Code     0  __rtentry4.o(.ARM.Collect$$rtentry$$00000004)
    __rt_entry_li                            0x0800029f   Thumb Code     0  __rtentry2.o(.ARM.Collect$$rtentry$$0000000A)
    __rt_entry_postsh_1                      0x0800029f   Thumb Code     0  __rtentry2.o(.ARM.Collect$$rtentry$$00000009)
    __rt_entry_main                          0x080002a3   Thumb Code     0  __rtentry2.o(.ARM.Collect$$rtentry$$0000000D)
    __rt_entry_postli_1                      0x080002a3   Thumb Code     0  __rtentry2.o(.ARM.Collect$$rtentry$$0000000C)
    __rt_exit                                0x080002ab   Thumb Code     0  rtexit.o(.ARM.Collect$$rtexit$$00000000)
    __rt_exit_ls                             0x080002ad   Thumb Code     0  rtexit2.o(.ARM.Collect$$rtexit$$00000003)
    __rt_exit_prels_1                        0x080002ad   Thumb Code     0  rtexit2.o(.ARM.Collect$$rtexit$$00000002)
    __rt_exit_exit                           0x080002b1   Thumb Code     0  rtexit2.o(.ARM.Collect$$rtexit$$00000004)
    Reset_Handler                            0x080002b9   Thumb Code     8  startup_stm32f10x_hd.o(.text)
    ADC1_2_IRQHandler                        0x080002d3   Thumb Code     0  startup_stm32f10x_hd.o(.text)
    ADC3_IRQHandler                          0x080002d3   Thumb Code     0  startup_stm32f10x_hd.o(.text)
    CAN1_RX1_IRQHandler                      0x080002d3   Thumb Code     0  startup_stm32f10x_hd.o(.text)
    CAN1_SCE_IRQHandler                      0x080002d3   Thumb Code     0  startup_stm32f10x_hd.o(.text)
    DMA1_Channel1_IRQHandler                 0x080002d3   Thumb Code     0  startup_stm32f10x_hd.o(.text)
    DMA1_Channel2_IRQHandler                 0x080002d3   Thumb Code     0  startup_stm32f10x_hd.o(.text)
    DMA1_Channel3_IRQHandler                 0x080002d3   Thumb Code     0  startup_stm32f10x_hd.o(.text)
    DMA1_Channel4_IRQHandler                 0x080002d3   Thumb Code     0  startup_stm32f10x_hd.o(.text)
    DMA1_Channel5_IRQHandler                 0x080002d3   Thumb Code     0  startup_stm32f10x_hd.o(.text)
    DMA1_Channel6_IRQHandler                 0x080002d3   Thumb Code     0  startup_stm32f10x_hd.o(.text)
    DMA1_Channel7_IRQHandler                 0x080002d3   Thumb Code     0  startup_stm32f10x_hd.o(.text)
    DMA2_Channel1_IRQHandler                 0x080002d3   Thumb Code     0  startup_stm32f10x_hd.o(.text)
    DMA2_Channel2_IRQHandler                 0x080002d3   Thumb Code     0  startup_stm32f10x_hd.o(.text)
    DMA2_Channel3_IRQHandler                 0x080002d3   Thumb Code     0  startup_stm32f10x_hd.o(.text)
    DMA2_Channel4_5_IRQHandler               0x080002d3   Thumb Code     0  startup_stm32f10x_hd.o(.text)
    EXTI0_IRQHandler                         0x080002d3   Thumb Code     0  startup_stm32f10x_hd.o(.text)
    EXTI15_10_IRQHandler                     0x080002d3   Thumb Code     0  startup_stm32f10x_hd.o(.text)
    EXTI1_IRQHandler                         0x080002d3   Thumb Code     0  startup_stm32f10x_hd.o(.text)
    EXTI2_IRQHandler                         0x080002d3   Thumb Code     0  startup_stm32f10x_hd.o(.text)
    EXTI3_IRQHandler                         0x080002d3   Thumb Code     0  startup_stm32f10x_hd.o(.text)
    EXTI4_IRQHandler                         0x080002d3   Thumb Code     0  startup_stm32f10x_hd.o(.text)
    EXTI9_5_IRQHandler                       0x080002d3   Thumb Code     0  startup_stm32f10x_hd.o(.text)
    FLASH_IRQHandler                         0x080002d3   Thumb Code     0  startup_stm32f10x_hd.o(.text)
    FSMC_IRQHandler                          0x080002d3   Thumb Code     0  startup_stm32f10x_hd.o(.text)
    I2C1_ER_IRQHandler                       0x080002d3   Thumb Code     0  startup_stm32f10x_hd.o(.text)
    I2C1_EV_IRQHandler                       0x080002d3   Thumb Code     0  startup_stm32f10x_hd.o(.text)
    I2C2_ER_IRQHandler                       0x080002d3   Thumb Code     0  startup_stm32f10x_hd.o(.text)
    I2C2_EV_IRQHandler                       0x080002d3   Thumb Code     0  startup_stm32f10x_hd.o(.text)
    PVD_IRQHandler                           0x080002d3   Thumb Code     0  startup_stm32f10x_hd.o(.text)
    RCC_IRQHandler                           0x080002d3   Thumb Code     0  startup_stm32f10x_hd.o(.text)
    RTCAlarm_IRQHandler                      0x080002d3   Thumb Code     0  startup_stm32f10x_hd.o(.text)
    RTC_IRQHandler                           0x080002d3   Thumb Code     0  startup_stm32f10x_hd.o(.text)
    SDIO_IRQHandler                          0x080002d3   Thumb Code     0  startup_stm32f10x_hd.o(.text)
    SPI1_IRQHandler                          0x080002d3   Thumb Code     0  startup_stm32f10x_hd.o(.text)
    SPI2_IRQHandler                          0x080002d3   Thumb Code     0  startup_stm32f10x_hd.o(.text)
    SPI3_IRQHandler                          0x080002d3   Thumb Code     0  startup_stm32f10x_hd.o(.text)
    TAMPER_IRQHandler                        0x080002d3   Thumb Code     0  startup_stm32f10x_hd.o(.text)
    TIM1_BRK_IRQHandler                      0x080002d3   Thumb Code     0  startup_stm32f10x_hd.o(.text)
    TIM1_CC_IRQHandler                       0x080002d3   Thumb Code     0  startup_stm32f10x_hd.o(.text)
    TIM1_TRG_COM_IRQHandler                  0x080002d3   Thumb Code     0  startup_stm32f10x_hd.o(.text)
    TIM1_UP_IRQHandler                       0x080002d3   Thumb Code     0  startup_stm32f10x_hd.o(.text)
    TIM2_IRQHandler                          0x080002d3   Thumb Code     0  startup_stm32f10x_hd.o(.text)
    TIM3_IRQHandler                          0x080002d3   Thumb Code     0  startup_stm32f10x_hd.o(.text)
    TIM5_IRQHandler                          0x080002d3   Thumb Code     0  startup_stm32f10x_hd.o(.text)
    TIM6_IRQHandler                          0x080002d3   Thumb Code     0  startup_stm32f10x_hd.o(.text)
    TIM8_BRK_IRQHandler                      0x080002d3   Thumb Code     0  startup_stm32f10x_hd.o(.text)
    TIM8_CC_IRQHandler                       0x080002d3   Thumb Code     0  startup_stm32f10x_hd.o(.text)
    TIM8_TRG_COM_IRQHandler                  0x080002d3   Thumb Code     0  startup_stm32f10x_hd.o(.text)
    TIM8_UP_IRQHandler                       0x080002d3   Thumb Code     0  startup_stm32f10x_hd.o(.text)
    UART4_IRQHandler                         0x080002d3   Thumb Code     0  startup_stm32f10x_hd.o(.text)
    UART5_IRQHandler                         0x080002d3   Thumb Code     0  startup_stm32f10x_hd.o(.text)
    USART2_IRQHandler                        0x080002d3   Thumb Code     0  startup_stm32f10x_hd.o(.text)
    USBWakeUp_IRQHandler                     0x080002d3   Thumb Code     0  startup_stm32f10x_hd.o(.text)
    USB_HP_CAN1_TX_IRQHandler                0x080002d3   Thumb Code     0  startup_stm32f10x_hd.o(.text)
    USB_LP_CAN1_RX0_IRQHandler               0x080002d3   Thumb Code     0  startup_stm32f10x_hd.o(.text)
    WWDG_IRQHandler                          0x080002d3   Thumb Code     0  startup_stm32f10x_hd.o(.text)
    __user_initial_stackheap                 0x080002d5   Thumb Code     0  startup_stm32f10x_hd.o(.text)
    __use_no_semihosting                     0x080002f9   Thumb Code     2  use_no_semi_2.o(.text)
    __aeabi_ldivmod                          0x080002fb   Thumb Code     0  llsdiv.o(.text)
    _ll_sdiv                                 0x080002fb   Thumb Code    72  llsdiv.o(.text)
    vsprintf                                 0x08000345   Thumb Code    32  vsprintf.o(.text)
    __2printf                                0x08000369   Thumb Code    20  __2printf.o(.text)
    __2sprintf                               0x08000381   Thumb Code    38  __2sprintf.o(.text)
    _printf_pre_padding                      0x080003ad   Thumb Code    44  _printf_pad.o(.text)
    _printf_post_padding                     0x080003d9   Thumb Code    34  _printf_pad.o(.text)
    _printf_str                              0x080003fb   Thumb Code    82  _printf_str.o(.text)
    _printf_int_dec                          0x0800044d   Thumb Code   104  _printf_dec.o(.text)
    _printf_longlong_hex                     0x080004c5   Thumb Code    86  _printf_hex_int_ll_ptr.o(.text)
    _printf_int_hex                          0x0800051b   Thumb Code    28  _printf_hex_int_ll_ptr.o(.text)
    _printf_ll_hex                           0x08000537   Thumb Code    12  _printf_hex_int_ll_ptr.o(.text)
    _printf_hex_ptr                          0x08000543   Thumb Code    18  _printf_hex_int_ll_ptr.o(.text)
    __printf                                 0x08000559   Thumb Code   388  __printf_flags_ss_wp.o(.text)
    strstr                                   0x080006e1   Thumb Code    36  strstr.o(.text)
    memcmp                                   0x08000705   Thumb Code    88  memcmp.o(.text)
    strlen                                   0x0800075d   Thumb Code    62  strlen.o(.text)
    __aeabi_memcpy4                          0x0800079b   Thumb Code     0  rt_memcpy_w.o(.text)
    __aeabi_memcpy8                          0x0800079b   Thumb Code     0  rt_memcpy_w.o(.text)
    __rt_memcpy_w                            0x0800079b   Thumb Code   100  rt_memcpy_w.o(.text)
    _memcpy_lastbytes_aligned                0x080007e3   Thumb Code     0  rt_memcpy_w.o(.text)
    __aeabi_memset                           0x080007ff   Thumb Code    16  aeabi_memset.o(.text)
    __aeabi_memclr4                          0x0800080f   Thumb Code     0  rt_memclr_w.o(.text)
    __aeabi_memclr8                          0x0800080f   Thumb Code     0  rt_memclr_w.o(.text)
    __rt_memclr_w                            0x0800080f   Thumb Code    78  rt_memclr_w.o(.text)
    _memset_w                                0x08000813   Thumb Code     0  rt_memclr_w.o(.text)
    __use_two_region_memory                  0x0800085d   Thumb Code     2  heapauxi.o(.text)
    __rt_heap_escrow$2region                 0x0800085f   Thumb Code     2  heapauxi.o(.text)
    __rt_heap_expand$2region                 0x08000861   Thumb Code     2  heapauxi.o(.text)
    __I$use$semihosting                      0x08000863   Thumb Code     0  use_no_semi.o(.text)
    __use_no_semihosting_swi                 0x08000863   Thumb Code     2  use_no_semi.o(.text)
    __aeabi_uldivmod                         0x08000865   Thumb Code     0  lludivv7m.o(.text)
    _ll_udiv                                 0x08000865   Thumb Code   238  lludivv7m.o(.text)
    _printf_truncate_signed                  0x08000953   Thumb Code    18  _printf_truncate.o(.text)
    _printf_truncate_unsigned                0x08000965   Thumb Code    18  _printf_truncate.o(.text)
    _printf_int_common                       0x08000977   Thumb Code   178  _printf_intcommon.o(.text)
    _printf_charcount                        0x08000a29   Thumb Code    40  _printf_charcount.o(.text)
    _printf_char_common                      0x08000a5b   Thumb Code    32  _printf_char_common.o(.text)
    _sputc                                   0x08000a81   Thumb Code    10  _sputc.o(.text)
    _printf_cs_common                        0x08000a8b   Thumb Code    20  _printf_char.o(.text)
    _printf_char                             0x08000a9f   Thumb Code    16  _printf_char.o(.text)
    _printf_string                           0x08000aaf   Thumb Code     8  _printf_char.o(.text)
    _printf_char_file                        0x08000ab9   Thumb Code    32  _printf_char_file.o(.text)
    _printf_wctomb                           0x08000add   Thumb Code   182  _printf_wctomb.o(.text)
    _printf_longlong_dec                     0x08000b99   Thumb Code   108  _printf_longlong_dec.o(.text)
    _printf_longlong_oct                     0x08000c15   Thumb Code    66  _printf_oct_int_ll.o(.text)
    _printf_int_oct                          0x08000c57   Thumb Code    24  _printf_oct_int_ll.o(.text)
    _printf_ll_oct                           0x08000c6f   Thumb Code    12  _printf_oct_int_ll.o(.text)
    __aeabi_memclr                           0x08000c85   Thumb Code     0  rt_memclr.o(.text)
    __rt_memclr                              0x08000c85   Thumb Code    68  rt_memclr.o(.text)
    _memset                                  0x08000c89   Thumb Code     0  rt_memclr.o(.text)
    _ll_udiv10                               0x08000cc9   Thumb Code   138  lludiv10.o(.text)
    __lib_sel_fp_printf                      0x08000d53   Thumb Code     2  _printf_fp_dec.o(.text)
    _printf_fp_dec_real                      0x08000f05   Thumb Code   620  _printf_fp_dec.o(.text)
    _printf_fp_hex_real                      0x08001171   Thumb Code   756  _printf_fp_hex.o(.text)
    _printf_lcs_common                       0x0800146d   Thumb Code    20  _printf_wchar.o(.text)
    _printf_wchar                            0x08001481   Thumb Code    16  _printf_wchar.o(.text)
    _printf_wstring                          0x08001491   Thumb Code     8  _printf_wchar.o(.text)
    ferror                                   0x08001499   Thumb Code     8  ferror.o(.text)
    _wcrtomb                                 0x080014a1   Thumb Code    64  _wcrtomb.o(.text)
    __user_libspace                          0x080014e1   Thumb Code     8  libspace.o(.text)
    __user_perproc_libspace                  0x080014e1   Thumb Code     0  libspace.o(.text)
    __user_perthread_libspace                0x080014e1   Thumb Code     0  libspace.o(.text)
    __user_setup_stackheap                   0x080014e9   Thumb Code    74  sys_stackheap_outer.o(.text)
    __rt_ctype_table                         0x08001535   Thumb Code    16  rt_ctype_table.o(.text)
    __rt_locale                              0x08001545   Thumb Code     8  rt_locale_intlibspace.o(.text)
    _printf_fp_infnan                        0x0800154d   Thumb Code   112  _printf_fp_infnan.o(.text)
    _btod_etento                             0x080015cd   Thumb Code   224  bigflt0.o(.text)
    exit                                     0x080016b1   Thumb Code    18  exit.o(.text)
    strcmp                                   0x080016c5   Thumb Code   128  strcmpv7m.o(.text)
    _btod_d2e                                0x08001745   Thumb Code    62  btod.o(CL$$btod_d2e)
    _d2e_denorm_low                          0x08001783   Thumb Code    70  btod.o(CL$$btod_d2e_denorm_low)
    _d2e_norm_op1                            0x080017c9   Thumb Code    96  btod.o(CL$$btod_d2e_norm_op1)
    __btod_div_common                        0x08001829   Thumb Code   696  btod.o(CL$$btod_div_common)
    _e2e                                     0x08001b61   Thumb Code   220  btod.o(CL$$btod_e2e)
    _btod_ediv                               0x08001c3d   Thumb Code    42  btod.o(CL$$btod_ediv)
    _btod_emul                               0x08001c67   Thumb Code    42  btod.o(CL$$btod_emul)
    __btod_mult_common                       0x08001c91   Thumb Code   580  btod.o(CL$$btod_mult_common)
    BusFault_Handler                         0x08001ed5   Thumb Code     4  stm32f10x_it.o(i.BusFault_Handler)
    DebugMon_Handler                         0x08001ed9   Thumb Code     2  stm32f10x_it.o(i.DebugMon_Handler)
    GPIO_Init                                0x08001edb   Thumb Code   278  stm32f10x_gpio.o(i.GPIO_Init)
    GPIO_PinRemapConfig                      0x08001ff1   Thumb Code   138  stm32f10x_gpio.o(i.GPIO_PinRemapConfig)
    GPIO_SetBits                             0x08002081   Thumb Code     4  stm32f10x_gpio.o(i.GPIO_SetBits)
    HardFault_Handler                        0x08002085   Thumb Code     4  stm32f10x_it.o(i.HardFault_Handler)
    MPU_Get_Temperature                      0x08002089   Thumb Code    86  mpu6050.o(i.MPU_Get_Temperature)
    MPU_IIC_Ack                              0x080020f1   Thumb Code    62  mpuiic.o(i.MPU_IIC_Ack)
    MPU_IIC_Delay                            0x0800213d   Thumb Code    10  mpuiic.o(i.MPU_IIC_Delay)
    MPU_IIC_Init                             0x08002149   Thumb Code    50  mpuiic.o(i.MPU_IIC_Init)
    MPU_IIC_NAck                             0x08002181   Thumb Code    62  mpuiic.o(i.MPU_IIC_NAck)
    MPU_IIC_Read_Byte                        0x080021cd   Thumb Code    94  mpuiic.o(i.MPU_IIC_Read_Byte)
    MPU_IIC_Send_Byte                        0x08002239   Thumb Code    80  mpuiic.o(i.MPU_IIC_Send_Byte)
    MPU_IIC_Start                            0x08002295   Thumb Code    60  mpuiic.o(i.MPU_IIC_Start)
    MPU_IIC_Stop                             0x080022dd   Thumb Code    58  mpuiic.o(i.MPU_IIC_Stop)
    MPU_IIC_Wait_Ack                         0x08002325   Thumb Code    86  mpuiic.o(i.MPU_IIC_Wait_Ack)
    MPU_Init                                 0x08002389   Thumb Code   180  mpu6050.o(i.MPU_Init)
    MPU_Read_Byte                            0x08002449   Thumb Code    58  mpu6050.o(i.MPU_Read_Byte)
    MPU_Read_Len                             0x08002483   Thumb Code   116  mpu6050.o(i.MPU_Read_Len)
    MPU_Set_Accel_Fsr                        0x080024f7   Thumb Code    16  mpu6050.o(i.MPU_Set_Accel_Fsr)
    MPU_Set_Gyro_Fsr                         0x08002507   Thumb Code    16  mpu6050.o(i.MPU_Set_Gyro_Fsr)
    MPU_Set_LPF                              0x08002517   Thumb Code    58  mpu6050.o(i.MPU_Set_LPF)
    MPU_Set_Rate                             0x08002551   Thumb Code    58  mpu6050.o(i.MPU_Set_Rate)
    MPU_Write_Byte                           0x0800258b   Thumb Code    68  mpu6050.o(i.MPU_Write_Byte)
    MPU_Write_Len                            0x080025cf   Thumb Code    96  mpu6050.o(i.MPU_Write_Len)
    MemManage_Handler                        0x0800262f   Thumb Code     4  stm32f10x_it.o(i.MemManage_Handler)
    NMI_Handler                              0x08002633   Thumb Code     2  stm32f10x_it.o(i.NMI_Handler)
    NVIC_Init                                0x08002635   Thumb Code   100  misc.o(i.NVIC_Init)
    NVIC_PriorityGroupConfig                 0x080026a5   Thumb Code    10  misc.o(i.NVIC_PriorityGroupConfig)
    PendSV_Handler                           0x080026b9   Thumb Code     2  stm32f10x_it.o(i.PendSV_Handler)
    RCC_APB1PeriphClockCmd                   0x080026bd   Thumb Code    26  stm32f10x_rcc.o(i.RCC_APB1PeriphClockCmd)
    RCC_APB1PeriphResetCmd                   0x080026dd   Thumb Code    26  stm32f10x_rcc.o(i.RCC_APB1PeriphResetCmd)
    RCC_APB2PeriphClockCmd                   0x080026fd   Thumb Code    26  stm32f10x_rcc.o(i.RCC_APB2PeriphClockCmd)
    RCC_APB2PeriphResetCmd                   0x0800271d   Thumb Code    26  stm32f10x_rcc.o(i.RCC_APB2PeriphResetCmd)
    RCC_GetClocksFreq                        0x0800273d   Thumb Code   192  stm32f10x_rcc.o(i.RCC_GetClocksFreq)
    SVC_Handler                              0x08002811   Thumb Code     2  stm32f10x_it.o(i.SVC_Handler)
    SysTick_CLKSourceConfig                  0x080028fd   Thumb Code    40  misc.o(i.SysTick_CLKSourceConfig)
    SysTick_Handler                          0x08002925   Thumb Code     2  stm32f10x_it.o(i.SysTick_Handler)
    SystemInit                               0x08002929   Thumb Code    78  system_stm32f10x.o(i.SystemInit)
    TIM4_IRQHandler                          0x08002989   Thumb Code    46  usmart.o(i.TIM4_IRQHandler)
    TIM7_IRQHandler                          0x080029c1   Thumb Code    42  timer.o(i.TIM7_IRQHandler)
    TIM7_Int_Init                            0x080029f5   Thumb Code    90  timer.o(i.TIM7_Int_Init)
    TIM_ClearFlag                            0x08002a55   Thumb Code     6  stm32f10x_tim.o(i.TIM_ClearFlag)
    TIM_ClearITPendingBit                    0x08002a5b   Thumb Code     6  stm32f10x_tim.o(i.TIM_ClearITPendingBit)
    TIM_Cmd                                  0x08002a61   Thumb Code    24  stm32f10x_tim.o(i.TIM_Cmd)
    TIM_GetCounter                           0x08002a79   Thumb Code     6  stm32f10x_tim.o(i.TIM_GetCounter)
    TIM_GetFlagStatus                        0x08002a7f   Thumb Code    18  stm32f10x_tim.o(i.TIM_GetFlagStatus)
    TIM_GetITStatus                          0x08002a91   Thumb Code    34  stm32f10x_tim.o(i.TIM_GetITStatus)
    TIM_ITConfig                             0x08002ab3   Thumb Code    18  stm32f10x_tim.o(i.TIM_ITConfig)
    TIM_SetAutoreload                        0x08002ac5   Thumb Code     4  stm32f10x_tim.o(i.TIM_SetAutoreload)
    TIM_SetCounter                           0x08002ac9   Thumb Code     4  stm32f10x_tim.o(i.TIM_SetCounter)
    TIM_TimeBaseInit                         0x08002acd   Thumb Code   122  stm32f10x_tim.o(i.TIM_TimeBaseInit)
    Timer4_Init                              0x08002b71   Thumb Code    88  usmart.o(i.Timer4_Init)
    USART1_IRQHandler                        0x08002bcd   Thumb Code   122  usart.o(i.USART1_IRQHandler)
    USART3_IRQHandler                        0x08002c55   Thumb Code    94  usart3.o(i.USART3_IRQHandler)
    USART_Cmd                                0x08002cc5   Thumb Code    24  stm32f10x_usart.o(i.USART_Cmd)
    USART_DeInit                             0x08002cdd   Thumb Code   134  stm32f10x_usart.o(i.USART_DeInit)
    USART_GetFlagStatus                      0x08002d79   Thumb Code    26  stm32f10x_usart.o(i.USART_GetFlagStatus)
    USART_GetITStatus                        0x08002d93   Thumb Code    84  stm32f10x_usart.o(i.USART_GetITStatus)
    USART_ITConfig                           0x08002de7   Thumb Code    74  stm32f10x_usart.o(i.USART_ITConfig)
    USART_Init                               0x08002e31   Thumb Code   210  stm32f10x_usart.o(i.USART_Init)
    USART_ReceiveData                        0x08002f09   Thumb Code    10  stm32f10x_usart.o(i.USART_ReceiveData)
    USART_SendData                           0x08002f13   Thumb Code     8  stm32f10x_usart.o(i.USART_SendData)
    UsageFault_Handler                       0x08002f1b   Thumb Code     4  stm32f10x_it.o(i.UsageFault_Handler)
    __ARM_fpclassify                         0x08002f1f   Thumb Code    40  fpclassify.o(i.__ARM_fpclassify)
    _is_digit                                0x08002f47   Thumb Code    14  __printf_wp.o(i._is_digit)
    _sys_exit                                0x08002f55   Thumb Code     6  usart.o(i._sys_exit)
    delay_init                               0x08003009   Thumb Code    50  delay.o(i.delay_init)
    delay_ms                                 0x0800304d   Thumb Code    72  delay.o(i.delay_ms)
    delay_us                                 0x08003099   Thumb Code    72  delay.o(i.delay_us)
    dmp_enable_6x_lp_quat                    0x080030e5   Thumb Code    60  inv_mpu_dmp_motion_driver.o(i.dmp_enable_6x_lp_quat)
    dmp_enable_feature                       0x08003121   Thumb Code   530  inv_mpu_dmp_motion_driver.o(i.dmp_enable_feature)
    dmp_enable_gyro_cal                      0x0800333d   Thumb Code    62  inv_mpu_dmp_motion_driver.o(i.dmp_enable_gyro_cal)
    dmp_enable_lp_quat                       0x08003395   Thumb Code    60  inv_mpu_dmp_motion_driver.o(i.dmp_enable_lp_quat)
    dmp_load_motion_driver_firmware          0x080033d1   Thumb Code    20  inv_mpu_dmp_motion_driver.o(i.dmp_load_motion_driver_firmware)
    dmp_set_accel_bias                       0x080033e9   Thumb Code   300  inv_mpu_dmp_motion_driver.o(i.dmp_set_accel_bias)
    dmp_set_fifo_rate                        0x08003519   Thumb Code    96  inv_mpu_dmp_motion_driver.o(i.dmp_set_fifo_rate)
    dmp_set_gyro_bias                        0x08003589   Thumb Code   294  inv_mpu_dmp_motion_driver.o(i.dmp_set_gyro_bias)
    dmp_set_orientation                      0x080036b9   Thumb Code   290  inv_mpu_dmp_motion_driver.o(i.dmp_set_orientation)
    dmp_set_shake_reject_thresh              0x080037f1   Thumb Code    56  inv_mpu_dmp_motion_driver.o(i.dmp_set_shake_reject_thresh)
    dmp_set_shake_reject_time                0x08003829   Thumb Code    38  inv_mpu_dmp_motion_driver.o(i.dmp_set_shake_reject_time)
    dmp_set_shake_reject_timeout             0x0800384f   Thumb Code    38  inv_mpu_dmp_motion_driver.o(i.dmp_set_shake_reject_timeout)
    dmp_set_tap_axes                         0x08003875   Thumb Code    70  inv_mpu_dmp_motion_driver.o(i.dmp_set_tap_axes)
    dmp_set_tap_count                        0x080038bb   Thumb Code    38  inv_mpu_dmp_motion_driver.o(i.dmp_set_tap_count)
    dmp_set_tap_thresh                       0x080038e1   Thumb Code   396  inv_mpu_dmp_motion_driver.o(i.dmp_set_tap_thresh)
    dmp_set_tap_time                         0x08003a81   Thumb Code    38  inv_mpu_dmp_motion_driver.o(i.dmp_set_tap_time)
    dmp_set_tap_time_multi                   0x08003aa7   Thumb Code    38  inv_mpu_dmp_motion_driver.o(i.dmp_set_tap_time_multi)
    esp8266_check_cmd                        0x08003acd   Thumb Code    44  esp8266.o(i.esp8266_check_cmd)
    esp8266_send_cmd                         0x08003b01   Thumb Code    92  esp8266.o(i.esp8266_send_cmd)
    esp8266_send_data_tcp                    0x08003b75   Thumb Code    58  esp8266.o(i.esp8266_send_data_tcp)
    esp8266_start_trans                      0x08003bc9   Thumb Code    86  esp8266.o(i.esp8266_start_trans)
    fputc                                    0x08003c81   Thumb Code    24  usart.o(i.fputc)
    inv_orientation_matrix_to_scalar         0x080042d9   Thumb Code    40  inv_mpu.o(i.inv_orientation_matrix_to_scalar)
    inv_row_2_scale                          0x08004301   Thumb Code    78  inv_mpu.o(i.inv_row_2_scale)
    main                                     0x08004351   Thumb Code   118  main.o(i.main)
    mpu_configure_fifo                       0x080043d9   Thumb Code   106  inv_mpu.o(i.mpu_configure_fifo)
    mpu_dmp_init                             0x08004449   Thumb Code   154  inv_mpu.o(i.mpu_dmp_init)
    mpu_get_accel_fsr                        0x080044e9   Thumb Code    72  inv_mpu.o(i.mpu_get_accel_fsr)
    mpu_get_accel_sens                       0x08004535   Thumb Code    78  inv_mpu.o(i.mpu_get_accel_sens)
    mpu_get_fifo_config                      0x08004589   Thumb Code    12  inv_mpu.o(i.mpu_get_fifo_config)
    mpu_get_gyro_fsr                         0x08004599   Thumb Code    64  inv_mpu.o(i.mpu_get_gyro_fsr)
    mpu_get_gyro_sens                        0x080045dd   Thumb Code    58  inv_mpu.o(i.mpu_get_gyro_sens)
    mpu_get_lpf                              0x0800462d   Thumb Code    74  inv_mpu.o(i.mpu_get_lpf)
    mpu_get_sample_rate                      0x0800467d   Thumb Code    26  inv_mpu.o(i.mpu_get_sample_rate)
    mpu_init                                 0x0800469d   Thumb Code   416  inv_mpu.o(i.mpu_init)
    mpu_load_firmware                        0x0800488d   Thumb Code   180  inv_mpu.o(i.mpu_load_firmware)
    mpu_lp_accel_mode                        0x08004945   Thumb Code   218  inv_mpu.o(i.mpu_lp_accel_mode)
    mpu_read_mem                             0x08004a25   Thumb Code   122  inv_mpu.o(i.mpu_read_mem)
    mpu_reset_fifo                           0x08004aa5   Thumb Code   450  inv_mpu.o(i.mpu_reset_fifo)
    mpu_run_self_test                        0x08004c6d   Thumb Code   278  inv_mpu.o(i.mpu_run_self_test)
    mpu_set_accel_fsr                        0x08004d89   Thumb Code   126  inv_mpu.o(i.mpu_set_accel_fsr)
    mpu_set_bypass                           0x08004e0d   Thumb Code   328  inv_mpu.o(i.mpu_set_bypass)
    mpu_set_dmp_state                        0x08004f59   Thumb Code   138  inv_mpu.o(i.mpu_set_dmp_state)
    mpu_set_gyro_fsr                         0x08004fe9   Thumb Code   132  inv_mpu.o(i.mpu_set_gyro_fsr)
    mpu_set_int_latched                      0x08005071   Thumb Code   102  inv_mpu.o(i.mpu_set_int_latched)
    mpu_set_lpf                              0x080050dd   Thumb Code   126  inv_mpu.o(i.mpu_set_lpf)
    mpu_set_sample_rate                      0x08005161   Thumb Code   152  inv_mpu.o(i.mpu_set_sample_rate)
    mpu_set_sensors                          0x080051fd   Thumb Code   202  inv_mpu.o(i.mpu_set_sensors)
    mpu_write_mem                            0x080052cd   Thumb Code   122  inv_mpu.o(i.mpu_write_mem)
    read_addr                                0x0800534d   Thumb Code     6  usmart.o(i.read_addr)
    run_self_test                            0x08005353   Thumb Code   148  inv_mpu.o(i.run_self_test)
    u3_printf                                0x08005479   Thumb Code    72  usart3.o(i.u3_printf)
    uart_init                                0x080054c9   Thumb Code   152  usart.o(i.uart_init)
    usart3_init                              0x08005569   Thumb Code   192  usart3.o(i.usart3_init)
    usmart_cmd_rec                           0x08005639   Thumb Code   170  usmart.o(i.usmart_cmd_rec)
    usmart_exe                               0x080056e9   Thumb Code   632  usmart.o(i.usmart_exe)
    usmart_get_aparm                         0x080059bd   Thumb Code   200  usmart_str.o(i.usmart_get_aparm)
    usmart_get_cmdname                       0x08005a85   Thumb Code    54  usmart_str.o(i.usmart_get_cmdname)
    usmart_get_fname                         0x08005abd   Thumb Code   440  usmart_str.o(i.usmart_get_fname)
    usmart_get_fparam                        0x08005c7d   Thumb Code   262  usmart_str.o(i.usmart_get_fparam)
    usmart_get_parmpos                       0x08005d89   Thumb Code    26  usmart_str.o(i.usmart_get_parmpos)
    usmart_get_runtime                       0x08005da9   Thumb Code    60  usmart.o(i.usmart_get_runtime)
    usmart_init                              0x08005ded   Thumb Code    36  usmart.o(i.usmart_init)
    usmart_pow                               0x08005e15   Thumb Code    22  usmart_str.o(i.usmart_pow)
    usmart_reset_runtime                     0x08005e2d   Thumb Code    38  usmart.o(i.usmart_reset_runtime)
    usmart_scan                              0x08005e5d   Thumb Code   120  usmart.o(i.usmart_scan)
    usmart_search_nextc                      0x08005f19   Thumb Code    22  usmart_str.o(i.usmart_search_nextc)
    usmart_str2num                           0x08005f2f   Thumb Code   202  usmart_str.o(i.usmart_str2num)
    usmart_strcmp                            0x08005ff9   Thumb Code    34  usmart_str.o(i.usmart_strcmp)
    usmart_strcopy                           0x0800601b   Thumb Code    22  usmart_str.o(i.usmart_strcopy)
    usmart_strlen                            0x08006031   Thumb Code    24  usmart_str.o(i.usmart_strlen)
    usmart_sys_cmd_exe                       0x08006049   Thumb Code  1554  usmart.o(i.usmart_sys_cmd_exe)
    write_addr                               0x0800672d   Thumb Code     4  usmart.o(i.write_addr)
    _get_lc_numeric                          0x08006731   Thumb Code    44  lc_numeric_c.o(locale$$code)
    _get_lc_ctype                            0x0800675d   Thumb Code    44  lc_ctype_c.o(locale$$code)
    __aeabi_d2f                              0x08006789   Thumb Code     0  d2f.o(x$fpl$d2f)
    _d2f                                     0x08006789   Thumb Code    98  d2f.o(x$fpl$d2f)
    __aeabi_dadd                             0x080067ed   Thumb Code     0  daddsub_clz.o(x$fpl$dadd)
    _dadd                                    0x080067ed   Thumb Code   332  daddsub_clz.o(x$fpl$dadd)
    __aeabi_ddiv                             0x0800693d   Thumb Code     0  ddiv.o(x$fpl$ddiv)
    _ddiv                                    0x0800693d   Thumb Code   552  ddiv.o(x$fpl$ddiv)
    __aeabi_i2d                              0x08006bed   Thumb Code     0  dflt_clz.o(x$fpl$dflt)
    _dflt                                    0x08006bed   Thumb Code    46  dflt_clz.o(x$fpl$dflt)
    __fpl_dnaninf                            0x08006c1b   Thumb Code   156  dnaninf.o(x$fpl$dnaninf)
    __fpl_dretinf                            0x08006cb7   Thumb Code    12  dretinf.o(x$fpl$dretinf)
    __aeabi_dsub                             0x08006cc5   Thumb Code     0  daddsub_clz.o(x$fpl$dsub)
    _dsub                                    0x08006cc5   Thumb Code   464  daddsub_clz.o(x$fpl$dsub)
    __aeabi_fadd                             0x08006e99   Thumb Code     0  faddsub_clz.o(x$fpl$fadd)
    _fadd                                    0x08006e99   Thumb Code   196  faddsub_clz.o(x$fpl$fadd)
    __fpl_fcmp_Inf                           0x08006f5d   Thumb Code    24  fcmpi.o(x$fpl$fcmpinf)
    __aeabi_fdiv                             0x08006f75   Thumb Code     0  fdiv.o(x$fpl$fdiv)
    _fdiv                                    0x08006f75   Thumb Code   384  fdiv.o(x$fpl$fdiv)
    __aeabi_cfcmpeq                          0x080070f9   Thumb Code     0  feqf.o(x$fpl$feqf)
    _fcmpeq                                  0x080070f9   Thumb Code   104  feqf.o(x$fpl$feqf)
    __aeabi_f2iz                             0x08007161   Thumb Code     0  ffix.o(x$fpl$ffix)
    _ffix                                    0x08007161   Thumb Code    54  ffix.o(x$fpl$ffix)
    __aeabi_f2uiz                            0x08007199   Thumb Code     0  ffixu.o(x$fpl$ffixu)
    _ffixu                                   0x08007199   Thumb Code    62  ffixu.o(x$fpl$ffixu)
    __aeabi_i2f                              0x080071d9   Thumb Code     0  fflt_clz.o(x$fpl$fflt)
    _fflt                                    0x080071d9   Thumb Code    48  fflt_clz.o(x$fpl$fflt)
    __aeabi_ui2f                             0x08007209   Thumb Code     0  fflt_clz.o(x$fpl$ffltu)
    _ffltu                                   0x08007209   Thumb Code    38  fflt_clz.o(x$fpl$ffltu)
    __aeabi_cfcmple                          0x08007231   Thumb Code     0  fleqf.o(x$fpl$fleqf)
    _fcmple                                  0x08007231   Thumb Code   104  fleqf.o(x$fpl$fleqf)
    __fpl_fcmple_InfNaN                      0x08007283   Thumb Code     0  fleqf.o(x$fpl$fleqf)
    __aeabi_fmul                             0x08007299   Thumb Code     0  fmul.o(x$fpl$fmul)
    _fmul                                    0x08007299   Thumb Code   258  fmul.o(x$fpl$fmul)
    __fpl_fnaninf                            0x0800739b   Thumb Code   140  fnaninf.o(x$fpl$fnaninf)
    __fpl_fretinf                            0x08007427   Thumb Code    10  fretinf.o(x$fpl$fretinf)
    __aeabi_cfrcmple                         0x08007431   Thumb Code     0  frleqf.o(x$fpl$frleqf)
    _frcmple                                 0x08007431   Thumb Code    98  frleqf.o(x$fpl$frleqf)
    __aeabi_fsub                             0x08007495   Thumb Code     0  faddsub_clz.o(x$fpl$fsub)
    _fsub                                    0x08007495   Thumb Code   234  faddsub_clz.o(x$fpl$fsub)
    _printf_fp_dec                           0x0800757f   Thumb Code     4  printf1.o(x$fpl$printf1)
    _printf_fp_hex                           0x08007583   Thumb Code     4  printf2.o(x$fpl$printf2)
    __I$use$fp                               0x08007586   Number         0  usenofp.o(x$fpl$usenofp)
    reg                                      0x080075f4   Data          27  inv_mpu.o(.constdata)
    hw                                       0x08007610   Data          12  inv_mpu.o(.constdata)
    test                                     0x0800761c   Data          40  inv_mpu.o(.constdata)
    Region$$Table$$Base                      0x0800847c   Number         0  anon$$obj.o(Region$$Table)
    Region$$Table$$Limit                     0x0800849c   Number         0  anon$$obj.o(Region$$Table)
    __ctype                                  0x080084c5   Data           0  lc_ctype_c.o(locale$$data)
    SystemCoreClock                          0x20000000   Data           4  system_stm32f10x.o(.data)
    AHBPrescTable                            0x20000004   Data          16  system_stm32f10x.o(.data)
    __stdout                                 0x20000060   Data           4  usart.o(.data)
    USART_RX_STA                             0x20000064   Data           2  usart.o(.data)
    USART3_RX_STA                            0x2000006a   Data           2  usart3.o(.data)
    sys_cmd_tab                              0x2000006c   Data          28  usmart.o(.data)
    usmart_nametab                           0x20000088   Data          56  usmart_config.o(.data)
    usmart_dev                               0x200000c0   Data         244  usmart_config.o(.data)
    USART_RX_BUF                             0x200001c4   Data         200  usart.o(.bss)
    USART3_RX_BUF                            0x2000028c   Data         600  usart3.o(.bss)
    USART3_TX_BUF                            0x200004e4   Data         600  usart3.o(.bss)
    __libspace_start                         0x2000073c   Data          96  libspace.o(.bss)
    __temporary_stack_top$libspace           0x2000079c   Data           0  libspace.o(.bss)



==============================================================================

Memory Map of the image

  Image Entry point : 0x08000131

  Load Region LR_IROM1 (Base: 0x08000000, Size: 0x0000877c, Max: 0x00080000, ABSOLUTE, COMPRESSED[0x00008650])

    Execution Region ER_IROM1 (Exec base: 0x08000000, Load base: 0x08000000, Size: 0x000085c8, Max: 0x00080000, ABSOLUTE)

    Exec Addr    Load Addr    Size         Type   Attr      Idx    E Section Name        Object

    0x08000000   0x08000000   0x00000130   Data   RO          132    RESET               startup_stm32f10x_hd.o
    0x08000130   0x08000130   0x00000008   Code   RO         4340  * !!!main             c_w.l(__main.o)
    0x08000138   0x08000138   0x00000034   Code   RO         4764    !!!scatter          c_w.l(__scatter.o)
    0x0800016c   0x0800016c   0x0000005a   Code   RO         4762    !!dczerorl2         c_w.l(__dczerorl2.o)
    0x080001c6   0x080001c6   0x00000002   PAD
    0x080001c8   0x080001c8   0x0000001c   Code   RO         4766    !!handler_zi        c_w.l(__scatter_zi.o)
    0x080001e4   0x080001e4   0x00000000   Code   RO         4325    .ARM.Collect$$_printf_percent$$00000000  c_w.l(_printf_percent.o)
    0x080001e4   0x080001e4   0x00000006   Code   RO         4446    .ARM.Collect$$_printf_percent$$00000001  c_w.l(_printf_n.o)
    0x080001ea   0x080001ea   0x00000006   Code   RO         4447    .ARM.Collect$$_printf_percent$$00000002  c_w.l(_printf_p.o)
    0x080001f0   0x080001f0   0x00000006   Code   RO         4450    .ARM.Collect$$_printf_percent$$00000003  c_w.l(_printf_f.o)
    0x080001f6   0x080001f6   0x00000006   Code   RO         4451    .ARM.Collect$$_printf_percent$$00000004  c_w.l(_printf_e.o)
    0x080001fc   0x080001fc   0x00000006   Code   RO         4452    .ARM.Collect$$_printf_percent$$00000005  c_w.l(_printf_g.o)
    0x08000202   0x08000202   0x00000006   Code   RO         4453    .ARM.Collect$$_printf_percent$$00000006  c_w.l(_printf_a.o)
    0x08000208   0x08000208   0x0000000a   Code   RO         4458    .ARM.Collect$$_printf_percent$$00000007  c_w.l(_printf_ll.o)
    0x08000212   0x08000212   0x00000006   Code   RO         4449    .ARM.Collect$$_printf_percent$$00000008  c_w.l(_printf_i.o)
    0x08000218   0x08000218   0x00000006   Code   RO         4323    .ARM.Collect$$_printf_percent$$00000009  c_w.l(_printf_d.o)
    0x0800021e   0x0800021e   0x00000006   Code   RO         4324    .ARM.Collect$$_printf_percent$$0000000A  c_w.l(_printf_u.o)
    0x08000224   0x08000224   0x00000006   Code   RO         4448    .ARM.Collect$$_printf_percent$$0000000B  c_w.l(_printf_o.o)
    0x0800022a   0x0800022a   0x00000006   Code   RO         4322    .ARM.Collect$$_printf_percent$$0000000C  c_w.l(_printf_x.o)
    0x08000230   0x08000230   0x00000006   Code   RO         4455    .ARM.Collect$$_printf_percent$$0000000D  c_w.l(_printf_lli.o)
    0x08000236   0x08000236   0x00000006   Code   RO         4456    .ARM.Collect$$_printf_percent$$0000000E  c_w.l(_printf_lld.o)
    0x0800023c   0x0800023c   0x00000006   Code   RO         4457    .ARM.Collect$$_printf_percent$$0000000F  c_w.l(_printf_llu.o)
    0x08000242   0x08000242   0x00000006   Code   RO         4462    .ARM.Collect$$_printf_percent$$00000010  c_w.l(_printf_llo.o)
    0x08000248   0x08000248   0x00000006   Code   RO         4463    .ARM.Collect$$_printf_percent$$00000011  c_w.l(_printf_llx.o)
    0x0800024e   0x0800024e   0x0000000a   Code   RO         4459    .ARM.Collect$$_printf_percent$$00000012  c_w.l(_printf_l.o)
    0x08000258   0x08000258   0x00000006   Code   RO         4320    .ARM.Collect$$_printf_percent$$00000013  c_w.l(_printf_c.o)
    0x0800025e   0x0800025e   0x00000006   Code   RO         4321    .ARM.Collect$$_printf_percent$$00000014  c_w.l(_printf_s.o)
    0x08000264   0x08000264   0x00000006   Code   RO         4460    .ARM.Collect$$_printf_percent$$00000015  c_w.l(_printf_lc.o)
    0x0800026a   0x0800026a   0x00000006   Code   RO         4461    .ARM.Collect$$_printf_percent$$00000016  c_w.l(_printf_ls.o)
    0x08000270   0x08000270   0x00000004   Code   RO         4454    .ARM.Collect$$_printf_percent$$00000017  c_w.l(_printf_percent_end.o)
    0x08000274   0x08000274   0x00000002   Code   RO         4622    .ARM.Collect$$libinit$$00000000  c_w.l(libinit.o)
    0x08000276   0x08000276   0x00000000   Code   RO         4641    .ARM.Collect$$libinit$$00000002  c_w.l(libinit2.o)
    0x08000276   0x08000276   0x00000000   Code   RO         4643    .ARM.Collect$$libinit$$00000004  c_w.l(libinit2.o)
    0x08000276   0x08000276   0x00000000   Code   RO         4646    .ARM.Collect$$libinit$$0000000A  c_w.l(libinit2.o)
    0x08000276   0x08000276   0x00000000   Code   RO         4648    .ARM.Collect$$libinit$$0000000C  c_w.l(libinit2.o)
    0x08000276   0x08000276   0x00000000   Code   RO         4650    .ARM.Collect$$libinit$$0000000E  c_w.l(libinit2.o)
    0x08000276   0x08000276   0x00000006   Code   RO         4651    .ARM.Collect$$libinit$$0000000F  c_w.l(libinit2.o)
    0x0800027c   0x0800027c   0x00000000   Code   RO         4653    .ARM.Collect$$libinit$$00000011  c_w.l(libinit2.o)
    0x0800027c   0x0800027c   0x0000000c   Code   RO         4654    .ARM.Collect$$libinit$$00000012  c_w.l(libinit2.o)
    0x08000288   0x08000288   0x00000000   Code   RO         4655    .ARM.Collect$$libinit$$00000013  c_w.l(libinit2.o)
    0x08000288   0x08000288   0x00000000   Code   RO         4657    .ARM.Collect$$libinit$$00000015  c_w.l(libinit2.o)
    0x08000288   0x08000288   0x0000000a   Code   RO         4658    .ARM.Collect$$libinit$$00000016  c_w.l(libinit2.o)
    0x08000292   0x08000292   0x00000000   Code   RO         4659    .ARM.Collect$$libinit$$00000017  c_w.l(libinit2.o)
    0x08000292   0x08000292   0x00000000   Code   RO         4661    .ARM.Collect$$libinit$$00000019  c_w.l(libinit2.o)
    0x08000292   0x08000292   0x00000000   Code   RO         4663    .ARM.Collect$$libinit$$0000001B  c_w.l(libinit2.o)
    0x08000292   0x08000292   0x00000000   Code   RO         4665    .ARM.Collect$$libinit$$0000001D  c_w.l(libinit2.o)
    0x08000292   0x08000292   0x00000000   Code   RO         4667    .ARM.Collect$$libinit$$0000001F  c_w.l(libinit2.o)
    0x08000292   0x08000292   0x00000000   Code   RO         4669    .ARM.Collect$$libinit$$00000021  c_w.l(libinit2.o)
    0x08000292   0x08000292   0x00000000   Code   RO         4671    .ARM.Collect$$libinit$$00000023  c_w.l(libinit2.o)
    0x08000292   0x08000292   0x00000000   Code   RO         4673    .ARM.Collect$$libinit$$00000025  c_w.l(libinit2.o)
    0x08000292   0x08000292   0x00000000   Code   RO         4677    .ARM.Collect$$libinit$$0000002C  c_w.l(libinit2.o)
    0x08000292   0x08000292   0x00000000   Code   RO         4679    .ARM.Collect$$libinit$$0000002E  c_w.l(libinit2.o)
    0x08000292   0x08000292   0x00000000   Code   RO         4681    .ARM.Collect$$libinit$$00000030  c_w.l(libinit2.o)
    0x08000292   0x08000292   0x00000000   Code   RO         4683    .ARM.Collect$$libinit$$00000032  c_w.l(libinit2.o)
    0x08000292   0x08000292   0x00000002   Code   RO         4684    .ARM.Collect$$libinit$$00000033  c_w.l(libinit2.o)
    0x08000294   0x08000294   0x00000002   Code   RO         4714    .ARM.Collect$$libshutdown$$00000000  c_w.l(libshutdown.o)
    0x08000296   0x08000296   0x00000000   Code   RO         4728    .ARM.Collect$$libshutdown$$00000002  c_w.l(libshutdown2.o)
    0x08000296   0x08000296   0x00000000   Code   RO         4730    .ARM.Collect$$libshutdown$$00000004  c_w.l(libshutdown2.o)
    0x08000296   0x08000296   0x00000000   Code   RO         4733    .ARM.Collect$$libshutdown$$00000007  c_w.l(libshutdown2.o)
    0x08000296   0x08000296   0x00000000   Code   RO         4736    .ARM.Collect$$libshutdown$$0000000A  c_w.l(libshutdown2.o)
    0x08000296   0x08000296   0x00000000   Code   RO         4738    .ARM.Collect$$libshutdown$$0000000C  c_w.l(libshutdown2.o)
    0x08000296   0x08000296   0x00000000   Code   RO         4741    .ARM.Collect$$libshutdown$$0000000F  c_w.l(libshutdown2.o)
    0x08000296   0x08000296   0x00000002   Code   RO         4742    .ARM.Collect$$libshutdown$$00000010  c_w.l(libshutdown2.o)
    0x08000298   0x08000298   0x00000000   Code   RO         4416    .ARM.Collect$$rtentry$$00000000  c_w.l(__rtentry.o)
    0x08000298   0x08000298   0x00000000   Code   RO         4525    .ARM.Collect$$rtentry$$00000002  c_w.l(__rtentry2.o)
    0x08000298   0x08000298   0x00000006   Code   RO         4537    .ARM.Collect$$rtentry$$00000004  c_w.l(__rtentry4.o)
    0x0800029e   0x0800029e   0x00000000   Code   RO         4527    .ARM.Collect$$rtentry$$00000009  c_w.l(__rtentry2.o)
    0x0800029e   0x0800029e   0x00000004   Code   RO         4528    .ARM.Collect$$rtentry$$0000000A  c_w.l(__rtentry2.o)
    0x080002a2   0x080002a2   0x00000000   Code   RO         4530    .ARM.Collect$$rtentry$$0000000C  c_w.l(__rtentry2.o)
    0x080002a2   0x080002a2   0x00000008   Code   RO         4531    .ARM.Collect$$rtentry$$0000000D  c_w.l(__rtentry2.o)
    0x080002aa   0x080002aa   0x00000002   Code   RO         4629    .ARM.Collect$$rtexit$$00000000  c_w.l(rtexit.o)
    0x080002ac   0x080002ac   0x00000000   Code   RO         4688    .ARM.Collect$$rtexit$$00000002  c_w.l(rtexit2.o)
    0x080002ac   0x080002ac   0x00000004   Code   RO         4689    .ARM.Collect$$rtexit$$00000003  c_w.l(rtexit2.o)
    0x080002b0   0x080002b0   0x00000006   Code   RO         4690    .ARM.Collect$$rtexit$$00000004  c_w.l(rtexit2.o)
    0x080002b6   0x080002b6   0x00000002   PAD
    0x080002b8   0x080002b8   0x00000040   Code   RO          133    .text               startup_stm32f10x_hd.o
    0x080002f8   0x080002f8   0x00000002   Code   RO         4257    .text               c_w.l(use_no_semi_2.o)
    0x080002fa   0x080002fa   0x00000048   Code   RO         4259    .text               c_w.l(llsdiv.o)
    0x08000342   0x08000342   0x00000002   PAD
    0x08000344   0x08000344   0x00000024   Code   RO         4261    .text               c_w.l(vsprintf.o)
    0x08000368   0x08000368   0x00000018   Code   RO         4263    .text               c_w.l(__2printf.o)
    0x08000380   0x08000380   0x0000002c   Code   RO         4265    .text               c_w.l(__2sprintf.o)
    0x080003ac   0x080003ac   0x0000004e   Code   RO         4273    .text               c_w.l(_printf_pad.o)
    0x080003fa   0x080003fa   0x00000052   Code   RO         4275    .text               c_w.l(_printf_str.o)
    0x0800044c   0x0800044c   0x00000078   Code   RO         4277    .text               c_w.l(_printf_dec.o)
    0x080004c4   0x080004c4   0x00000094   Code   RO         4297    .text               c_w.l(_printf_hex_int_ll_ptr.o)
    0x08000558   0x08000558   0x00000188   Code   RO         4317    .text               c_w.l(__printf_flags_ss_wp.o)
    0x080006e0   0x080006e0   0x00000024   Code   RO         4326    .text               c_w.l(strstr.o)
    0x08000704   0x08000704   0x00000058   Code   RO         4328    .text               c_w.l(memcmp.o)
    0x0800075c   0x0800075c   0x0000003e   Code   RO         4330    .text               c_w.l(strlen.o)
    0x0800079a   0x0800079a   0x00000064   Code   RO         4332    .text               c_w.l(rt_memcpy_w.o)
    0x080007fe   0x080007fe   0x00000010   Code   RO         4334    .text               c_w.l(aeabi_memset.o)
    0x0800080e   0x0800080e   0x0000004e   Code   RO         4336    .text               c_w.l(rt_memclr_w.o)
    0x0800085c   0x0800085c   0x00000006   Code   RO         4338    .text               c_w.l(heapauxi.o)
    0x08000862   0x08000862   0x00000002   Code   RO         4414    .text               c_w.l(use_no_semi.o)
    0x08000864   0x08000864   0x000000ee   Code   RO         4417    .text               c_w.l(lludivv7m.o)
    0x08000952   0x08000952   0x00000024   Code   RO         4421    .text               c_w.l(_printf_truncate.o)
    0x08000976   0x08000976   0x000000b2   Code   RO         4423    .text               c_w.l(_printf_intcommon.o)
    0x08000a28   0x08000a28   0x00000028   Code   RO         4425    .text               c_w.l(_printf_charcount.o)
    0x08000a50   0x08000a50   0x00000030   Code   RO         4427    .text               c_w.l(_printf_char_common.o)
    0x08000a80   0x08000a80   0x0000000a   Code   RO         4429    .text               c_w.l(_sputc.o)
    0x08000a8a   0x08000a8a   0x0000002c   Code   RO         4431    .text               c_w.l(_printf_char.o)
    0x08000ab6   0x08000ab6   0x00000002   PAD
    0x08000ab8   0x08000ab8   0x00000024   Code   RO         4433    .text               c_w.l(_printf_char_file.o)
    0x08000adc   0x08000adc   0x000000bc   Code   RO         4435    .text               c_w.l(_printf_wctomb.o)
    0x08000b98   0x08000b98   0x0000007c   Code   RO         4438    .text               c_w.l(_printf_longlong_dec.o)
    0x08000c14   0x08000c14   0x00000070   Code   RO         4444    .text               c_w.l(_printf_oct_int_ll.o)
    0x08000c84   0x08000c84   0x00000044   Code   RO         4464    .text               c_w.l(rt_memclr.o)
    0x08000cc8   0x08000cc8   0x0000008a   Code   RO         4548    .text               c_w.l(lludiv10.o)
    0x08000d52   0x08000d52   0x0000041e   Code   RO         4550    .text               c_w.l(_printf_fp_dec.o)
    0x08001170   0x08001170   0x000002fc   Code   RO         4552    .text               c_w.l(_printf_fp_hex.o)
    0x0800146c   0x0800146c   0x0000002c   Code   RO         4557    .text               c_w.l(_printf_wchar.o)
    0x08001498   0x08001498   0x00000008   Code   RO         4559    .text               c_w.l(ferror.o)
    0x080014a0   0x080014a0   0x00000040   Code   RO         4563    .text               c_w.l(_wcrtomb.o)
    0x080014e0   0x080014e0   0x00000008   Code   RO         4571    .text               c_w.l(libspace.o)
    0x080014e8   0x080014e8   0x0000004a   Code   RO         4574    .text               c_w.l(sys_stackheap_outer.o)
    0x08001532   0x08001532   0x00000002   PAD
    0x08001534   0x08001534   0x00000010   Code   RO         4576    .text               c_w.l(rt_ctype_table.o)
    0x08001544   0x08001544   0x00000008   Code   RO         4583    .text               c_w.l(rt_locale_intlibspace.o)
    0x0800154c   0x0800154c   0x00000080   Code   RO         4585    .text               c_w.l(_printf_fp_infnan.o)
    0x080015cc   0x080015cc   0x000000e4   Code   RO         4587    .text               c_w.l(bigflt0.o)
    0x080016b0   0x080016b0   0x00000012   Code   RO         4615    .text               c_w.l(exit.o)
    0x080016c2   0x080016c2   0x00000002   PAD
    0x080016c4   0x080016c4   0x00000080   Code   RO         4638    .text               c_w.l(strcmpv7m.o)
    0x08001744   0x08001744   0x0000003e   Code   RO         4590    CL$$btod_d2e        c_w.l(btod.o)
    0x08001782   0x08001782   0x00000046   Code   RO         4592    CL$$btod_d2e_denorm_low  c_w.l(btod.o)
    0x080017c8   0x080017c8   0x00000060   Code   RO         4591    CL$$btod_d2e_norm_op1  c_w.l(btod.o)
    0x08001828   0x08001828   0x00000338   Code   RO         4600    CL$$btod_div_common  c_w.l(btod.o)
    0x08001b60   0x08001b60   0x000000dc   Code   RO         4597    CL$$btod_e2e        c_w.l(btod.o)
    0x08001c3c   0x08001c3c   0x0000002a   Code   RO         4594    CL$$btod_ediv       c_w.l(btod.o)
    0x08001c66   0x08001c66   0x0000002a   Code   RO         4593    CL$$btod_emul       c_w.l(btod.o)
    0x08001c90   0x08001c90   0x00000244   Code   RO         4599    CL$$btod_mult_common  c_w.l(btod.o)
    0x08001ed4   0x08001ed4   0x00000004   Code   RO         3162    i.BusFault_Handler  stm32f10x_it.o
    0x08001ed8   0x08001ed8   0x00000002   Code   RO         3163    i.DebugMon_Handler  stm32f10x_it.o
    0x08001eda   0x08001eda   0x00000116   Code   RO         1292    i.GPIO_Init         stm32f10x_gpio.o
    0x08001ff0   0x08001ff0   0x00000090   Code   RO         1294    i.GPIO_PinRemapConfig  stm32f10x_gpio.o
    0x08002080   0x08002080   0x00000004   Code   RO         1300    i.GPIO_SetBits      stm32f10x_gpio.o
    0x08002084   0x08002084   0x00000004   Code   RO         3164    i.HardFault_Handler  stm32f10x_it.o
    0x08002088   0x08002088   0x00000068   Code   RO         3276    i.MPU_Get_Temperature  mpu6050.o
    0x080020f0   0x080020f0   0x0000004c   Code   RO         3875    i.MPU_IIC_Ack       mpuiic.o
    0x0800213c   0x0800213c   0x0000000a   Code   RO         3876    i.MPU_IIC_Delay     mpuiic.o
    0x08002146   0x08002146   0x00000002   PAD
    0x08002148   0x08002148   0x00000038   Code   RO         3877    i.MPU_IIC_Init      mpuiic.o
    0x08002180   0x08002180   0x0000004c   Code   RO         3878    i.MPU_IIC_NAck      mpuiic.o
    0x080021cc   0x080021cc   0x0000006c   Code   RO         3879    i.MPU_IIC_Read_Byte  mpuiic.o
    0x08002238   0x08002238   0x0000005c   Code   RO         3880    i.MPU_IIC_Send_Byte  mpuiic.o
    0x08002294   0x08002294   0x00000048   Code   RO         3881    i.MPU_IIC_Start     mpuiic.o
    0x080022dc   0x080022dc   0x00000048   Code   RO         3882    i.MPU_IIC_Stop      mpuiic.o
    0x08002324   0x08002324   0x00000064   Code   RO         3883    i.MPU_IIC_Wait_Ack  mpuiic.o
    0x08002388   0x08002388   0x000000c0   Code   RO         3277    i.MPU_Init          mpu6050.o
    0x08002448   0x08002448   0x0000003a   Code   RO         3278    i.MPU_Read_Byte     mpu6050.o
    0x08002482   0x08002482   0x00000074   Code   RO         3279    i.MPU_Read_Len      mpu6050.o
    0x080024f6   0x080024f6   0x00000010   Code   RO         3280    i.MPU_Set_Accel_Fsr  mpu6050.o
    0x08002506   0x08002506   0x00000010   Code   RO         3281    i.MPU_Set_Gyro_Fsr  mpu6050.o
    0x08002516   0x08002516   0x0000003a   Code   RO         3282    i.MPU_Set_LPF       mpu6050.o
    0x08002550   0x08002550   0x0000003a   Code   RO         3283    i.MPU_Set_Rate      mpu6050.o
    0x0800258a   0x0800258a   0x00000044   Code   RO         3284    i.MPU_Write_Byte    mpu6050.o
    0x080025ce   0x080025ce   0x00000060   Code   RO         3285    i.MPU_Write_Len     mpu6050.o
    0x0800262e   0x0800262e   0x00000004   Code   RO         3165    i.MemManage_Handler  stm32f10x_it.o
    0x08002632   0x08002632   0x00000002   Code   RO         3166    i.NMI_Handler       stm32f10x_it.o
    0x08002634   0x08002634   0x00000070   Code   RO          137    i.NVIC_Init         misc.o
    0x080026a4   0x080026a4   0x00000014   Code   RO          138    i.NVIC_PriorityGroupConfig  misc.o
    0x080026b8   0x080026b8   0x00000002   Code   RO         3167    i.PendSV_Handler    stm32f10x_it.o
    0x080026ba   0x080026ba   0x00000002   PAD
    0x080026bc   0x080026bc   0x00000020   Code   RO         1708    i.RCC_APB1PeriphClockCmd  stm32f10x_rcc.o
    0x080026dc   0x080026dc   0x00000020   Code   RO         1709    i.RCC_APB1PeriphResetCmd  stm32f10x_rcc.o
    0x080026fc   0x080026fc   0x00000020   Code   RO         1710    i.RCC_APB2PeriphClockCmd  stm32f10x_rcc.o
    0x0800271c   0x0800271c   0x00000020   Code   RO         1711    i.RCC_APB2PeriphResetCmd  stm32f10x_rcc.o
    0x0800273c   0x0800273c   0x000000d4   Code   RO         1718    i.RCC_GetClocksFreq  stm32f10x_rcc.o
    0x08002810   0x08002810   0x00000002   Code   RO         3168    i.SVC_Handler       stm32f10x_it.o
    0x08002812   0x08002812   0x00000008   Code   RO           17    i.SetSysClock       system_stm32f10x.o
    0x0800281a   0x0800281a   0x00000002   PAD
    0x0800281c   0x0800281c   0x000000e0   Code   RO           18    i.SetSysClockTo72   system_stm32f10x.o
    0x080028fc   0x080028fc   0x00000028   Code   RO          141    i.SysTick_CLKSourceConfig  misc.o
    0x08002924   0x08002924   0x00000002   Code   RO         3169    i.SysTick_Handler   stm32f10x_it.o
    0x08002926   0x08002926   0x00000002   PAD
    0x08002928   0x08002928   0x00000060   Code   RO           20    i.SystemInit        system_stm32f10x.o
    0x08002988   0x08002988   0x00000038   Code   RO         4090    i.TIM4_IRQHandler   usmart.o
    0x080029c0   0x080029c0   0x00000034   Code   RO         4071    i.TIM7_IRQHandler   timer.o
    0x080029f4   0x080029f4   0x00000060   Code   RO         4072    i.TIM7_Int_Init     timer.o
    0x08002a54   0x08002a54   0x00000006   Code   RO         2336    i.TIM_ClearFlag     stm32f10x_tim.o
    0x08002a5a   0x08002a5a   0x00000006   Code   RO         2337    i.TIM_ClearITPendingBit  stm32f10x_tim.o
    0x08002a60   0x08002a60   0x00000018   Code   RO         2342    i.TIM_Cmd           stm32f10x_tim.o
    0x08002a78   0x08002a78   0x00000006   Code   RO         2361    i.TIM_GetCounter    stm32f10x_tim.o
    0x08002a7e   0x08002a7e   0x00000012   Code   RO         2362    i.TIM_GetFlagStatus  stm32f10x_tim.o
    0x08002a90   0x08002a90   0x00000022   Code   RO         2363    i.TIM_GetITStatus   stm32f10x_tim.o
    0x08002ab2   0x08002ab2   0x00000012   Code   RO         2367    i.TIM_ITConfig      stm32f10x_tim.o
    0x08002ac4   0x08002ac4   0x00000004   Code   RO         2401    i.TIM_SetAutoreload  stm32f10x_tim.o
    0x08002ac8   0x08002ac8   0x00000004   Code   RO         2407    i.TIM_SetCounter    stm32f10x_tim.o
    0x08002acc   0x08002acc   0x000000a4   Code   RO         2413    i.TIM_TimeBaseInit  stm32f10x_tim.o
    0x08002b70   0x08002b70   0x0000005c   Code   RO         4091    i.Timer4_Init       usmart.o
    0x08002bcc   0x08002bcc   0x00000088   Code   RO         3935    i.USART1_IRQHandler  usart.o
    0x08002c54   0x08002c54   0x00000070   Code   RO         4030    i.USART3_IRQHandler  usart3.o
    0x08002cc4   0x08002cc4   0x00000018   Code   RO         2878    i.USART_Cmd         stm32f10x_usart.o
    0x08002cdc   0x08002cdc   0x0000009c   Code   RO         2880    i.USART_DeInit      stm32f10x_usart.o
    0x08002d78   0x08002d78   0x0000001a   Code   RO         2881    i.USART_GetFlagStatus  stm32f10x_usart.o
    0x08002d92   0x08002d92   0x00000054   Code   RO         2882    i.USART_GetITStatus  stm32f10x_usart.o
    0x08002de6   0x08002de6   0x0000004a   Code   RO         2884    i.USART_ITConfig    stm32f10x_usart.o
    0x08002e30   0x08002e30   0x000000d8   Code   RO         2885    i.USART_Init        stm32f10x_usart.o
    0x08002f08   0x08002f08   0x0000000a   Code   RO         2892    i.USART_ReceiveData  stm32f10x_usart.o
    0x08002f12   0x08002f12   0x00000008   Code   RO         2895    i.USART_SendData    stm32f10x_usart.o
    0x08002f1a   0x08002f1a   0x00000004   Code   RO         3170    i.UsageFault_Handler  stm32f10x_it.o
    0x08002f1e   0x08002f1e   0x00000028   Code   RO         4511    i.__ARM_fpclassify  m_ws.l(fpclassify.o)
    0x08002f46   0x08002f46   0x0000000e   Code   RO         4310    i._is_digit         c_w.l(__printf_wp.o)
    0x08002f54   0x08002f54   0x00000006   Code   RO         3936    i._sys_exit         usart.o
    0x08002f5a   0x08002f5a   0x00000002   PAD
    0x08002f5c   0x08002f5c   0x000000ac   Code   RO         3356    i.accel_self_test   inv_mpu.o
    0x08003008   0x08003008   0x00000044   Code   RO         3976    i.delay_init        delay.o
    0x0800304c   0x0800304c   0x0000004c   Code   RO         3977    i.delay_ms          delay.o
    0x08003098   0x08003098   0x0000004c   Code   RO         3978    i.delay_us          delay.o
    0x080030e4   0x080030e4   0x0000003c   Code   RO         3686    i.dmp_enable_6x_lp_quat  inv_mpu_dmp_motion_driver.o
    0x08003120   0x08003120   0x0000021c   Code   RO         3687    i.dmp_enable_feature  inv_mpu_dmp_motion_driver.o
    0x0800333c   0x0800333c   0x00000058   Code   RO         3688    i.dmp_enable_gyro_cal  inv_mpu_dmp_motion_driver.o
    0x08003394   0x08003394   0x0000003c   Code   RO         3689    i.dmp_enable_lp_quat  inv_mpu_dmp_motion_driver.o
    0x080033d0   0x080033d0   0x00000018   Code   RO         3694    i.dmp_load_motion_driver_firmware  inv_mpu_dmp_motion_driver.o
    0x080033e8   0x080033e8   0x00000130   Code   RO         3698    i.dmp_set_accel_bias  inv_mpu_dmp_motion_driver.o
    0x08003518   0x08003518   0x00000070   Code   RO         3699    i.dmp_set_fifo_rate  inv_mpu_dmp_motion_driver.o
    0x08003588   0x08003588   0x00000130   Code   RO         3700    i.dmp_set_gyro_bias  inv_mpu_dmp_motion_driver.o
    0x080036b8   0x080036b8   0x00000138   Code   RO         3702    i.dmp_set_orientation  inv_mpu_dmp_motion_driver.o
    0x080037f0   0x080037f0   0x00000038   Code   RO         3705    i.dmp_set_shake_reject_thresh  inv_mpu_dmp_motion_driver.o
    0x08003828   0x08003828   0x00000026   Code   RO         3706    i.dmp_set_shake_reject_time  inv_mpu_dmp_motion_driver.o
    0x0800384e   0x0800384e   0x00000026   Code   RO         3707    i.dmp_set_shake_reject_timeout  inv_mpu_dmp_motion_driver.o
    0x08003874   0x08003874   0x00000046   Code   RO         3708    i.dmp_set_tap_axes  inv_mpu_dmp_motion_driver.o
    0x080038ba   0x080038ba   0x00000026   Code   RO         3709    i.dmp_set_tap_count  inv_mpu_dmp_motion_driver.o
    0x080038e0   0x080038e0   0x000001a0   Code   RO         3710    i.dmp_set_tap_thresh  inv_mpu_dmp_motion_driver.o
    0x08003a80   0x08003a80   0x00000026   Code   RO         3711    i.dmp_set_tap_time  inv_mpu_dmp_motion_driver.o
    0x08003aa6   0x08003aa6   0x00000026   Code   RO         3712    i.dmp_set_tap_time_multi  inv_mpu_dmp_motion_driver.o
    0x08003acc   0x08003acc   0x00000034   Code   RO         3225    i.esp8266_check_cmd  esp8266.o
    0x08003b00   0x08003b00   0x00000074   Code   RO         3227    i.esp8266_send_cmd  esp8266.o
    0x08003b74   0x08003b74   0x00000054   Code   RO         3229    i.esp8266_send_data_tcp  esp8266.o
    0x08003bc8   0x08003bc8   0x000000b8   Code   RO         3230    i.esp8266_start_trans  esp8266.o
    0x08003c80   0x08003c80   0x0000001c   Code   RO         3937    i.fputc             usart.o
    0x08003c9c   0x08003c9c   0x000000b4   Code   RO         3357    i.get_accel_prod_shift  inv_mpu.o
    0x08003d50   0x08003d50   0x00000470   Code   RO         3358    i.get_st_biases     inv_mpu.o
    0x080041c0   0x080041c0   0x00000118   Code   RO         3359    i.gyro_self_test    inv_mpu.o
    0x080042d8   0x080042d8   0x00000028   Code   RO         3360    i.inv_orientation_matrix_to_scalar  inv_mpu.o
    0x08004300   0x08004300   0x0000004e   Code   RO         3361    i.inv_row_2_scale   inv_mpu.o
    0x0800434e   0x0800434e   0x00000002   PAD
    0x08004350   0x08004350   0x00000088   Code   RO         3108    i.main              main.o
    0x080043d8   0x080043d8   0x00000070   Code   RO         3363    i.mpu_configure_fifo  inv_mpu.o
    0x08004448   0x08004448   0x000000a0   Code   RO         3365    i.mpu_dmp_init      inv_mpu.o
    0x080044e8   0x080044e8   0x0000004c   Code   RO         3366    i.mpu_get_accel_fsr  inv_mpu.o
    0x08004534   0x08004534   0x00000054   Code   RO         3368    i.mpu_get_accel_sens  inv_mpu.o
    0x08004588   0x08004588   0x00000010   Code   RO         3373    i.mpu_get_fifo_config  inv_mpu.o
    0x08004598   0x08004598   0x00000044   Code   RO         3374    i.mpu_get_gyro_fsr  inv_mpu.o
    0x080045dc   0x080045dc   0x00000050   Code   RO         3376    i.mpu_get_gyro_sens  inv_mpu.o
    0x0800462c   0x0800462c   0x00000050   Code   RO         3378    i.mpu_get_lpf       inv_mpu.o
    0x0800467c   0x0800467c   0x00000020   Code   RO         3380    i.mpu_get_sample_rate  inv_mpu.o
    0x0800469c   0x0800469c   0x000001f0   Code   RO         3382    i.mpu_init          inv_mpu.o
    0x0800488c   0x0800488c   0x000000b8   Code   RO         3383    i.mpu_load_firmware  inv_mpu.o
    0x08004944   0x08004944   0x000000e0   Code   RO         3384    i.mpu_lp_accel_mode  inv_mpu.o
    0x08004a24   0x08004a24   0x00000080   Code   RO         3388    i.mpu_read_mem      inv_mpu.o
    0x08004aa4   0x08004aa4   0x000001c8   Code   RO         3391    i.mpu_reset_fifo    inv_mpu.o
    0x08004c6c   0x08004c6c   0x0000011c   Code   RO         3392    i.mpu_run_self_test  inv_mpu.o
    0x08004d88   0x08004d88   0x00000084   Code   RO         3394    i.mpu_set_accel_fsr  inv_mpu.o
    0x08004e0c   0x08004e0c   0x0000014c   Code   RO         3395    i.mpu_set_bypass    inv_mpu.o
    0x08004f58   0x08004f58   0x00000090   Code   RO         3397    i.mpu_set_dmp_state  inv_mpu.o
    0x08004fe8   0x08004fe8   0x00000088   Code   RO         3398    i.mpu_set_gyro_fsr  inv_mpu.o
    0x08005070   0x08005070   0x0000006c   Code   RO         3399    i.mpu_set_int_latched  inv_mpu.o
    0x080050dc   0x080050dc   0x00000084   Code   RO         3401    i.mpu_set_lpf       inv_mpu.o
    0x08005160   0x08005160   0x0000009c   Code   RO         3402    i.mpu_set_sample_rate  inv_mpu.o
    0x080051fc   0x080051fc   0x000000d0   Code   RO         3403    i.mpu_set_sensors   inv_mpu.o
    0x080052cc   0x080052cc   0x00000080   Code   RO         3404    i.mpu_write_mem     inv_mpu.o
    0x0800534c   0x0800534c   0x00000006   Code   RO         4092    i.read_addr         usmart.o
    0x08005352   0x08005352   0x00000094   Code   RO         3405    i.run_self_test     inv_mpu.o
    0x080053e6   0x080053e6   0x00000002   PAD
    0x080053e8   0x080053e8   0x00000090   Code   RO         3406    i.set_int_enable    inv_mpu.o
    0x08005478   0x08005478   0x00000050   Code   RO         4031    i.u3_printf         usart3.o
    0x080054c8   0x080054c8   0x000000a0   Code   RO         3938    i.uart_init         usart.o
    0x08005568   0x08005568   0x000000d0   Code   RO         4032    i.usart3_init       usart3.o
    0x08005638   0x08005638   0x000000b0   Code   RO         4093    i.usmart_cmd_rec    usmart.o
    0x080056e8   0x080056e8   0x000002d4   Code   RO         4094    i.usmart_exe        usmart.o
    0x080059bc   0x080059bc   0x000000c8   Code   RO         4183    i.usmart_get_aparm  usmart_str.o
    0x08005a84   0x08005a84   0x00000036   Code   RO         4184    i.usmart_get_cmdname  usmart_str.o
    0x08005aba   0x08005aba   0x00000002   PAD
    0x08005abc   0x08005abc   0x000001c0   Code   RO         4185    i.usmart_get_fname  usmart_str.o
    0x08005c7c   0x08005c7c   0x0000010c   Code   RO         4186    i.usmart_get_fparam  usmart_str.o
    0x08005d88   0x08005d88   0x00000020   Code   RO         4187    i.usmart_get_parmpos  usmart_str.o
    0x08005da8   0x08005da8   0x00000044   Code   RO         4095    i.usmart_get_runtime  usmart.o
    0x08005dec   0x08005dec   0x00000028   Code   RO         4096    i.usmart_init       usmart.o
    0x08005e14   0x08005e14   0x00000016   Code   RO         4188    i.usmart_pow        usmart_str.o
    0x08005e2a   0x08005e2a   0x00000002   PAD
    0x08005e2c   0x08005e2c   0x00000030   Code   RO         4097    i.usmart_reset_runtime  usmart.o
    0x08005e5c   0x08005e5c   0x000000bc   Code   RO         4098    i.usmart_scan       usmart.o
    0x08005f18   0x08005f18   0x00000016   Code   RO         4189    i.usmart_search_nextc  usmart_str.o
    0x08005f2e   0x08005f2e   0x000000ca   Code   RO         4190    i.usmart_str2num    usmart_str.o
    0x08005ff8   0x08005ff8   0x00000022   Code   RO         4191    i.usmart_strcmp     usmart_str.o
    0x0800601a   0x0800601a   0x00000016   Code   RO         4192    i.usmart_strcopy    usmart_str.o
    0x08006030   0x08006030   0x00000018   Code   RO         4193    i.usmart_strlen     usmart_str.o
    0x08006048   0x08006048   0x000006e4   Code   RO         4099    i.usmart_sys_cmd_exe  usmart.o
    0x0800672c   0x0800672c   0x00000004   Code   RO         4100    i.write_addr        usmart.o
    0x08006730   0x08006730   0x0000002c   Code   RO         4613    locale$$code        c_w.l(lc_numeric_c.o)
    0x0800675c   0x0800675c   0x0000002c   Code   RO         4632    locale$$code        c_w.l(lc_ctype_c.o)
    0x08006788   0x08006788   0x00000062   Code   RO         4342    x$fpl$d2f           fz_ws.l(d2f.o)
    0x080067ea   0x080067ea   0x00000002   PAD
    0x080067ec   0x080067ec   0x00000150   Code   RO         4344    x$fpl$dadd          fz_ws.l(daddsub_clz.o)
    0x0800693c   0x0800693c   0x000002b0   Code   RO         4351    x$fpl$ddiv          fz_ws.l(ddiv.o)
    0x08006bec   0x08006bec   0x0000002e   Code   RO         4355    x$fpl$dflt          fz_ws.l(dflt_clz.o)
    0x08006c1a   0x08006c1a   0x0000009c   Code   RO         4466    x$fpl$dnaninf       fz_ws.l(dnaninf.o)
    0x08006cb6   0x08006cb6   0x0000000c   Code   RO         4468    x$fpl$dretinf       fz_ws.l(dretinf.o)
    0x08006cc2   0x08006cc2   0x00000002   PAD
    0x08006cc4   0x08006cc4   0x000001d4   Code   RO         4346    x$fpl$dsub          fz_ws.l(daddsub_clz.o)
    0x08006e98   0x08006e98   0x000000c4   Code   RO         4364    x$fpl$fadd          fz_ws.l(faddsub_clz.o)
    0x08006f5c   0x08006f5c   0x00000018   Code   RO         4470    x$fpl$fcmpinf       fz_ws.l(fcmpi.o)
    0x08006f74   0x08006f74   0x00000184   Code   RO         4371    x$fpl$fdiv          fz_ws.l(fdiv.o)
    0x080070f8   0x080070f8   0x00000068   Code   RO         4374    x$fpl$feqf          fz_ws.l(feqf.o)
    0x08007160   0x08007160   0x00000036   Code   RO         4376    x$fpl$ffix          fz_ws.l(ffix.o)
    0x08007196   0x08007196   0x00000002   PAD
    0x08007198   0x08007198   0x0000003e   Code   RO         4380    x$fpl$ffixu         fz_ws.l(ffixu.o)
    0x080071d6   0x080071d6   0x00000002   PAD
    0x080071d8   0x080071d8   0x00000030   Code   RO         4385    x$fpl$fflt          fz_ws.l(fflt_clz.o)
    0x08007208   0x08007208   0x00000026   Code   RO         4384    x$fpl$ffltu         fz_ws.l(fflt_clz.o)
    0x0800722e   0x0800722e   0x00000002   PAD
    0x08007230   0x08007230   0x00000068   Code   RO         4390    x$fpl$fleqf         fz_ws.l(fleqf.o)
    0x08007298   0x08007298   0x00000102   Code   RO         4392    x$fpl$fmul          fz_ws.l(fmul.o)
    0x0800739a   0x0800739a   0x0000008c   Code   RO         4472    x$fpl$fnaninf       fz_ws.l(fnaninf.o)
    0x08007426   0x08007426   0x0000000a   Code   RO         4474    x$fpl$fretinf       fz_ws.l(fretinf.o)
    0x08007430   0x08007430   0x00000062   Code   RO         4394    x$fpl$frleqf        fz_ws.l(frleqf.o)
    0x08007492   0x08007492   0x00000002   PAD
    0x08007494   0x08007494   0x000000ea   Code   RO         4366    x$fpl$fsub          fz_ws.l(faddsub_clz.o)
    0x0800757e   0x0800757e   0x00000004   Code   RO         4476    x$fpl$printf1       fz_ws.l(printf1.o)
    0x08007582   0x08007582   0x00000004   Code   RO         4478    x$fpl$printf2       fz_ws.l(printf2.o)
    0x08007586   0x08007586   0x00000000   Code   RO         4486    x$fpl$usenofp       fz_ws.l(usenofp.o)
    0x08007586   0x08007586   0x00000002   PAD
    0x08007588   0x08007588   0x0000006c   Data   RO         3109    .constdata          main.o
    0x080075f4   0x080075f4   0x00000050   Data   RO         3408    .constdata          inv_mpu.o
    0x08007644   0x08007644   0x00000bf6   Data   RO         3714    .constdata          inv_mpu_dmp_motion_driver.o
    0x0800823a   0x0800823a   0x00000028   Data   RO         4298    .constdata          c_w.l(_printf_hex_int_ll_ptr.o)
    0x08008262   0x08008262   0x00000011   Data   RO         4318    .constdata          c_w.l(__printf_flags_ss_wp.o)
    0x08008273   0x08008273   0x00000001   PAD
    0x08008274   0x08008274   0x00000008   Data   RO         4436    .constdata          c_w.l(_printf_wctomb.o)
    0x0800827c   0x0800827c   0x00000026   Data   RO         4553    .constdata          c_w.l(_printf_fp_hex.o)
    0x080082a2   0x080082a2   0x00000002   PAD
    0x080082a4   0x080082a4   0x00000094   Data   RO         4588    .constdata          c_w.l(bigflt0.o)
    0x08008338   0x08008338   0x0000004d   Data   RO         3409    .conststring        inv_mpu.o
    0x08008385   0x08008385   0x00000003   PAD
    0x08008388   0x08008388   0x00000028   Data   RO         4101    .conststring        usmart.o
    0x080083b0   0x080083b0   0x000000cb   Data   RO         4170    .conststring        usmart_config.o
    0x0800847b   0x0800847b   0x00000001   PAD
    0x0800847c   0x0800847c   0x00000020   Data   RO         4760    Region$$Table       anon$$obj.o
    0x0800849c   0x0800849c   0x0000001c   Data   RO         4612    locale$$data        c_w.l(lc_numeric_c.o)
    0x080084b8   0x080084b8   0x00000110   Data   RO         4631    locale$$data        c_w.l(lc_ctype_c.o)


    Execution Region RW_IRAM1 (Exec base: 0x20000000, Load base: 0x080085c8, Size: 0x00000da0, Max: 0x00010000, ABSOLUTE, COMPRESSED[0x00000088])

    Exec Addr    Load Addr    Size         Type   Attr      Idx    E Section Name        Object

    0x20000000   COMPRESSED   0x00000014   Data   RW           21    .data               system_stm32f10x.o
    0x20000014   COMPRESSED   0x00000014   Data   RW         1738    .data               stm32f10x_rcc.o
    0x20000028   COMPRESSED   0x00000035   Data   RW         3410    .data               inv_mpu.o
    0x2000005d   COMPRESSED   0x00000003   PAD
    0x20000060   COMPRESSED   0x00000006   Data   RW         3940    .data               usart.o
    0x20000066   COMPRESSED   0x00000004   Data   RW         3979    .data               delay.o
    0x2000006a   COMPRESSED   0x00000002   Data   RW         4034    .data               usart3.o
    0x2000006c   COMPRESSED   0x0000001c   Data   RW         4102    .data               usmart.o
    0x20000088   COMPRESSED   0x0000012c   Data   RW         4171    .data               usmart_config.o
    0x200001b4        -       0x00000010   Zero   RW         3713    .bss                inv_mpu_dmp_motion_driver.o
    0x200001c4        -       0x000000c8   Zero   RW         3939    .bss                usart.o
    0x2000028c        -       0x000004b0   Zero   RW         4033    .bss                usart3.o
    0x2000073c        -       0x00000060   Zero   RW         4572    .bss                c_w.l(libspace.o)
    0x2000079c   COMPRESSED   0x00000004   PAD
    0x200007a0        -       0x00000200   Zero   RW          131    HEAP                startup_stm32f10x_hd.o
    0x200009a0        -       0x00000400   Zero   RW          130    STACK               startup_stm32f10x_hd.o


==============================================================================

Image component sizes


      Code (inc. data)   RO Data    RW Data    ZI Data      Debug   Object Name

         0          0          0          0          0       4556   core_cm3.o
       220         26          0          4          0       1655   delay.o
       436        156          0          0          0       3089   esp8266.o
      6134        282        157         53          0      33023   inv_mpu.o
      2536        112       3062          0         16      18614   inv_mpu_dmp_motion_driver.o
       136         18        108          0          0        683   main.o
       172         22          0          0          0       2025   misc.o
       782         30          0          0          0       6825   mpu6050.o
       662        100          0          0          0       4690   mpuiic.o
        64         26        304          0       1536        812   startup_stm32f10x_hd.o
       426          6          0          0          0       3293   stm32f10x_gpio.o
        26          0          0          0          0       3562   stm32f10x_it.o
       340         44          0         20          0       5456   stm32f10x_rcc.o
       284         42          0          0          0       6020   stm32f10x_tim.o
       598         28          0          0          0       6556   stm32f10x_usart.o
       328         28          0         20          0     250329   system_stm32f10x.o
       148         16          0          0          0       1094   timer.o
       330         26          0          6        200       4172   usart.o
       400         42          0          2       1200       3334   usart3.o
      3166       1330         40         28          0       7478   usmart.o
         0          0        203        300          0       1660   usmart_config.o
      1328         20          0          0          0       8385   usmart_str.o

    ----------------------------------------------------------------------
     18534       2354       3910        436       2952     377311   Object Totals
         0          0         32          0          0          0   (incl. Generated)
        18          0          4          3          0          0   (incl. Padding)

    ----------------------------------------------------------------------

      Code (inc. data)   RO Data    RW Data    ZI Data      Debug   Library Member Name

        24          4          0          0          0         84   __2printf.o
        44          6          0          0          0         84   __2sprintf.o
        90          0          0          0          0          0   __dczerorl2.o
         8          0          0          0          0         68   __main.o
       392          4         17          0          0         92   __printf_flags_ss_wp.o
        14          0          0          0          0         68   __printf_wp.o
         0          0          0          0          0          0   __rtentry.o
        12          0          0          0          0          0   __rtentry2.o
         6          0          0          0          0          0   __rtentry4.o
        52          8          0          0          0          0   __scatter.o
        28          0          0          0          0          0   __scatter_zi.o
         6          0          0          0          0          0   _printf_a.o
         6          0          0          0          0          0   _printf_c.o
        44          0          0          0          0        108   _printf_char.o
        48          6          0          0          0         96   _printf_char_common.o
        36          4          0          0          0         80   _printf_char_file.o
        40          0          0          0          0         68   _printf_charcount.o
         6          0          0          0          0          0   _printf_d.o
       120         16          0          0          0         92   _printf_dec.o
         6          0          0          0          0          0   _printf_e.o
         6          0          0          0          0          0   _printf_f.o
      1054          0          0          0          0        216   _printf_fp_dec.o
       764          8         38          0          0        100   _printf_fp_hex.o
       128         16          0          0          0         84   _printf_fp_infnan.o
         6          0          0          0          0          0   _printf_g.o
       148          4         40          0          0        160   _printf_hex_int_ll_ptr.o
         6          0          0          0          0          0   _printf_i.o
       178          0          0          0          0         88   _printf_intcommon.o
        10          0          0          0          0          0   _printf_l.o
         6          0          0          0          0          0   _printf_lc.o
        10          0          0          0          0          0   _printf_ll.o
         6          0          0          0          0          0   _printf_lld.o
         6          0          0          0          0          0   _printf_lli.o
         6          0          0          0          0          0   _printf_llo.o
         6          0          0          0          0          0   _printf_llu.o
         6          0          0          0          0          0   _printf_llx.o
       124         16          0          0          0         92   _printf_longlong_dec.o
         6          0          0          0          0          0   _printf_ls.o
         6          0          0          0          0          0   _printf_n.o
         6          0          0          0          0          0   _printf_o.o
       112         10          0          0          0        124   _printf_oct_int_ll.o
         6          0          0          0          0          0   _printf_p.o
        78          0          0          0          0        108   _printf_pad.o
         0          0          0          0          0          0   _printf_percent.o
         4          0          0          0          0          0   _printf_percent_end.o
         6          0          0          0          0          0   _printf_s.o
        82          0          0          0          0         80   _printf_str.o
        36          0          0          0          0         84   _printf_truncate.o
         6          0          0          0          0          0   _printf_u.o
        44          0          0          0          0        108   _printf_wchar.o
       188          6          8          0          0         92   _printf_wctomb.o
         6          0          0          0          0          0   _printf_x.o
        10          0          0          0          0         68   _sputc.o
        64          0          0          0          0         92   _wcrtomb.o
        16          0          0          0          0         68   aeabi_memset.o
       228          4        148          0          0         96   bigflt0.o
      1936        128          0          0          0        672   btod.o
        18          0          0          0          0         80   exit.o
         8          0          0          0          0         68   ferror.o
         6          0          0          0          0        152   heapauxi.o
        44         10        272          0          0         76   lc_ctype_c.o
        44         10         28          0          0         76   lc_numeric_c.o
         2          0          0          0          0          0   libinit.o
        30          0          0          0          0          0   libinit2.o
         2          0          0          0          0          0   libshutdown.o
         2          0          0          0          0          0   libshutdown2.o
         8          4          0          0         96         68   libspace.o
        72          0          0          0          0         76   llsdiv.o
       138          0          0          0          0         80   lludiv10.o
       238          0          0          0          0        100   lludivv7m.o
        88          0          0          0          0         76   memcmp.o
        16          4          0          0          0         76   rt_ctype_table.o
         8          4          0          0          0         68   rt_locale_intlibspace.o
        68          0          0          0          0         68   rt_memclr.o
        78          0          0          0          0         80   rt_memclr_w.o
       100          0          0          0          0         80   rt_memcpy_w.o
         2          0          0          0          0          0   rtexit.o
        10          0          0          0          0          0   rtexit2.o
       128          0          0          0          0         68   strcmpv7m.o
        62          0          0          0          0         76   strlen.o
        36          0          0          0          0         80   strstr.o
        74          0          0          0          0         80   sys_stackheap_outer.o
         2          0          0          0          0         68   use_no_semi.o
         2          0          0          0          0         68   use_no_semi_2.o
        36          4          0          0          0         76   vsprintf.o
        98          4          0          0          0         92   d2f.o
       804         16          0          0          0        272   daddsub_clz.o
       688        140          0          0          0        208   ddiv.o
        46          0          0          0          0         68   dflt_clz.o
       156          4          0          0          0         92   dnaninf.o
        12          0          0          0          0         68   dretinf.o
       430          8          0          0          0        168   faddsub_clz.o
        24          0          0          0          0         68   fcmpi.o
       388         76          0          0          0         96   fdiv.o
       104          4          0          0          0         84   feqf.o
        54          4          0          0          0         84   ffix.o
        62          4          0          0          0         84   ffixu.o
        86          0          0          0          0        136   fflt_clz.o
       104          4          0          0          0         84   fleqf.o
       258          4          0          0          0         84   fmul.o
       140          4          0          0          0         84   fnaninf.o
        10          0          0          0          0         68   fretinf.o
        98          0          0          0          0         68   frleqf.o
         4          0          0          0          0         68   printf1.o
         4          0          0          0          0         68   printf2.o
         0          0          0          0          0          0   usenofp.o
        40          0          0          0          0         68   fpclassify.o

    ----------------------------------------------------------------------
     11250        548        554          0        100       7024   Library Totals
        26          0          3          0          4          0   (incl. Padding)

    ----------------------------------------------------------------------

      Code (inc. data)   RO Data    RW Data    ZI Data      Debug   Library Name

      7614        276        551          0         96       4912   c_w.l
      3570        272          0          0          0       2044   fz_ws.l
        40          0          0          0          0         68   m_ws.l

    ----------------------------------------------------------------------
     11250        548        554          0        100       7024   Library Totals

    ----------------------------------------------------------------------

==============================================================================


      Code (inc. data)   RO Data    RW Data    ZI Data      Debug   

     29784       2902       4464        436       3052     372839   Grand Totals
     29784       2902       4464        136       3052     372839   ELF Image Totals (compressed)
     29784       2902       4464        136          0          0   ROM Totals

==============================================================================

    Total RO  Size (Code + RO Data)                34248 (  33.45kB)
    Total RW  Size (RW Data + ZI Data)              3488 (   3.41kB)
    Total ROM Size (Code + RO Data + RW Data)      34384 (  33.58kB)

==============================================================================

